<html>
<body>
<pre>
<h1>礦ision Build Log</h1>
<h2>Tool Versions:</h2>
IDE-Version: μVision V5.27.1.0
Copyright (C) 2019 ARM Ltd and ARM Germany GmbH. All rights reserved.
License Information: ab sdf, ab, LIC=VGXG8-3K6RJ-MMZ9I-TBDVJ-Q66JU-EPQ4Q
 
Tool Versions:
Toolchain:       MDK-ARM Plus  Version: 5.27.1.0
Toolchain Path:  G:\Programming\Keil4\ARM\ARMCC\Bin
C Compiler:      Armcc.exe V5.06 update 6 (build 750)
Assembler:       Armasm.exe V5.06 update 6 (build 750)
Linker/Locator:  ArmLink.exe V5.06 update 6 (build 750)
Library Manager: ArmAr.exe V5.06 update 6 (build 750)
Hex Converter:   FromElf.exe V5.06 update 6 (build 750)
CPU DLL:         SARMCM3.DLL V5.27.1.0
Dialog DLL:      DCM.DLL V1.17.2.0
Target DLL:      CMSIS_AGDI.dll V1.31.17.0
Dialog DLL:      TCM.DLL V1.36.1.0
 
<h2>Project:</h2>
D:\Programming\GITHUB\Data_transmit_system_GD32F303\udp_com\project\template.uvprojx
Project File Date:  06/17/2023

<h2>Output:</h2>
*** Using Compiler 'V5.06 update 6 (build 750)', folder: 'G:\Programming\Keil4\ARM\ARMCC\Bin'
Build target 'Target 1'
compiling gd32f30x_crc.c...
compiling gd32f30x_bkp.c...
compiling system_gd32f30x.c...
compiling gd32f30x_enet.c...
compiling gd32f30x_adc.c...
compiling gd32f30x_ctc.c...
compiling gd32f30x_dac.c...
compiling gd32f30x_dma.c...
compiling gd32f30x_dbg.c...
compiling gd32f30x_exmc.c...
compiling gd32f30x_can.c...
compiling gd32f30x_fwdgt.c...
compiling gd32f30x_misc.c...
compiling gd32f30x_pmu.c...
compiling gd32f30x_exti.c...
compiling gd32f30x_gpio.c...
compiling gd32f30x_rtc.c...
compiling gd32f30x_sdio.c...
compiling gd32f30x_spi.c...
compiling gd32f30x_i2c.c...
compiling gd32f30x_fmc.c...
compiling gd32f30x_rcu.c...
compiling gd32f30x_wwdgt.c...
compiling systick.c...
compiling bsp_gpio.c...
..\bsp\bsp_gpio.c(21): warning:  #1-D: last line of file ends without a newline
  }
..\bsp\bsp_gpio.c: 1 warning, 0 errors
compiling gd32f30x_it.c...
..\User\address_setting.h(26): warning:  #1-D: last line of file ends without a newline
  #endif /* _ADDRESS_SETTING_H__ */																	 
..\User\gd32f30x_it.c: 1 warning, 0 errors
compiling bsp_usart.c...
compiling gd32f30x_usart.c...
compiling gd25qxx.c...
compiling main.c...
..\User\address_setting.h(26): warning:  #1-D: last line of file ends without a newline
  #endif /* _ADDRESS_SETTING_H__ */																	 
..\User\main.c(24): warning:  #188-D: enumerated type mixed with another type
  	adc_init(adc_freq);
..\User\main.c: 2 warnings, 0 errors
compiling address_setting.c...
..\User\address_setting.h(26): warning:  #1-D: last line of file ends without a newline
  #endif /* _ADDRESS_SETTING_H__ */																	 
..\User\address_setting.h(26): warning:  #1-D: last line of file ends without a newline
  #endif /* _ADDRESS_SETTING_H__ */																	 
..\User\address_setting.c: 2 warnings, 0 errors
compiling bsp_adc.c...
..\User\address_setting.h(26): warning:  #1-D: last line of file ends without a newline
  #endif /* _ADDRESS_SETTING_H__ */																	 
..\bsp\bsp_adc.c: 1 warning, 0 errors
compiling gd32f30x_timer.c...
compiling bsp_rcu_clk.c...
compiling dhcp.c...
compiling socket.c...
compiling w5500.c...
compiling utility.c...
..\User\Ethernet\utility.c(376): warning:  #186-D: pointless comparison of unsigned integer with zero
      if((bHex>=0)&&(bHex<=9))
..\User\Ethernet\utility.c: 1 warning, 0 errors
compiling udp.c...
..\User\address_setting.h(26): warning:  #1-D: last line of file ends without a newline
  #endif /* _ADDRESS_SETTING_H__ */																	 
..\User\Ethernet\udp.c(93): warning:  #188-D: enumerated type mixed with another type
  				timer_config(adc_freq);																						/*重新设置定时器，改变采样频率*/
..\User\Ethernet\udp.c: 2 warnings, 0 errors
compiling tcp.c...
..\User\address_setting.h(26): warning:  #1-D: last line of file ends without a newline
  #endif /* _ADDRESS_SETTING_H__ */																	 
..\User\Ethernet\tcp.c: 1 warning, 0 errors
compiling w5500_conf.c...
..\User\address_setting.h(26): warning:  #1-D: last line of file ends without a newline
  #endif /* _ADDRESS_SETTING_H__ */																	 
..\User\Ethernet\w5500_conf.c(309): warning:  #177-D: variable "idx"  was declared but never referenced
     uint16 idx = 0;
..\User\Ethernet\w5500_conf.c: 2 warnings, 0 errors
linking...
Program Size: Code=10472 RO-data=336 RW-data=1024 ZI-data=16488  
FromELF: creating hex file...
".\Objects\template.axf" - 0 Error(s), 13 Warning(s).

<h2>Software Packages used:</h2>

Package Vendor: ARM
                http://www.keil.com/pack/ARM.CMSIS.5.5.1.pack
                ARM.CMSIS.5.5.1
                CMSIS (Cortex Microcontroller Software Interface Standard)
   * Component: CORE Version: 5.2.0

Package Vendor: GigaDevice
                https://gd32mcu.com/data/documents/pack/GigaDevice.GD32F30x_DFP.2.2.1.pack
                GigaDevice.GD32F30x_DFP.2.2.1
                GigaDevice GD32F30x Series Device Support and Examples

<h2>Collection of Component include folders:</h2>
  .\RTE\_Target_1
  G:\Programming\Keil4\ARM\CMSIS\5.5.1\CMSIS\Core\Include
  G:\Programming\Keil4\GigaDevice\GD32F30x_DFP\2.2.1\Device\Include

<h2>Collection of Component Files used:</h2>

   * Component: ARM::CMSIS:CORE:5.2.0
Build Time Elapsed:  00:00:06
</pre>
</body>
</html>
