<html>
<body>
<pre>
<h1>µVision Build Log</h1>
<h2>Tool Versions:</h2>
IDE-Version: ¦ÌVision V5.27.1.0
Copyright (C) 2019 ARM Ltd and ARM Germany GmbH. All rights reserved.
License Information: ab sdf, ab, LIC=VGXG8-3K6RJ-MMZ9I-TBDVJ-Q66JU-EPQ4Q
 
Tool Versions:
Toolchain:       MDK-ARM Plus  Version: 5.27.1.0
Toolchain Path:  G:\Programming\Keil4\ARM\ARMCC\Bin
C Compiler:      Armcc.exe V5.06 update 6 (build 750)
Assembler:       Armasm.exe V5.06 update 6 (build 750)
Linker/Locator:  ArmLink.exe V5.06 update 6 (build 750)
Library Manager: ArmAr.exe V5.06 update 6 (build 750)
Hex Converter:   FromElf.exe V5.06 update 6 (build 750)
CPU DLL:         SARMCM3.DLL V5.27.1.0
Dialog DLL:      DCM.DLL V1.17.2.0
Target DLL:      CMSIS_AGDI.dll V1.31.17.0
Dialog DLL:      TCM.DLL V1.36.1.0
 
<h2>Project:</h2>
D:\Programming\GITHUB\Data_transmit_system_GD32F303\code\project\template.uvprojx
Project File Date:  04/27/2023

<h2>Output:</h2>
*** Using Compiler 'V5.06 update 6 (build 750)', folder: 'G:\Programming\Keil4\ARM\ARMCC\Bin'
Build target 'Target 1'
compiling gd32f30x_it.c...
..\User\address_setting.h(29): warning:  #1-D: last line of file ends without a newline
  																	 
..\User\gd32f30x_it.c(163): warning:  #223-D: function "memcpy" declared implicitly
  				memcpy(cache_data+64*count,adc_value,64);
..\User\gd32f30x_it.c(168): warning:  #223-D: function "memcpy" declared implicitly
  				memcpy(buffer,cache_data,4096);
..\User\gd32f30x_it.c: 3 warnings, 0 errors
compiling main.c...
..\User\address_setting.h(29): warning:  #1-D: last line of file ends without a newline
  																	 
..\User\main.c(44): warning:  #111-D: statement is unreachable
  	return 0;
..\User\main.c: 2 warnings, 0 errors
compiling bsp_adc.c...
..\User\address_setting.h(29): warning:  #1-D: last line of file ends without a newline
  																	 
..\bsp\bsp_adc.c: 1 warning, 0 errors
linking...
Program Size: Code=8692 RO-data=336 RW-data=1036 ZI-data=10468  
FromELF: creating hex file...
".\Objects\template.axf" - 0 Error(s), 6 Warning(s).

<h2>Software Packages used:</h2>

Package Vendor: ARM
                http://www.keil.com/pack/ARM.CMSIS.5.5.1.pack
                ARM.CMSIS.5.5.1
                CMSIS (Cortex Microcontroller Software Interface Standard)
   * Component: CORE Version: 5.2.0

Package Vendor: GigaDevice
                https://gd32mcu.com/data/documents/pack/GigaDevice.GD32F30x_DFP.2.2.1.pack
                GigaDevice.GD32F30x_DFP.2.2.1
                GigaDevice GD32F30x Series Device Support and Examples

<h2>Collection of Component include folders:</h2>
  .\RTE\_Target_1
  G:\Programming\Keil4\ARM\CMSIS\5.5.1\CMSIS\Core\Include
  G:\Programming\Keil4\GigaDevice\GD32F30x_DFP\2.2.1\Device\Include

<h2>Collection of Component Files used:</h2>

   * Component: ARM::CMSIS:CORE:5.2.0
Build Time Elapsed:  00:00:03
</pre>
</body>
</html>
