Component: ARM Compiler 5.06 update 6 (build 750) Tool: armlink [4d35ed]

==============================================================================

Section Cross References

    gd32f30x_it.o(i.BusFault_Handler) refers to segger_rtt_printf.o(i.SEGGER_RTT_printf) for SEGGER_RTT_printf
    gd32f30x_it.o(i.BusFault_Handler) refers to gd32f30x_it.o(.constdata) for .constdata
    gd32f30x_it.o(i.HardFault_Handler) refers to segger_rtt_printf.o(i.SEGGER_RTT_printf) for SEGGER_RTT_printf
    gd32f30x_it.o(i.HardFault_Handler) refers to gd32f30x_it.o(.constdata) for .constdata
    gd32f30x_it.o(i.MemManage_Handler) refers to segger_rtt_printf.o(i.SEGGER_RTT_printf) for SEGGER_RTT_printf
    gd32f30x_it.o(i.MemManage_Handler) refers to gd32f30x_it.o(.constdata) for .constdata
    gd32f30x_it.o(i.NMI_Handler) refers to segger_rtt_printf.o(i.SEGGER_RTT_printf) for SEGGER_RTT_printf
    gd32f30x_it.o(i.NMI_Handler) refers to gd32f30x_it.o(.constdata) for .constdata
    gd32f30x_it.o(i.PendSV_Handler) refers to port.o(.emb_text) for xPortPendSVHandler
    gd32f30x_it.o(i.SVC_Handler) refers to port.o(.emb_text) for vPortSVCHandler
    gd32f30x_it.o(i.SysTick_Handler) refers to port.o(i.xPortSysTickHandler) for xPortSysTickHandler
    gd32f30x_it.o(i.SysTick_Handler) refers to systick.o(i.delay_decrement) for delay_decrement
    gd32f30x_it.o(i.UsageFault_Handler) refers to segger_rtt_printf.o(i.SEGGER_RTT_printf) for SEGGER_RTT_printf
    gd32f30x_it.o(i.UsageFault_Handler) refers to gd32f30x_it.o(.constdata) for .constdata
    main.o(i.main) refers to bsp_delay.o(i.delay_init) for delay_init
    main.o(i.main) refers to bsp_usart.o(i.uart_printf_init) for uart_printf_init
    main.o(i.main) refers to bsp_adc.o(i.adc_init) for adc_init
    main.o(i.main) refers to osal.o(i.OS_Init) for OS_Init
    main.o(i.main) refers to system.o(i.system_init) for system_init
    main.o(i.main) refers to osal.o(i.OS_StartScheduler) for OS_StartScheduler
    main.o(i.main) refers to segger_rtt_printf.o(i.SEGGER_RTT_printf) for SEGGER_RTT_printf
    systick.o(i.delay_1ms) refers to systick.o(.data) for .data
    systick.o(i.delay_decrement) refers to systick.o(.data) for .data
    systick.o(i.systick_config) refers to systick.o(i.NVIC_SetPriority) for NVIC_SetPriority
    systick.o(i.systick_config) refers to system_gd32f30x.o(.data) for SystemCoreClock
    system_gd32f30x.o(i.SystemCoreClockUpdate) refers to system_gd32f30x.o(.data) for .data
    system_gd32f30x.o(i.SystemInit) refers to system_gd32f30x.o(i.system_clock_120m_hxtal) for system_clock_120m_hxtal
    gd32f30x_adc.o(i.adc_deinit) refers to gd32f30x_rcu.o(i.rcu_periph_reset_enable) for rcu_periph_reset_enable
    gd32f30x_adc.o(i.adc_deinit) refers to gd32f30x_rcu.o(i.rcu_periph_reset_disable) for rcu_periph_reset_disable
    gd32f30x_bkp.o(i.bkp_deinit) refers to gd32f30x_rcu.o(i.rcu_bkp_reset_enable) for rcu_bkp_reset_enable
    gd32f30x_bkp.o(i.bkp_deinit) refers to gd32f30x_rcu.o(i.rcu_bkp_reset_disable) for rcu_bkp_reset_disable
    gd32f30x_can.o(i.can_debug_freeze_disable) refers to gd32f30x_dbg.o(i.dbg_periph_enable) for dbg_periph_enable
    gd32f30x_can.o(i.can_debug_freeze_enable) refers to gd32f30x_dbg.o(i.dbg_periph_enable) for dbg_periph_enable
    gd32f30x_can.o(i.can_deinit) refers to gd32f30x_rcu.o(i.rcu_periph_reset_enable) for rcu_periph_reset_enable
    gd32f30x_can.o(i.can_deinit) refers to gd32f30x_rcu.o(i.rcu_periph_reset_disable) for rcu_periph_reset_disable
    gd32f30x_can.o(i.can_interrupt_flag_get) refers to gd32f30x_can.o(i.can_receive_message_length_get) for can_receive_message_length_get
    gd32f30x_can.o(i.can_interrupt_flag_get) refers to gd32f30x_can.o(i.can_error_get) for can_error_get
    gd32f30x_ctc.o(i.ctc_deinit) refers to gd32f30x_rcu.o(i.rcu_periph_reset_enable) for rcu_periph_reset_enable
    gd32f30x_ctc.o(i.ctc_deinit) refers to gd32f30x_rcu.o(i.rcu_periph_reset_disable) for rcu_periph_reset_disable
    gd32f30x_dac.o(i.dac_deinit) refers to gd32f30x_rcu.o(i.rcu_periph_reset_enable) for rcu_periph_reset_enable
    gd32f30x_dac.o(i.dac_deinit) refers to gd32f30x_rcu.o(i.rcu_periph_reset_disable) for rcu_periph_reset_disable
    gd32f30x_dma.o(i.dma_channel_disable) refers to gd32f30x_dma.o(i.dma_periph_and_channel_check) for dma_periph_and_channel_check
    gd32f30x_dma.o(i.dma_channel_enable) refers to gd32f30x_dma.o(i.dma_periph_and_channel_check) for dma_periph_and_channel_check
    gd32f30x_dma.o(i.dma_circulation_disable) refers to gd32f30x_dma.o(i.dma_periph_and_channel_check) for dma_periph_and_channel_check
    gd32f30x_dma.o(i.dma_circulation_enable) refers to gd32f30x_dma.o(i.dma_periph_and_channel_check) for dma_periph_and_channel_check
    gd32f30x_dma.o(i.dma_deinit) refers to gd32f30x_dma.o(i.dma_periph_and_channel_check) for dma_periph_and_channel_check
    gd32f30x_dma.o(i.dma_init) refers to gd32f30x_dma.o(i.dma_periph_and_channel_check) for dma_periph_and_channel_check
[...]
    i.SEGGER_RTT_printf                      0x08000b00   Section        0  segger_rtt_printf.o(i.SEGGER_RTT_printf)
    i.SEGGER_RTT_vprintf                     0x08000b16   Section        0  segger_rtt_printf.o(i.SEGGER_RTT_vprintf)
    i.SVC_Handler                            0x08000cc2   Section        0  gd32f30x_it.o(i.SVC_Handler)
    i.SysTick_Handler                        0x08000cc6   Section        0  gd32f30x_it.o(i.SysTick_Handler)
    i.SystemInit                             0x08000cd4   Section        0  system_gd32f30x.o(i.SystemInit)
    i.TIMER1_IRQHandler                      0x08000d30   Section        0  bsp_adc.o(i.TIMER1_IRQHandler)
    i.TIMER6_IRQHandler                      0x08000d80   Section        0  bsp_delay.o(i.TIMER6_IRQHandler)
    i.UsageFault_Handler                     0x08000d9c   Section        0  gd32f30x_it.o(i.UsageFault_Handler)
    i._DoInit                                0x08000db0   Section        0  segger_rtt.o(i._DoInit)
    _DoInit                                  0x08000db1   Thumb Code    80  segger_rtt.o(i._DoInit)
    i._GetAvailWriteSpace                    0x08000e14   Section        0  segger_rtt.o(i._GetAvailWriteSpace)
    _GetAvailWriteSpace                      0x08000e15   Thumb Code    22  segger_rtt.o(i._GetAvailWriteSpace)
    i._PrintFloat                            0x08000e2a   Section        0  segger_rtt_printf.o(i._PrintFloat)
    _PrintFloat                              0x08000e2b   Thumb Code   138  segger_rtt_printf.o(i._PrintFloat)
    i._PrintInt                              0x08000eb4   Section        0  segger_rtt_printf.o(i._PrintInt)
    _PrintInt                                0x08000eb5   Thumb Code   196  segger_rtt_printf.o(i._PrintInt)
    i._PrintUnsigned                         0x08000f78   Section        0  segger_rtt_printf.o(i._PrintUnsigned)
    _PrintUnsigned                           0x08000f79   Thumb Code   200  segger_rtt_printf.o(i._PrintUnsigned)
    i._StoreChar                             0x08001044   Section        0  segger_rtt_printf.o(i._StoreChar)
    _StoreChar                               0x08001045   Thumb Code    62  segger_rtt_printf.o(i._StoreChar)
    i._WriteBlocking                         0x08001082   Section        0  segger_rtt.o(i._WriteBlocking)
    _WriteBlocking                           0x08001083   Thumb Code    90  segger_rtt.o(i._WriteBlocking)
    i._WriteNoCheck                          0x080010dc   Section        0  segger_rtt.o(i._WriteNoCheck)
    _WriteNoCheck                            0x080010dd   Thumb Code    66  segger_rtt.o(i._WriteNoCheck)
    i.__0printf                              0x08001120   Section        0  printfa.o(i.__0printf)
    i.__0sprintf                             0x08001140   Section        0  printfa.o(i.__0sprintf)
    i.__scatterload_copy                     0x08001168   Section       14  handlers.o(i.__scatterload_copy)
    i.__scatterload_null                     0x08001176   Section        2  handlers.o(i.__scatterload_null)
    i.__scatterload_zeroinit                 0x08001178   Section       14  handlers.o(i.__scatterload_zeroinit)
    i._fp_digits                             0x08001188   Section        0  printfa.o(i._fp_digits)
    _fp_digits                               0x08001189   Thumb Code   366  printfa.o(i._fp_digits)
    i._printf_core                           0x0800130c   Section        0  printfa.o(i._printf_core)
    _printf_core                             0x0800130d   Thumb Code  1744  printfa.o(i._printf_core)
    i._printf_post_padding                   0x080019e8   Section        0  printfa.o(i._printf_post_padding)
    _printf_post_padding                     0x080019e9   Thumb Code    36  printfa.o(i._printf_post_padding)
    i._printf_pre_padding                    0x08001a0c   Section        0  printfa.o(i._printf_pre_padding)
    _printf_pre_padding                      0x08001a0d   Thumb Code    46  printfa.o(i._printf_pre_padding)
    i._sputc                                 0x08001a3a   Section        0  printfa.o(i._sputc)
    _sputc                                   0x08001a3b   Thumb Code    10  printfa.o(i._sputc)
    i.adc_calibration_enable                 0x08001a44   Section        0  gd32f30x_adc.o(i.adc_calibration_enable)
    i.adc_channel_length_config              0x08001a62   Section        0  gd32f30x_adc.o(i.adc_channel_length_config)
    i.adc_config                             0x08001a98   Section        0  bsp_adc.o(i.adc_config)
    i.adc_data_alignment_config              0x08001b38   Section        0  gd32f30x_adc.o(i.adc_data_alignment_config)
    i.adc_dma_mode_enable                    0x08001b4c   Section        0  gd32f30x_adc.o(i.adc_dma_mode_enable)
    i.adc_enable                             0x08001b56   Section        0  gd32f30x_adc.o(i.adc_enable)
    i.adc_external_trigger_config            0x08001b66   Section        0  gd32f30x_adc.o(i.adc_external_trigger_config)
    i.adc_external_trigger_source_config     0x08001b9c   Section        0  gd32f30x_adc.o(i.adc_external_trigger_source_config)
    i.adc_gpio_config                        0x08001bbc   Section        0  bsp_adc.o(i.adc_gpio_config)
    i.adc_init                               0x08001be4   Section        0  bsp_adc.o(i.adc_init)
    i.adc_interrupt_enable                   0x08001c10   Section        0  gd32f30x_adc.o(i.adc_interrupt_enable)
    i.adc_interrupt_flag_clear               0x08001c36   Section        0  gd32f30x_adc.o(i.adc_interrupt_flag_clear)
    i.adc_mode_config                        0x08001c40   Section        0  gd32f30x_adc.o(i.adc_mode_config)
    i.adc_rcu_config                         0x08001c58   Section        0  bsp_adc.o(i.adc_rcu_config)
    i.adc_regular_channel_config             0x08001c7e   Section        0  gd32f30x_adc.o(i.adc_regular_channel_config)
    i.adc_regular_data_read                  0x08001cfc   Section        0  gd32f30x_adc.o(i.adc_regular_data_read)
    i.adc_software_trigger_enable            0x08001d02   Section        0  gd32f30x_adc.o(i.adc_software_trigger_enable)
    i.adc_special_function_config            0x08001d1c   Section        0  gd32f30x_adc.o(i.adc_special_function_config)
    i.adc_task                               0x08001d70   Section        0  adc_task.o(i.adc_task)
    adc_task                                 0x08001d71   Thumb Code    68  adc_task.o(i.adc_task)
    i.adc_task_init                          0x08001dc0   Section        0  adc_task.o(i.adc_task_init)
    i.delay_decrement                        0x08001dec   Section        0  systick.o(i.delay_decrement)
    i.delay_init                             0x08001e00   Section        0  bsp_delay.o(i.delay_init)
    i.delay_ms                               0x08001e04   Section        0  bsp_delay.o(i.delay_ms)
    i.delay_timer_init                       0x08001e10   Section        0  bsp_delay.o(i.delay_timer_init)
    i.delay_us                               0x08001e5c   Section        0  bsp_delay.o(i.delay_us)
    i.dma_channel_enable                     0x08001e70   Section        0  gd32f30x_dma.o(i.dma_channel_enable)
    i.dma_circulation_enable                 0x08001e90   Section        0  gd32f30x_dma.o(i.dma_circulation_enable)
    i.dma_config                             0x08001eb0   Section        0  bsp_adc.o(i.dma_config)
    i.dma_deinit                             0x08001f10   Section        0  gd32f30x_dma.o(i.dma_deinit)
    i.dma_init                               0x08001f46   Section        0  gd32f30x_dma.o(i.dma_init)
    i.dma_periph_and_channel_check           0x08001fc0   Section        0  gd32f30x_dma.o(i.dma_periph_and_channel_check)
    dma_periph_and_channel_check             0x08001fc1   Thumb Code    18  gd32f30x_dma.o(i.dma_periph_and_channel_check)
    i.eTaskGetState                          0x08001fd8   Section        0  tasks.o(i.eTaskGetState)
    i.fputc                                  0x08002090   Section        0  bsp_usart.o(i.fputc)
    i.get_complie_time                       0x080020b4   Section        0  util.o(i.get_complie_time)
    i.gpio_init                              0x080020c4   Section        0  gd32f30x_gpio.o(i.gpio_init)
    i.main                                   0x08002164   Section        0  main.o(i.main)
    i.nvic_irq_enable                        0x0800218c   Section        0  gd32f30x_misc.o(i.nvic_irq_enable)
    i.nvic_priority_group_set                0x08002220   Section        0  gd32f30x_misc.o(i.nvic_priority_group_set)
    i.pcTaskGetName                          0x08002234   Section        0  tasks.o(i.pcTaskGetName)
    i.prvAddCurrentTaskToDelayedList         0x08002290   Section        0  tasks.o(i.prvAddCurrentTaskToDelayedList)
    prvAddCurrentTaskToDelayedList           0x08002291   Thumb Code   102  tasks.o(i.prvAddCurrentTaskToDelayedList)
    i.prvAddNewTaskToReadyList               0x08002300   Section        0  tasks.o(i.prvAddNewTaskToReadyList)
    prvAddNewTaskToReadyList                 0x08002301   Thumb Code   196  tasks.o(i.prvAddNewTaskToReadyList)
    i.prvDeleteTCB                           0x080023d0   Section        0  tasks.o(i.prvDeleteTCB)
    prvDeleteTCB                             0x080023d1   Thumb Code    20  tasks.o(i.prvDeleteTCB)
    i.prvHeapInit                            0x080023e4   Section        0  heap_4.o(i.prvHeapInit)
    prvHeapInit                              0x080023e5   Thumb Code    66  heap_4.o(i.prvHeapInit)
    i.prvIdleTask                            0x08002430   Section        0  tasks.o(i.prvIdleTask)
    prvIdleTask                              0x08002431   Thumb Code    84  tasks.o(i.prvIdleTask)
    i.prvInitialiseNewTask                   0x08002490   Section        0  tasks.o(i.prvInitialiseNewTask)
    prvInitialiseNewTask                     0x08002491   Thumb Code   184  tasks.o(i.prvInitialiseNewTask)
    i.prvInsertBlockIntoFreeList             0x08002574   Section        0  heap_4.o(i.prvInsertBlockIntoFreeList)
    prvInsertBlockIntoFreeList               0x08002575   Thumb Code    72  heap_4.o(i.prvInsertBlockIntoFreeList)
    i.prvIsQueueEmpty                        0x080025c0   Section        0  queue.o(i.prvIsQueueEmpty)
    prvIsQueueEmpty                          0x080025c1   Thumb Code    26  queue.o(i.prvIsQueueEmpty)
    i.prvListTasksWithinSingleList           0x080025da   Section        0  tasks.o(i.prvListTasksWithinSingleList)
    prvListTasksWithinSingleList             0x080025db   Thumb Code    86  tasks.o(i.prvListTasksWithinSingleList)
    i.prvResetNextTaskUnblockTime            0x08002630   Section        0  tasks.o(i.prvResetNextTaskUnblockTime)
    prvResetNextTaskUnblockTime              0x08002631   Thumb Code    24  tasks.o(i.prvResetNextTaskUnblockTime)
    i.prvTaskCheckFreeStackSpace             0x0800264c   Section        0  tasks.o(i.prvTaskCheckFreeStackSpace)
    prvTaskCheckFreeStackSpace               0x0800264d   Thumb Code    20  tasks.o(i.prvTaskCheckFreeStackSpace)
    i.prvTaskExitError                       0x08002660   Section        0  port.o(i.prvTaskExitError)
    prvTaskExitError                         0x08002661   Thumb Code    48  port.o(i.prvTaskExitError)
    i.prvUnlockQueue                         0x080026c0   Section        0  queue.o(i.prvUnlockQueue)
    prvUnlockQueue                           0x080026c1   Thumb Code   106  queue.o(i.prvUnlockQueue)
    i.prvWriteNameToBuffer                   0x0800272a   Section        0  tasks.o(i.prvWriteNameToBuffer)
    prvWriteNameToBuffer                     0x0800272b   Thumb Code    34  tasks.o(i.prvWriteNameToBuffer)
    i.pvPortMalloc                           0x0800274c   Section        0  heap_4.o(i.pvPortMalloc)
    i.pxPortInitialiseStack                  0x0800288c   Section        0  port.o(i.pxPortInitialiseStack)
    i.rcu_clock_freq_get                     0x080028b8   Section        0  gd32f30x_rcu.o(i.rcu_clock_freq_get)
    i.rcu_periph_clock_enable                0x080029b0   Section        0  gd32f30x_rcu.o(i.rcu_periph_clock_enable)
    i.rcu_periph_reset_disable               0x080029cc   Section        0  gd32f30x_rcu.o(i.rcu_periph_reset_disable)
    i.rcu_periph_reset_enable                0x080029e8   Section        0  gd32f30x_rcu.o(i.rcu_periph_reset_enable)
    i.system_clock_120m_hxtal                0x08002a04   Section        0  system_gd32f30x.o(i.system_clock_120m_hxtal)
    system_clock_120m_hxtal                  0x08002a05   Thumb Code   170  system_gd32f30x.o(i.system_clock_120m_hxtal)
    i.system_init                            0x08002ac0   Section        0  system.o(i.system_init)
    i.test_task                              0x08002b00   Section        0  test_task.o(i.test_task)
    test_task                                0x08002b01   Thumb Code    50  test_task.o(i.test_task)
    i.test_task_init                         0x08002b58   Section        0  test_task.o(i.test_task_init)
    i.timer_config                           0x08002b80   Section        0  bsp_adc.o(i.timer_config)
    i.timer_deinit                           0x08002bd0   Section        0  gd32f30x_timer.o(i.timer_deinit)
    i.timer_enable                           0x08002c48   Section        0  gd32f30x_timer.o(i.timer_enable)
    i.timer_init                             0x08002c54   Section        0  gd32f30x_timer.o(i.timer_init)
    i.timer_interrupt_enable                 0x08002ce8   Section        0  gd32f30x_timer.o(i.timer_interrupt_enable)
    i.timer_interrupt_flag_clear             0x08002cf0   Section        0  gd32f30x_timer.o(i.timer_interrupt_flag_clear)
    i.timer_interrupt_flag_get               0x08002cf6   Section        0  gd32f30x_timer.o(i.timer_interrupt_flag_get)
    i.uart_printf_init                       0x08002d0c   Section        0  bsp_usart.o(i.uart_printf_init)
    i.usart_baudrate_set                     0x08002d98   Section        0  gd32f30x_usart.o(i.usart_baudrate_set)
    i.usart_data_transmit                    0x08002dec   Section        0  gd32f30x_usart.o(i.usart_data_transmit)
    i.usart_deinit                           0x08002df4   Section        0  gd32f30x_usart.o(i.usart_deinit)
    i.usart_enable                           0x08002e4c   Section        0  gd32f30x_usart.o(i.usart_enable)
    i.usart_flag_get                         0x08002e56   Section        0  gd32f30x_usart.o(i.usart_flag_get)
    i.usart_hardware_flow_cts_config         0x08002e6c   Section        0  gd32f30x_usart.o(i.usart_hardware_flow_cts_config)
    i.usart_hardware_flow_rts_config         0x08002e78   Section        0  gd32f30x_usart.o(i.usart_hardware_flow_rts_config)
    i.usart_parity_config                    0x08002e84   Section        0  gd32f30x_usart.o(i.usart_parity_config)
    i.usart_receive_config                   0x08002e94   Section        0  gd32f30x_usart.o(i.usart_receive_config)
    i.usart_stop_bit_set                     0x08002ea0   Section        0  gd32f30x_usart.o(i.usart_stop_bit_set)
    i.usart_transmit_config                  0x08002eb0   Section        0  gd32f30x_usart.o(i.usart_transmit_config)
    i.usart_word_length_set                  0x08002ebc   Section        0  gd32f30x_usart.o(i.usart_word_length_set)
    i.uxListRemove                           0x08002ecc   Section        0  list.o(i.uxListRemove)
    i.uxTaskGetNumberOfTasks                 0x08002ef4   Section        0  tasks.o(i.uxTaskGetNumberOfTasks)
    i.uxTaskGetStackHighWaterMark            0x08002f00   Section        0  tasks.o(i.uxTaskGetStackHighWaterMark)
    i.uxTaskGetSystemState                   0x08002f10   Section        0  tasks.o(i.uxTaskGetSystemState)
    i.uxTaskPriorityGet                      0x08002fc0   Section        0  tasks.o(i.uxTaskPriorityGet)
    i.vApplicationIdleHook                   0x08002fdc   Section        0  osal.o(i.vApplicationIdleHook)
    i.vApplicationStackOverflowHook          0x08002fe0   Section        0  osal.o(i.vApplicationStackOverflowHook)
    i.vListInitialise                        0x0800300c   Section        0  list.o(i.vListInitialise)
    i.vListInitialiseItem                    0x08003022   Section        0  list.o(i.vListInitialiseItem)
    i.vListInsert                            0x08003028   Section        0  list.o(i.vListInsert)
    i.vListInsertEnd                         0x08003058   Section        0  list.o(i.vListInsertEnd)
    i.vPortEnterCritical                     0x08003070   Section        0  port.o(i.vPortEnterCritical)
    i.vPortExitCritical                      0x080030ec   Section        0  port.o(i.vPortExitCritical)
    i.vPortFree                              0x08003150   Section        0  heap_4.o(i.vPortFree)
    i.vPortSetupTimerInterrupt               0x080031fc   Section        0  port.o(i.vPortSetupTimerInterrupt)
    i.vPortValidateInterruptPriority         0x08003220   Section        0  port.o(i.vPortValidateInterruptPriority)
    i.vTaskDelay                             0x080032bc   Section        0  tasks.o(i.vTaskDelay)
    i.vTaskGetInfo                           0x08003340   Section        0  tasks.o(i.vTaskGetInfo)
    i.vTaskGetRunTimeStats                   0x080033b4   Section        0  tasks.o(i.vTaskGetRunTimeStats)
    i.vTaskInternalSetTimeOutState           0x08003458   Section        0  tasks.o(i.vTaskInternalSetTimeOutState)
    i.vTaskList                              0x08003468   Section        0  tasks.o(i.vTaskList)
    i.vTaskMissedYield                       0x08003510   Section        0  tasks.o(i.vTaskMissedYield)
    i.vTaskPlaceOnEventList                  0x0800351c   Section        0  tasks.o(i.vTaskPlaceOnEventList)
    i.vTaskStartScheduler                    0x08003588   Section        0  tasks.o(i.vTaskStartScheduler)
    i.vTaskSuspendAll                        0x08003630   Section        0  tasks.o(i.vTaskSuspendAll)
    i.vTaskSwitchContext                     0x08003640   Section        0  tasks.o(i.vTaskSwitchContext)
    i.xPortStartScheduler                    0x08003710   Section        0  port.o(i.xPortStartScheduler)
    i.xPortSysTickHandler                    0x08003868   Section        0  port.o(i.xPortSysTickHandler)
    i.xQueueGenericCreate                    0x08003894   Section        0  queue.o(i.xQueueGenericCreate)
    i.xQueueGenericReset                     0x08003968   Section        0  queue.o(i.xQueueGenericReset)
    i.xQueueGiveFromISR                      0x08003a2c   Section        0  queue.o(i.xQueueGiveFromISR)
    i.xQueueSemaphoreTake                    0x08003b40   Section        0  queue.o(i.xQueueSemaphoreTake)
    i.xTaskCheckForTimeOut                   0x08003cbc   Section        0  tasks.o(i.xTaskCheckForTimeOut)
    i.xTaskCreate                            0x08003d80   Section        0  tasks.o(i.xTaskCreate)
    i.xTaskGetSchedulerState                 0x08003dd8   Section        0  tasks.o(i.xTaskGetSchedulerState)
    i.xTaskIncrementTick                     0x08003df4   Section        0  tasks.o(i.xTaskIncrementTick)
    i.xTaskRemoveFromEventList               0x08003ef8   Section        0  tasks.o(i.xTaskRemoveFromEventList)
    i.xTaskResumeAll                         0x08003fa8   Section        0  tasks.o(i.xTaskResumeAll)
    .constdata                               0x080040a4   Section       84  gd32f30x_it.o(.constdata)
    __func__                                 0x080040a4   Data          12  gd32f30x_it.o(.constdata)
    __func__                                 0x080040b0   Data          18  gd32f30x_it.o(.constdata)
    __func__                                 0x080040c2   Data          18  gd32f30x_it.o(.constdata)
    __func__                                 0x080040d4   Data          17  gd32f30x_it.o(.constdata)
    __func__                                 0x080040e5   Data          19  gd32f30x_it.o(.constdata)
    .constdata                               0x080040f8   Section      324  queue.o(.constdata)
    __func__                                 0x080040f8   Data          19  queue.o(.constdata)
    __func__                                 0x0800410b   Data          20  queue.o(.constdata)
    __func__                                 0x0800411f   Data          18  queue.o(.constdata)
    __func__                                 0x08004131   Data          25  queue.o(.constdata)
    __func__                                 0x0800414a   Data          18  queue.o(.constdata)
    __func__                                 0x0800415c   Data          14  queue.o(.constdata)
    __func__                                 0x0800416a   Data          20  queue.o(.constdata)
    __func__                                 0x0800417e   Data          11  queue.o(.constdata)
    __func__                                 0x08004189   Data          21  queue.o(.constdata)
    __func__                                 0x0800419e   Data          18  queue.o(.constdata)
    __func__                                 0x080041b0   Data          23  queue.o(.constdata)
    __func__                                 0x080041c7   Data          23  queue.o(.constdata)
    __func__                                 0x080041de   Data          30  queue.o(.constdata)
    __func__                                 0x080041fc   Data          13  queue.o(.constdata)
    __func__                                 0x08004209   Data          26  queue.o(.constdata)
    __func__                                 0x08004223   Data          25  queue.o(.constdata)
    .constdata                               0x0800423c   Section      568  tasks.o(.constdata)
    __func__                                 0x0800423c   Data          21  tasks.o(.constdata)
    __func__                                 0x08004251   Data          12  tasks.o(.constdata)
    __func__                                 0x0800425d   Data          16  tasks.o(.constdata)
    __func__                                 0x0800426d   Data          11  tasks.o(.constdata)
    __func__                                 0x08004278   Data          14  tasks.o(.constdata)
    __func__                                 0x08004286   Data          17  tasks.o(.constdata)
    __func__                                 0x08004297   Data          13  tasks.o(.constdata)
    __func__                                 0x080042a4   Data          23  tasks.o(.constdata)
    __func__                                 0x080042bb   Data          12  tasks.o(.constdata)
    __func__                                 0x080042c7   Data          19  tasks.o(.constdata)
    __func__                                 0x080042da   Data          20  tasks.o(.constdata)
    __func__                                 0x080042ee   Data          15  tasks.o(.constdata)
    __func__                                 0x080042fd   Data          14  tasks.o(.constdata)
    __func__                                 0x0800430b   Data          18  tasks.o(.constdata)
    __func__                                 0x0800431d   Data          19  tasks.o(.constdata)
    __func__                                 0x08004330   Data          19  tasks.o(.constdata)
    __func__                                 0x08004343   Data          22  tasks.o(.constdata)
    __func__                                 0x08004359   Data          31  tasks.o(.constdata)
    __func__                                 0x08004378   Data          25  tasks.o(.constdata)
    __func__                                 0x08004391   Data          34  tasks.o(.constdata)
    __func__                                 0x080043b3   Data          21  tasks.o(.constdata)
    __func__                                 0x080043c8   Data          21  tasks.o(.constdata)
    __func__                                 0x080043dd   Data          24  tasks.o(.constdata)
    __func__                                 0x080043f5   Data          23  tasks.o(.constdata)
    __func__                                 0x0800440c   Data          19  tasks.o(.constdata)
    __func__                                 0x0800441f   Data          26  tasks.o(.constdata)
    __func__                                 0x08004439   Data          30  tasks.o(.constdata)
    __func__                                 0x08004457   Data          29  tasks.o(.constdata)
    .constdata                               0x08004474   Section      123  port.o(.constdata)
    __func__                                 0x08004474   Data          17  port.o(.constdata)
    __func__                                 0x08004485   Data          20  port.o(.constdata)
    __func__                                 0x08004499   Data          18  port.o(.constdata)
    __func__                                 0x080044ab   Data          19  port.o(.constdata)
    __func__                                 0x080044be   Data          18  port.o(.constdata)
    __func__                                 0x080044d0   Data          31  port.o(.constdata)
    .constdata                               0x080044ef   Section       23  heap_4.o(.constdata)
    __func__                                 0x080044ef   Data          13  heap_4.o(.constdata)
    __func__                                 0x080044fc   Data          10  heap_4.o(.constdata)
    .constdata                               0x08004506   Section       17  segger_rtt.o(.constdata)
    _aInitStr                                0x08004506   Data          17  segger_rtt.o(.constdata)
    .constdata                               0x08004517   Section       16  segger_rtt_printf.o(.constdata)
    _aV2C                                    0x08004517   Data          16  segger_rtt_printf.o(.constdata)
    .data                                    0x20000000   Section        4  systick.o(.data)
    delay                                    0x20000000   Data           4  systick.o(.data)
    .data                                    0x20000004   Section        4  system_gd32f30x.o(.data)
    .data                                    0x20000008   Section        4  bsp_delay.o(.data)
    .data                                    0x2000000c   Section      204  bsp_adc.o(.data)
    adc_finish_flag                          0x2000000c   Data           1  bsp_adc.o(.data)
    adc_channels                             0x20000018   Data          64  bsp_adc.o(.data)
    adc_gpio_port                            0x20000058   Data          64  bsp_adc.o(.data)
    adc_gpio_pin                             0x20000098   Data          64  bsp_adc.o(.data)
    .data                                    0x200000d8   Section        4  adc_task.o(.data)
    adc_TaskHandel                           0x200000d8   Data           4  adc_task.o(.data)
    .data                                    0x200000dc   Section       72  tasks.o(.data)
    uxDeletedTasksWaitingCleanUp             0x200000e0   Data           4  tasks.o(.data)
    uxCurrentNumberOfTasks                   0x200000e4   Data           4  tasks.o(.data)
    xTickCount                               0x200000e8   Data           4  tasks.o(.data)
    uxTopReadyPriority                       0x200000ec   Data           4  tasks.o(.data)
    xSchedulerRunning                        0x200000f0   Data           4  tasks.o(.data)
    xPendedTicks                             0x200000f4   Data           4  tasks.o(.data)
    xYieldPending                            0x200000f8   Data           4  tasks.o(.data)
    xNumOfOverflows                          0x200000fc   Data           4  tasks.o(.data)
    uxTaskNumber                             0x20000100   Data           4  tasks.o(.data)
    xNextTaskUnblockTime                     0x20000104   Data           4  tasks.o(.data)
    xIdleTaskHandle                          0x20000108   Data           4  tasks.o(.data)
    uxSchedulerSuspended                     0x20000110   Data           4  tasks.o(.data)
    ulTaskSwitchedInTime                     0x20000114   Data           4  tasks.o(.data)
    ulTotalRunTime                           0x20000118   Data           4  tasks.o(.data)
    pxDelayedTaskList                        0x2000011c   Data           4  tasks.o(.data)
    pxOverflowDelayedTaskList                0x20000120   Data           4  tasks.o(.data)
    .data                                    0x20000124   Section       12  port.o(.data)
    ucMaxSysCallPriority                     0x20000124   Data           1  port.o(.data)
    uxCriticalNesting                        0x20000128   Data           4  port.o(.data)
    ulMaxPRIGROUPValue                       0x2000012c   Data           4  port.o(.data)
    .data                                    0x20000130   Section       32  heap_4.o(.data)
    pxEnd                                    0x20000130   Data           4  heap_4.o(.data)
    xFreeBytesRemaining                      0x20000134   Data           4  heap_4.o(.data)
    xMinimumEverFreeBytesRemaining           0x20000138   Data           4  heap_4.o(.data)
    xNumberOfSuccessfulAllocations           0x2000013c   Data           4  heap_4.o(.data)
    xNumberOfSuccessfulFrees                 0x20000140   Data           4  heap_4.o(.data)
    xBlockAllocatedBit                       0x20000144   Data           4  heap_4.o(.data)
    xStart                                   0x20000148   Data           8  heap_4.o(.data)
    .data                                    0x20000150   Section        4  stdout.o(.data)
    .bss                                     0x20000154   Section      128  bsp_adc.o(.bss)
    raw_data                                 0x20000154   Data          64  bsp_adc.o(.bss)
    .bss                                     0x200001d4   Section     2048  bsp_adc.o(.bss)
    .bss                                     0x200009d4   Section      200  tasks.o(.bss)
    pxReadyTasksLists                        0x200009d4   Data         100  tasks.o(.bss)
    xDelayedTaskList1                        0x20000a38   Data          20  tasks.o(.bss)
    xDelayedTaskList2                        0x20000a4c   Data          20  tasks.o(.bss)
    xPendingReadyList                        0x20000a60   Data          20  tasks.o(.bss)
    xTasksWaitingTermination                 0x20000a74   Data          20  tasks.o(.bss)
    xSuspendedTaskList                       0x20000a88   Data          20  tasks.o(.bss)
    .bss                                     0x20000a9c   Section    17408  heap_4.o(.bss)
    ucHeap                                   0x20000a9c   Data       17408  heap_4.o(.bss)
    .bss                                     0x20004e9c   Section     1208  segger_rtt.o(.bss)
    _acUpBuffer                              0x20004f44   Data        1024  segger_rtt.o(.bss)
    _acDownBuffer                            0x20005344   Data          16  segger_rtt.o(.bss)
    STACK                                    0x20005358   Section     1024  startup_gd32f30x_hd.o(STACK)

    Global Symbols

    Symbol Name                              Value     Ov Type        Size  Object(Section)

    BuildAttributes$$THM_ISAv4$E$P$D$K$B$S$7EM$VFPi3$EXTD16$VFPS$VFMA$PE$A:L22UL41UL21$X:L11$S22US41US21$IEEE1$IW$USESV6$~STKCKD$USESV7$~SHL$OSPACE$ROPI$EBA8$MICROLIB$REQ8$PRES8$EABIv2 0x00000000   Number         0  anon$$obj.o ABSOLUTE
    __ARM_use_no_argv                        0x00000000   Number         0  main.o ABSOLUTE
    _printf_a                                0x00000000   Number         0  stubs.o ABSOLUTE
    _printf_c                                0x00000000   Number         0  stubs.o ABSOLUTE
    _printf_charcount                        0x00000000   Number         0  stubs.o ABSOLUTE
    _printf_d                                0x00000000   Number         0  stubs.o ABSOLUTE
    _printf_e                                0x00000000   Number         0  stubs.o ABSOLUTE
    _printf_f                                0x00000000   Number         0  stubs.o ABSOLUTE
    _printf_flags                            0x00000000   Number         0  stubs.o ABSOLUTE
    _printf_fp_dec                           0x00000000   Number         0  stubs.o ABSOLUTE
    _printf_fp_hex                           0x00000000   Number         0  stubs.o ABSOLUTE
    _printf_g                                0x00000000   Number         0  stubs.o ABSOLUTE
    _printf_i                                0x00000000   Number         0  stubs.o ABSOLUTE
    _printf_int_dec                          0x00000000   Number         0  stubs.o ABSOLUTE
    _printf_l                                0x00000000   Number         0  stubs.o ABSOLUTE
    _printf_lc                               0x00000000   Number         0  stubs.o ABSOLUTE
    _printf_ll                               0x00000000   Number         0  stubs.o ABSOLUTE
    _printf_lld                              0x00000000   Number         0  stubs.o ABSOLUTE
    _printf_lli                              0x00000000   Number         0  stubs.o ABSOLUTE
    _printf_llo                              0x00000000   Number         0  stubs.o ABSOLUTE
    _printf_llu                              0x00000000   Number         0  stubs.o ABSOLUTE
    _printf_llx                              0x00000000   Number         0  stubs.o ABSOLUTE
    _printf_longlong_dec                     0x00000000   Number         0  stubs.o ABSOLUTE
    _printf_longlong_hex                     0x00000000   Number         0  stubs.o ABSOLUTE
    _printf_longlong_oct                     0x00000000   Number         0  stubs.o ABSOLUTE
    _printf_ls                               0x00000000   Number         0  stubs.o ABSOLUTE
    _printf_mbtowc                           0x00000000   Number         0  stubs.o ABSOLUTE
    _printf_n                                0x00000000   Number         0  stubs.o ABSOLUTE
    _printf_o                                0x00000000   Number         0  stubs.o ABSOLUTE
    _printf_p                                0x00000000   Number         0  stubs.o ABSOLUTE
    _printf_percent                          0x00000000   Number         0  stubs.o ABSOLUTE
    _printf_pre_padding                      0x00000000   Number         0  stubs.o ABSOLUTE
    _printf_return_value                     0x00000000   Number         0  stubs.o ABSOLUTE
    _printf_s                                0x00000000   Number         0  stubs.o ABSOLUTE
    _printf_sizespec                         0x00000000   Number         0  stubs.o ABSOLUTE
    _printf_str                              0x00000000   Number         0  stubs.o ABSOLUTE
    _printf_truncate_signed                  0x00000000   Number         0  stubs.o ABSOLUTE
    _printf_truncate_unsigned                0x00000000   Number         0  stubs.o ABSOLUTE
    _printf_u                                0x00000000   Number         0  stubs.o ABSOLUTE
    _printf_wc                               0x00000000   Number         0  stubs.o ABSOLUTE
    _printf_wctomb                           0x00000000   Number         0  stubs.o ABSOLUTE
    _printf_widthprec                        0x00000000   Number         0  stubs.o ABSOLUTE
    _printf_x                                0x00000000   Number         0  stubs.o ABSOLUTE
    __cpp_initialize__aeabi_                  - Undefined Weak Reference
    __cxa_finalize                            - Undefined Weak Reference
    _clock_init                               - Undefined Weak Reference
    _microlib_exit                            - Undefined Weak Reference
    __Vectors_Size                           0x00000130   Number         0  startup_gd32f30x_hd.o ABSOLUTE
    __Vectors                                0x08000000   Data           4  startup_gd32f30x_hd.o(RESET)
    __Vectors_End                            0x08000130   Data           0  startup_gd32f30x_hd.o(RESET)
    __main                                   0x08000131   Thumb Code     0  entry.o(.ARM.Collect$$$$00000000)
    _main_stk                                0x08000131   Thumb Code     0  entry2.o(.ARM.Collect$$$$00000001)
    _main_scatterload                        0x08000135   Thumb Code     0  entry5.o(.ARM.Collect$$$$00000004)
    __main_after_scatterload                 0x08000139   Thumb Code     0  entry5.o(.ARM.Collect$$$$00000004)
    _main_clock                              0x08000139   Thumb Code     0  entry7b.o(.ARM.Collect$$$$00000008)
    _main_cpp_init                           0x08000139   Thumb Code     0  entry8b.o(.ARM.Collect$$$$0000000A)
    _main_init                               0x08000139   Thumb Code     0  entry9a.o(.ARM.Collect$$$$0000000B)
    __rt_final_cpp                           0x08000141   Thumb Code     0  entry10a.o(.ARM.Collect$$$$0000000D)
    __rt_final_exit                          0x08000141   Thumb Code     0  entry11a.o(.ARM.Collect$$$$0000000F)
    vPortSVCHandler                          0x08000145   Thumb Code    28  port.o(.emb_text)
    __asm___6_port_c_39a90d8d__prvStartFirstTask 0x08000165   Thumb Code    36  port.o(.emb_text)
    __asm___6_port_c_39a90d8d__prvEnableVFP  0x0800018d   Thumb Code    16  port.o(.emb_text)
    xPortPendSVHandler                       0x080001a1   Thumb Code    88  port.o(.emb_text)
    vPortGetIPSR                             0x080001fd   Thumb Code     6  port.o(.emb_text)
    Reset_Handler                            0x08000205   Thumb Code     8  startup_gd32f30x_hd.o(.text)
    ADC2_IRQHandler                          0x0800021f   Thumb Code     0  startup_gd32f30x_hd.o(.text)
    CAN0_EWMC_IRQHandler                     0x0800021f   Thumb Code     0  startup_gd32f30x_hd.o(.text)
    CAN0_RX1_IRQHandler                      0x0800021f   Thumb Code     0  startup_gd32f30x_hd.o(.text)
    DMA0_Channel0_IRQHandler                 0x0800021f   Thumb Code     0  startup_gd32f30x_hd.o(.text)
    DMA0_Channel1_IRQHandler                 0x0800021f   Thumb Code     0  startup_gd32f30x_hd.o(.text)
    DMA0_Channel2_IRQHandler                 0x0800021f   Thumb Code     0  startup_gd32f30x_hd.o(.text)
    DMA0_Channel3_IRQHandler                 0x0800021f   Thumb Code     0  startup_gd32f30x_hd.o(.text)
    DMA0_Channel4_IRQHandler                 0x0800021f   Thumb Code     0  startup_gd32f30x_hd.o(.text)
    DMA0_Channel5_IRQHandler                 0x0800021f   Thumb Code     0  startup_gd32f30x_hd.o(.text)
    DMA0_Channel6_IRQHandler                 0x0800021f   Thumb Code     0  startup_gd32f30x_hd.o(.text)
    DMA1_Channel0_IRQHandler                 0x0800021f   Thumb Code     0  startup_gd32f30x_hd.o(.text)
    DMA1_Channel1_IRQHandler                 0x0800021f   Thumb Code     0  startup_gd32f30x_hd.o(.text)
    DMA1_Channel2_IRQHandler                 0x0800021f   Thumb Code     0  startup_gd32f30x_hd.o(.text)
    DMA1_Channel3_4_IRQHandler               0x0800021f   Thumb Code     0  startup_gd32f30x_hd.o(.text)
    EXMC_IRQHandler                          0x0800021f   Thumb Code     0  startup_gd32f30x_hd.o(.text)
    EXTI0_IRQHandler                         0x0800021f   Thumb Code     0  startup_gd32f30x_hd.o(.text)
    EXTI10_15_IRQHandler                     0x0800021f   Thumb Code     0  startup_gd32f30x_hd.o(.text)
    EXTI1_IRQHandler                         0x0800021f   Thumb Code     0  startup_gd32f30x_hd.o(.text)
    EXTI2_IRQHandler                         0x0800021f   Thumb Code     0  startup_gd32f30x_hd.o(.text)
    EXTI3_IRQHandler                         0x0800021f   Thumb Code     0  startup_gd32f30x_hd.o(.text)
    EXTI4_IRQHandler                         0x0800021f   Thumb Code     0  startup_gd32f30x_hd.o(.text)
    EXTI5_9_IRQHandler                       0x0800021f   Thumb Code     0  startup_gd32f30x_hd.o(.text)
    FMC_IRQHandler                           0x0800021f   Thumb Code     0  startup_gd32f30x_hd.o(.text)
    I2C0_ER_IRQHandler                       0x0800021f   Thumb Code     0  startup_gd32f30x_hd.o(.text)
    I2C0_EV_IRQHandler                       0x0800021f   Thumb Code     0  startup_gd32f30x_hd.o(.text)
    I2C1_ER_IRQHandler                       0x0800021f   Thumb Code     0  startup_gd32f30x_hd.o(.text)
    I2C1_EV_IRQHandler                       0x0800021f   Thumb Code     0  startup_gd32f30x_hd.o(.text)
    LVD_IRQHandler                           0x0800021f   Thumb Code     0  startup_gd32f30x_hd.o(.text)
    RCU_CTC_IRQHandler                       0x0800021f   Thumb Code     0  startup_gd32f30x_hd.o(.text)
    RTC_Alarm_IRQHandler                     0x0800021f   Thumb Code     0  startup_gd32f30x_hd.o(.text)
    RTC_IRQHandler                           0x0800021f   Thumb Code     0  startup_gd32f30x_hd.o(.text)
    SDIO_IRQHandler                          0x0800021f   Thumb Code     0  startup_gd32f30x_hd.o(.text)
    SPI0_IRQHandler                          0x0800021f   Thumb Code     0  startup_gd32f30x_hd.o(.text)
    SPI1_IRQHandler                          0x0800021f   Thumb Code     0  startup_gd32f30x_hd.o(.text)
    SPI2_IRQHandler                          0x0800021f   Thumb Code     0  startup_gd32f30x_hd.o(.text)
    TAMPER_IRQHandler                        0x0800021f   Thumb Code     0  startup_gd32f30x_hd.o(.text)
    TIMER0_BRK_IRQHandler                    0x0800021f   Thumb Code     0  startup_gd32f30x_hd.o(.text)
    TIMER0_Channel_IRQHandler                0x0800021f   Thumb Code     0  startup_gd32f30x_hd.o(.text)
    TIMER0_TRG_CMT_IRQHandler                0x0800021f   Thumb Code     0  startup_gd32f30x_hd.o(.text)
    TIMER0_UP_IRQHandler                     0x0800021f   Thumb Code     0  startup_gd32f30x_hd.o(.text)
    TIMER2_IRQHandler                        0x0800021f   Thumb Code     0  startup_gd32f30x_hd.o(.text)
    TIMER3_IRQHandler                        0x0800021f   Thumb Code     0  startup_gd32f30x_hd.o(.text)
    TIMER4_IRQHandler                        0x0800021f   Thumb Code     0  startup_gd32f30x_hd.o(.text)
    TIMER5_IRQHandler                        0x0800021f   Thumb Code     0  startup_gd32f30x_hd.o(.text)
    TIMER7_BRK_IRQHandler                    0x0800021f   Thumb Code     0  startup_gd32f30x_hd.o(.text)
    TIMER7_Channel_IRQHandler                0x0800021f   Thumb Code     0  startup_gd32f30x_hd.o(.text)
    TIMER7_TRG_CMT_IRQHandler                0x0800021f   Thumb Code     0  startup_gd32f30x_hd.o(.text)
    TIMER7_UP_IRQHandler                     0x0800021f   Thumb Code     0  startup_gd32f30x_hd.o(.text)
    UART3_IRQHandler                         0x0800021f   Thumb Code     0  startup_gd32f30x_hd.o(.text)
    UART4_IRQHandler                         0x0800021f   Thumb Code     0  startup_gd32f30x_hd.o(.text)
    USART0_IRQHandler                        0x0800021f   Thumb Code     0  startup_gd32f30x_hd.o(.text)
    USART1_IRQHandler                        0x0800021f   Thumb Code     0  startup_gd32f30x_hd.o(.text)
    USART2_IRQHandler                        0x0800021f   Thumb Code     0  startup_gd32f30x_hd.o(.text)
    USBD_HP_CAN0_TX_IRQHandler               0x0800021f   Thumb Code     0  startup_gd32f30x_hd.o(.text)
    USBD_LP_CAN0_RX0_IRQHandler              0x0800021f   Thumb Code     0  startup_gd32f30x_hd.o(.text)
    USBD_WKUP_IRQHandler                     0x0800021f   Thumb Code     0  startup_gd32f30x_hd.o(.text)
    WWDGT_IRQHandler                         0x0800021f   Thumb Code     0  startup_gd32f30x_hd.o(.text)
    __aeabi_memcpy                           0x08000229   Thumb Code    36  memcpya.o(.text)
    __aeabi_memcpy4                          0x08000229   Thumb Code     0  memcpya.o(.text)
    __aeabi_memcpy8                          0x08000229   Thumb Code     0  memcpya.o(.text)
    __aeabi_memset                           0x0800024d   Thumb Code    14  memseta.o(.text)
    __aeabi_memset4                          0x0800024d   Thumb Code     0  memseta.o(.text)
    __aeabi_memset8                          0x0800024d   Thumb Code     0  memseta.o(.text)
    __aeabi_memclr                           0x0800025b   Thumb Code     4  memseta.o(.text)
    __aeabi_memclr4                          0x0800025b   Thumb Code     0  memseta.o(.text)
    __aeabi_memclr8                          0x0800025b   Thumb Code     0  memseta.o(.text)
    _memset$wrapper                          0x0800025f   Thumb Code    18  memseta.o(.text)
    strlen                                   0x08000271   Thumb Code    14  strlen.o(.text)
    strcpy                                   0x0800027f   Thumb Code    18  strcpy.o(.text)
    __aeabi_dmul                             0x08000291   Thumb Code   228  dmul.o(.text)
    __aeabi_i2d                              0x08000375   Thumb Code    34  dflti.o(.text)
    __aeabi_d2iz                             0x08000397   Thumb Code    62  dfixi.o(.text)
    __aeabi_uidiv                            0x080003d5   Thumb Code     0  uidiv.o(.text)
    __aeabi_uidivmod                         0x080003d5   Thumb Code    44  uidiv.o(.text)
    __aeabi_uldivmod                         0x08000401   Thumb Code    98  uldiv.o(.text)
    __aeabi_llsr                             0x08000463   Thumb Code    32  llushr.o(.text)
    _ll_ushift_r                             0x08000463   Thumb Code     0  llushr.o(.text)
    __I$use$fp                               0x08000483   Thumb Code     0  iusefp.o(.text)
    _double_round                            0x08000483   Thumb Code    30  depilogue.o(.text)
    _double_epilogue                         0x080004a1   Thumb Code   156  depilogue.o(.text)
    __aeabi_dadd                             0x0800053d   Thumb Code   322  dadd.o(.text)
    __aeabi_dsub                             0x0800067f   Thumb Code     6  dadd.o(.text)
    __aeabi_drsub                            0x08000685   Thumb Code     6  dadd.o(.text)
    __aeabi_ddiv                             0x0800068b   Thumb Code   222  ddiv.o(.text)
    __aeabi_d2ulz                            0x08000769   Thumb Code    48  dfixul.o(.text)
    __aeabi_cdrcmple                         0x08000799   Thumb Code    48  cdrcmple.o(.text)
    __scatterload                            0x080007c9   Thumb Code    28  init.o(.text)
    __scatterload_rt2                        0x080007c9   Thumb Code     0  init.o(.text)
    __aeabi_llsl                             0x080007ed   Thumb Code    30  llshl.o(.text)
    _ll_shift_l                              0x080007ed   Thumb Code     0  llshl.o(.text)
    __aeabi_lasr                             0x0800080b   Thumb Code    36  llsshr.o(.text)
    _ll_sshift_r                             0x0800080b   Thumb Code     0  llsshr.o(.text)
    __decompress                             0x0800082f   Thumb Code     0  __dczerorl2.o(.text)
    __decompress1                            0x0800082f   Thumb Code    86  __dczerorl2.o(.text)
    ADC0_1_IRQHandler                        0x08000885   Thumb Code    70  bsp_adc.o(i.ADC0_1_IRQHandler)
    BusFault_Handler                         0x080008d9   Thumb Code    12  gd32f30x_it.o(i.BusFault_Handler)
    DebugMon_Handler                         0x080008ed   Thumb Code     2  gd32f30x_it.o(i.DebugMon_Handler)
    HardFault_Handler                        0x080008f1   Thumb Code    12  gd32f30x_it.o(i.HardFault_Handler)
    MemManage_Handler                        0x08000905   Thumb Code    12  gd32f30x_it.o(i.MemManage_Handler)
    NMI_Handler                              0x08000919   Thumb Code    10  gd32f30x_it.o(i.NMI_Handler)
    OS_GetVersion                            0x0800092d   Thumb Code     4  osal.o(i.OS_GetVersion)
    OS_Init                                  0x08000945   Thumb Code    28  osal.o(i.OS_Init)
    OS_MemAlloc                              0x08000971   Thumb Code     4  osal.o(i.OS_MemAlloc)
    OS_MsDelay                               0x08000975   Thumb Code     4  osal.o(i.OS_MsDelay)
    OS_StartScheduler                        0x08000979   Thumb Code     4  osal.o(i.OS_StartScheduler)
    OS_SysInfo                               0x0800097d   Thumb Code    78  osal.o(i.OS_SysInfo)
    OS_TaskCreate                            0x08000a45   Thumb Code    22  osal.o(i.OS_TaskCreate)
    OS_TaskGetFreeStackSpace                 0x08000a5b   Thumb Code     4  osal.o(i.OS_TaskGetFreeStackSpace)
    OS_TaskGetName                           0x08000a5f   Thumb Code     4  osal.o(i.OS_TaskGetName)
    OS_TaskGetPriority                       0x08000a63   Thumb Code     4  osal.o(i.OS_TaskGetPriority)
    PendSV_Handler                           0x08000a67   Thumb Code     4  gd32f30x_it.o(i.PendSV_Handler)
    SEGGER_RTT_Write                         0x08000a6d   Thumb Code    50  segger_rtt.o(i.SEGGER_RTT_Write)
    SEGGER_RTT_WriteNoLock                   0x08000aa5   Thumb Code    86  segger_rtt.o(i.SEGGER_RTT_WriteNoLock)
    SEGGER_RTT_printf                        0x08000b01   Thumb Code    22  segger_rtt_printf.o(i.SEGGER_RTT_printf)
    SEGGER_RTT_vprintf                       0x08000b17   Thumb Code   428  segger_rtt_printf.o(i.SEGGER_RTT_vprintf)
    SVC_Handler                              0x08000cc3   Thumb Code     4  gd32f30x_it.o(i.SVC_Handler)
    SysTick_Handler                          0x08000cc7   Thumb Code    14  gd32f30x_it.o(i.SysTick_Handler)
    SystemInit                               0x08000cd5   Thumb Code    80  system_gd32f30x.o(i.SystemInit)
    TIMER1_IRQHandler                        0x08000d31   Thumb Code    66  bsp_adc.o(i.TIMER1_IRQHandler)
    TIMER6_IRQHandler                        0x08000d81   Thumb Code    20  bsp_delay.o(i.TIMER6_IRQHandler)
    UsageFault_Handler                       0x08000d9d   Thumb Code    12  gd32f30x_it.o(i.UsageFault_Handler)
    __0printf                                0x08001121   Thumb Code    22  printfa.o(i.__0printf)
    __1printf                                0x08001121   Thumb Code     0  printfa.o(i.__0printf)
    __2printf                                0x08001121   Thumb Code     0  printfa.o(i.__0printf)
    __c89printf                              0x08001121   Thumb Code     0  printfa.o(i.__0printf)
    printf                                   0x08001121   Thumb Code     0  printfa.o(i.__0printf)
    __0sprintf                               0x08001141   Thumb Code    34  printfa.o(i.__0sprintf)
    __1sprintf                               0x08001141   Thumb Code     0  printfa.o(i.__0sprintf)
    __2sprintf                               0x08001141   Thumb Code     0  printfa.o(i.__0sprintf)
    __c89sprintf                             0x08001141   Thumb Code     0  printfa.o(i.__0sprintf)
    sprintf                                  0x08001141   Thumb Code     0  printfa.o(i.__0sprintf)
    __scatterload_copy                       0x08001169   Thumb Code    14  handlers.o(i.__scatterload_copy)
    __scatterload_null                       0x08001177   Thumb Code     2  handlers.o(i.__scatterload_null)
    __scatterload_zeroinit                   0x08001179   Thumb Code    14  handlers.o(i.__scatterload_zeroinit)
    adc_calibration_enable                   0x08001a45   Thumb Code    30  gd32f30x_adc.o(i.adc_calibration_enable)
    adc_channel_length_config                0x08001a63   Thumb Code    54  gd32f30x_adc.o(i.adc_channel_length_config)
    adc_config                               0x08001a99   Thumb Code   150  bsp_adc.o(i.adc_config)
    adc_data_alignment_config                0x08001b39   Thumb Code    20  gd32f30x_adc.o(i.adc_data_alignment_config)
    adc_dma_mode_enable                      0x08001b4d   Thumb Code    10  gd32f30x_adc.o(i.adc_dma_mode_enable)
    adc_enable                               0x08001b57   Thumb Code    16  gd32f30x_adc.o(i.adc_enable)
    adc_external_trigger_config              0x08001b67   Thumb Code    54  gd32f30x_adc.o(i.adc_external_trigger_config)
    adc_external_trigger_source_config       0x08001b9d   Thumb Code    32  gd32f30x_adc.o(i.adc_external_trigger_source_config)
    adc_gpio_config                          0x08001bbd   Thumb Code    36  bsp_adc.o(i.adc_gpio_config)
    adc_init                                 0x08001be5   Thumb Code    40  bsp_adc.o(i.adc_init)
    adc_interrupt_enable                     0x08001c11   Thumb Code    38  gd32f30x_adc.o(i.adc_interrupt_enable)
    adc_interrupt_flag_clear                 0x08001c37   Thumb Code     8  gd32f30x_adc.o(i.adc_interrupt_flag_clear)
    adc_mode_config                          0x08001c41   Thumb Code    18  gd32f30x_adc.o(i.adc_mode_config)
    adc_rcu_config                           0x08001c59   Thumb Code    38  bsp_adc.o(i.adc_rcu_config)
    adc_regular_channel_config               0x08001c7f   Thumb Code   126  gd32f30x_adc.o(i.adc_regular_channel_config)
    adc_regular_data_read                    0x08001cfd   Thumb Code     6  gd32f30x_adc.o(i.adc_regular_data_read)
    adc_software_trigger_enable              0x08001d03   Thumb Code    26  gd32f30x_adc.o(i.adc_software_trigger_enable)
    adc_special_function_config              0x08001d1d   Thumb Code    82  gd32f30x_adc.o(i.adc_special_function_config)
    adc_task_init                            0x08001dc1   Thumb Code    24  adc_task.o(i.adc_task_init)
    delay_decrement                          0x08001ded   Thumb Code    16  systick.o(i.delay_decrement)
    delay_init                               0x08001e01   Thumb Code     4  bsp_delay.o(i.delay_init)
    delay_ms                                 0x08001e05   Thumb Code    10  bsp_delay.o(i.delay_ms)
    delay_timer_init                         0x08001e11   Thumb Code    70  bsp_delay.o(i.delay_timer_init)
    delay_us                                 0x08001e5d   Thumb Code    14  bsp_delay.o(i.delay_us)
    dma_channel_enable                       0x08001e71   Thumb Code    32  gd32f30x_dma.o(i.dma_channel_enable)
    dma_circulation_enable                   0x08001e91   Thumb Code    32  gd32f30x_dma.o(i.dma_circulation_enable)
    dma_config                               0x08001eb1   Thumb Code    82  bsp_adc.o(i.dma_config)
    dma_deinit                               0x08001f11   Thumb Code    54  gd32f30x_dma.o(i.dma_deinit)
    dma_init                                 0x08001f47   Thumb Code   120  gd32f30x_dma.o(i.dma_init)
    eTaskGetState                            0x08001fd9   Thumb Code   130  tasks.o(i.eTaskGetState)
    fputc                                    0x08002091   Thumb Code    30  bsp_usart.o(i.fputc)
    get_complie_time                         0x080020b5   Thumb Code     4  util.o(i.get_complie_time)
    gpio_init                                0x080020c5   Thumb Code   160  gd32f30x_gpio.o(i.gpio_init)
    main                                     0x08002165   Thumb Code    34  main.o(i.main)
    nvic_irq_enable                          0x0800218d   Thumb Code   144  gd32f30x_misc.o(i.nvic_irq_enable)
    nvic_priority_group_set                  0x08002221   Thumb Code    10  gd32f30x_misc.o(i.nvic_priority_group_set)
    pcTaskGetName                            0x08002235   Thumb Code    44  tasks.o(i.pcTaskGetName)
    pvPortMalloc                             0x0800274d   Thumb Code   270  heap_4.o(i.pvPortMalloc)
    pxPortInitialiseStack                    0x0800288d   Thumb Code    40  port.o(i.pxPortInitialiseStack)
    rcu_clock_freq_get                       0x080028b9   Thumb Code   218  gd32f30x_rcu.o(i.rcu_clock_freq_get)
    rcu_periph_clock_enable                  0x080029b1   Thumb Code    22  gd32f30x_rcu.o(i.rcu_periph_clock_enable)
    rcu_periph_reset_disable                 0x080029cd   Thumb Code    22  gd32f30x_rcu.o(i.rcu_periph_reset_disable)
    rcu_periph_reset_enable                  0x080029e9   Thumb Code    22  gd32f30x_rcu.o(i.rcu_periph_reset_enable)
    system_init                              0x08002ac1   Thumb Code    28  system.o(i.system_init)
    test_task_init                           0x08002b59   Thumb Code    24  test_task.o(i.test_task_init)
    timer_config                             0x08002b81   Thumb Code    78  bsp_adc.o(i.timer_config)
    timer_deinit                             0x08002bd1   Thumb Code   110  gd32f30x_timer.o(i.timer_deinit)
    timer_enable                             0x08002c49   Thumb Code    10  gd32f30x_timer.o(i.timer_enable)
    timer_init                               0x08002c55   Thumb Code   120  gd32f30x_timer.o(i.timer_init)
    timer_interrupt_enable                   0x08002ce9   Thumb Code     8  gd32f30x_timer.o(i.timer_interrupt_enable)
    timer_interrupt_flag_clear               0x08002cf1   Thumb Code     6  gd32f30x_timer.o(i.timer_interrupt_flag_clear)
    timer_interrupt_flag_get                 0x08002cf7   Thumb Code    20  gd32f30x_timer.o(i.timer_interrupt_flag_get)
    uart_printf_init                         0x08002d0d   Thumb Code   130  bsp_usart.o(i.uart_printf_init)
    usart_baudrate_set                       0x08002d99   Thumb Code    76  gd32f30x_usart.o(i.usart_baudrate_set)
    usart_data_transmit                      0x08002ded   Thumb Code     8  gd32f30x_usart.o(i.usart_data_transmit)
    usart_deinit                             0x08002df5   Thumb Code    80  gd32f30x_usart.o(i.usart_deinit)
    usart_enable                             0x08002e4d   Thumb Code    10  gd32f30x_usart.o(i.usart_enable)
    usart_flag_get                           0x08002e57   Thumb Code    22  gd32f30x_usart.o(i.usart_flag_get)
    usart_hardware_flow_cts_config           0x08002e6d   Thumb Code    12  gd32f30x_usart.o(i.usart_hardware_flow_cts_config)
    usart_hardware_flow_rts_config           0x08002e79   Thumb Code    12  gd32f30x_usart.o(i.usart_hardware_flow_rts_config)
    usart_parity_config                      0x08002e85   Thumb Code    16  gd32f30x_usart.o(i.usart_parity_config)
    usart_receive_config                     0x08002e95   Thumb Code    12  gd32f30x_usart.o(i.usart_receive_config)
    usart_stop_bit_set                       0x08002ea1   Thumb Code    16  gd32f30x_usart.o(i.usart_stop_bit_set)
    usart_transmit_config                    0x08002eb1   Thumb Code    12  gd32f30x_usart.o(i.usart_transmit_config)
    usart_word_length_set                    0x08002ebd   Thumb Code    16  gd32f30x_usart.o(i.usart_word_length_set)
    uxListRemove                             0x08002ecd   Thumb Code    38  list.o(i.uxListRemove)
    uxTaskGetNumberOfTasks                   0x08002ef5   Thumb Code     6  tasks.o(i.uxTaskGetNumberOfTasks)
    uxTaskGetStackHighWaterMark              0x08002f01   Thumb Code    12  tasks.o(i.uxTaskGetStackHighWaterMark)
    uxTaskGetSystemState                     0x08002f11   Thumb Code   162  tasks.o(i.uxTaskGetSystemState)
    uxTaskPriorityGet                        0x08002fc1   Thumb Code    24  tasks.o(i.uxTaskPriorityGet)
    vApplicationIdleHook                     0x08002fdd   Thumb Code     2  osal.o(i.vApplicationIdleHook)
    vApplicationStackOverflowHook            0x08002fe1   Thumb Code     6  osal.o(i.vApplicationStackOverflowHook)
    vListInitialise                          0x0800300d   Thumb Code    22  list.o(i.vListInitialise)
    vListInitialiseItem                      0x08003023   Thumb Code     6  list.o(i.vListInitialiseItem)
    vListInsert                              0x08003029   Thumb Code    48  list.o(i.vListInsert)
    vListInsertEnd                           0x08003059   Thumb Code    24  list.o(i.vListInsertEnd)
    vPortEnterCritical                       0x08003071   Thumb Code    70  port.o(i.vPortEnterCritical)
    vPortExitCritical                        0x080030ed   Thumb Code    50  port.o(i.vPortExitCritical)
    vPortFree                                0x08003151   Thumb Code   122  heap_4.o(i.vPortFree)
    vPortSetupTimerInterrupt                 0x080031fd   Thumb Code    32  port.o(i.vPortSetupTimerInterrupt)
    vPortValidateInterruptPriority           0x08003221   Thumb Code   102  port.o(i.vPortValidateInterruptPriority)
    vTaskDelay                               0x080032bd   Thumb Code    80  tasks.o(i.vTaskDelay)
    vTaskGetInfo                             0x08003341   Thumb Code   110  tasks.o(i.vTaskGetInfo)
    vTaskGetRunTimeStats                     0x080033b5   Thumb Code   134  tasks.o(i.vTaskGetRunTimeStats)
    vTaskInternalSetTimeOutState             0x08003459   Thumb Code    12  tasks.o(i.vTaskInternalSetTimeOutState)
    vTaskList                                0x08003469   Thumb Code   148  tasks.o(i.vTaskList)
    vTaskMissedYield                         0x08003511   Thumb Code     8  tasks.o(i.vTaskMissedYield)
    vTaskPlaceOnEventList                    0x0800351d   Thumb Code    58  tasks.o(i.vTaskPlaceOnEventList)
    vTaskStartScheduler                      0x08003589   Thumb Code   104  tasks.o(i.vTaskStartScheduler)
    vTaskSuspendAll                          0x08003631   Thumb Code    10  tasks.o(i.vTaskSuspendAll)
    vTaskSwitchContext                       0x08003641   Thumb Code   150  tasks.o(i.vTaskSwitchContext)
    xPortStartScheduler                      0x08003711   Thumb Code   280  port.o(i.xPortStartScheduler)
    xPortSysTickHandler                      0x08003869   Thumb Code    38  port.o(i.xPortSysTickHandler)
    xQueueGenericCreate                      0x08003895   Thumb Code   168  queue.o(i.xQueueGenericCreate)
    xQueueGenericReset                       0x08003969   Thumb Code   146  queue.o(i.xQueueGenericReset)
    xQueueGiveFromISR                        0x08003a2d   Thumb Code   232  queue.o(i.xQueueGiveFromISR)
    xQueueSemaphoreTake                      0x08003b41   Thumb Code   332  queue.o(i.xQueueSemaphoreTake)
    xTaskCheckForTimeOut                     0x08003cbd   Thumb Code   146  tasks.o(i.xTaskCheckForTimeOut)
    xTaskCreate                              0x08003d81   Thumb Code    86  tasks.o(i.xTaskCreate)
    xTaskGetSchedulerState                   0x08003dd9   Thumb Code    22  tasks.o(i.xTaskGetSchedulerState)
    xTaskIncrementTick                       0x08003df5   Thumb Code   208  tasks.o(i.xTaskIncrementTick)
    xTaskRemoveFromEventList                 0x08003ef9   Thumb Code   122  tasks.o(i.xTaskRemoveFromEventList)
    xTaskResumeAll                           0x08003fa9   Thumb Code   196  tasks.o(i.xTaskResumeAll)
    Region$$Table$$Base                      0x08004528   Number         0  anon$$obj.o(Region$$Table)
    Region$$Table$$Limit                     0x08004548   Number         0  anon$$obj.o(Region$$Table)
    SystemCoreClock                          0x20000004   Data           4  system_gd32f30x.o(.data)
    g_timeticks                              0x20000008   Data           4  bsp_delay.o(.data)
    xHighPriorityTaskWoken                   0x20000010   Data           4  bsp_adc.o(.data)
    binIRQSemaphore                          0x20000014   Data           4  bsp_adc.o(.data)
    pxCurrentTCB                             0x200000dc   Data           4  tasks.o(.data)
    uxTopUsedPriority                        0x2000010c   Data           4  tasks.o(.data)
    __stdout                                 0x20000150   Data           4  stdout.o(.data)
    adc_value                                0x20000194   Data          64  bsp_adc.o(.bss)
    cache_data                               0x200001d4   Data        2048  bsp_adc.o(.bss)
    _SEGGER_RTT                              0x20004e9c   Data         168  segger_rtt.o(.bss)
    __initial_sp                             0x20005758   Data           0  startup_gd32f30x_hd.o(STACK)



==============================================================================

Memory Map of the image

  Image Entry point : 0x08000131

  Load Region LR_IROM1 (Base: 0x08000000, Size: 0x0000469c, Max: 0x00080000, ABSOLUTE, COMPRESSED[0x0000459c])

    Execution Region ER_IROM1 (Exec base: 0x08000000, Load base: 0x08000000, Size: 0x00004548, Max: 0x00080000, ABSOLUTE)

    Exec Addr    Load Addr    Size         Type   Attr      Idx    E Section Name        Object

    0x08000000   0x08000000   0x00000130   Data   RO         4360    RESET               startup_gd32f30x_hd.o
    0x08000130   0x08000130   0x00000000   Code   RO         6763  * .ARM.Collect$$$$00000000  mc_w.l(entry.o)
    0x08000130   0x08000130   0x00000004   Code   RO         7055    .ARM.Collect$$$$00000001  mc_w.l(entry2.o)
    0x08000134   0x08000134   0x00000004   Code   RO         7058    .ARM.Collect$$$$00000004  mc_w.l(entry5.o)
    0x08000138   0x08000138   0x00000000   Code   RO         7060    .ARM.Collect$$$$00000008  mc_w.l(entry7b.o)
    0x08000138   0x08000138   0x00000000   Code   RO         7062    .ARM.Collect$$$$0000000A  mc_w.l(entry8b.o)
    0x08000138   0x08000138   0x00000008   Code   RO         7063    .ARM.Collect$$$$0000000B  mc_w.l(entry9a.o)
    0x08000140   0x08000140   0x00000000   Code   RO         7065    .ARM.Collect$$$$0000000D  mc_w.l(entry10a.o)
    0x08000140   0x08000140   0x00000000   Code   RO         7067    .ARM.Collect$$$$0000000F  mc_w.l(entry11a.o)
    0x08000140   0x08000140   0x00000004   Code   RO         7056    .ARM.Collect$$$$00002712  mc_w.l(entry2.o)
    0x08000144   0x08000144   0x000000be   Code   RO         5707    .emb_text           port.o
    0x08000202   0x08000202   0x00000002   PAD
    0x08000204   0x08000204   0x00000024   Code   RO         4361    .text               startup_gd32f30x_hd.o
    0x08000228   0x08000228   0x00000024   Code   RO         6766    .text               mc_w.l(memcpya.o)
    0x0800024c   0x0800024c   0x00000024   Code   RO         6768    .text               mc_w.l(memseta.o)
    0x08000270   0x08000270   0x0000000e   Code   RO         6774    .text               mc_w.l(strlen.o)
    0x0800027e   0x0800027e   0x00000012   Code   RO         6776    .text               mc_w.l(strcpy.o)
    0x08000290   0x08000290   0x000000e4   Code   RO         7049    .text               mf_w.l(dmul.o)
    0x08000374   0x08000374   0x00000022   Code   RO         7051    .text               mf_w.l(dflti.o)
    0x08000396   0x08000396   0x0000003e   Code   RO         7053    .text               mf_w.l(dfixi.o)
    0x080003d4   0x080003d4   0x0000002c   Code   RO         7070    .text               mc_w.l(uidiv.o)
    0x08000400   0x08000400   0x00000062   Code   RO         7072    .text               mc_w.l(uldiv.o)
    0x08000462   0x08000462   0x00000020   Code   RO         7074    .text               mc_w.l(llushr.o)
    0x08000482   0x08000482   0x00000000   Code   RO         7076    .text               mc_w.l(iusefp.o)
    0x08000482   0x08000482   0x000000ba   Code   RO         7077    .text               mf_w.l(depilogue.o)
    0x0800053c   0x0800053c   0x0000014e   Code   RO         7079    .text               mf_w.l(dadd.o)
    0x0800068a   0x0800068a   0x000000de   Code   RO         7081    .text               mf_w.l(ddiv.o)
    0x08000768   0x08000768   0x00000030   Code   RO         7083    .text               mf_w.l(dfixul.o)
    0x08000798   0x08000798   0x00000030   Code   RO         7085    .text               mf_w.l(cdrcmple.o)
    0x080007c8   0x080007c8   0x00000024   Code   RO         7087    .text               mc_w.l(init.o)
    0x080007ec   0x080007ec   0x0000001e   Code   RO         7089    .text               mc_w.l(llshl.o)
    0x0800080a   0x0800080a   0x00000024   Code   RO         7091    .text               mc_w.l(llsshr.o)
    0x0800082e   0x0800082e   0x00000056   Code   RO         7101    .text               mc_w.l(__dczerorl2.o)
    0x08000884   0x08000884   0x00000054   Code   RO         4602    i.ADC0_1_IRQHandler  bsp_adc.o
    0x080008d8   0x080008d8   0x00000014   Code   RO            3    i.BusFault_Handler  gd32f30x_it.o
    0x080008ec   0x080008ec   0x00000002   Code   RO            4    i.DebugMon_Handler  gd32f30x_it.o
    0x080008ee   0x080008ee   0x00000002   PAD
    0x080008f0   0x080008f0   0x00000014   Code   RO            5    i.HardFault_Handler  gd32f30x_it.o
    0x08000904   0x08000904   0x00000014   Code   RO            6    i.MemManage_Handler  gd32f30x_it.o
    0x08000918   0x08000918   0x00000014   Code   RO            7    i.NMI_Handler       gd32f30x_it.o
    0x0800092c   0x0800092c   0x00000018   Code   RO         4945    i.OS_GetVersion     osal.o
    0x08000944   0x08000944   0x0000002c   Code   RO         4946    i.OS_Init           osal.o
    0x08000970   0x08000970   0x00000004   Code   RO         4947    i.OS_MemAlloc       osal.o
    0x08000974   0x08000974   0x00000004   Code   RO         4949    i.OS_MsDelay        osal.o
    0x08000978   0x08000978   0x00000004   Code   RO         4950    i.OS_StartScheduler  osal.o
    0x0800097c   0x0800097c   0x000000c8   Code   RO         4951    i.OS_SysInfo        osal.o
    0x08000a44   0x08000a44   0x00000016   Code   RO         4952    i.OS_TaskCreate     osal.o
    0x08000a5a   0x08000a5a   0x00000004   Code   RO         4954    i.OS_TaskGetFreeStackSpace  osal.o
    0x08000a5e   0x08000a5e   0x00000004   Code   RO         4955    i.OS_TaskGetName    osal.o
    0x08000a62   0x08000a62   0x00000004   Code   RO         4956    i.OS_TaskGetPriority  osal.o
    0x08000a66   0x08000a66   0x00000004   Code   RO            8    i.PendSV_Handler    gd32f30x_it.o
    0x08000a6a   0x08000a6a   0x00000002   PAD
    0x08000a6c   0x08000a6c   0x00000038   Code   RO         5878    i.SEGGER_RTT_Write  segger_rtt.o
    0x08000aa4   0x08000aa4   0x0000005c   Code   RO         5881    i.SEGGER_RTT_WriteNoLock  segger_rtt.o
    0x08000b00   0x08000b00   0x00000016   Code   RO         6083    i.SEGGER_RTT_printf  segger_rtt_printf.o
    0x08000b16   0x08000b16   0x000001ac   Code   RO         6084    i.SEGGER_RTT_vprintf  segger_rtt_printf.o
    0x08000cc2   0x08000cc2   0x00000004   Code   RO            9    i.SVC_Handler       gd32f30x_it.o
    0x08000cc6   0x08000cc6   0x0000000e   Code   RO           10    i.SysTick_Handler   gd32f30x_it.o
    0x08000cd4   0x08000cd4   0x0000005c   Code   RO          380    i.SystemInit        system_gd32f30x.o
    0x08000d30   0x08000d30   0x00000050   Code   RO         4603    i.TIMER1_IRQHandler  bsp_adc.o
    0x08000d80   0x08000d80   0x0000001c   Code   RO         4555    i.TIMER6_IRQHandler  bsp_delay.o
    0x08000d9c   0x08000d9c   0x00000014   Code   RO           11    i.UsageFault_Handler  gd32f30x_it.o
    0x08000db0   0x08000db0   0x00000064   Code   RO         5885    i._DoInit           segger_rtt.o
    0x08000e14   0x08000e14   0x00000016   Code   RO         5886    i._GetAvailWriteSpace  segger_rtt.o
    0x08000e2a   0x08000e2a   0x0000008a   Code   RO         6085    i._PrintFloat       segger_rtt_printf.o
    0x08000eb4   0x08000eb4   0x000000c4   Code   RO         6086    i._PrintInt         segger_rtt_printf.o
    0x08000f78   0x08000f78   0x000000cc   Code   RO         6087    i._PrintUnsigned    segger_rtt_printf.o
    0x08001044   0x08001044   0x0000003e   Code   RO         6088    i._StoreChar        segger_rtt_printf.o
    0x08001082   0x08001082   0x0000005a   Code   RO         5888    i._WriteBlocking    segger_rtt.o
    0x080010dc   0x080010dc   0x00000042   Code   RO         5889    i._WriteNoCheck     segger_rtt.o
    0x0800111e   0x0800111e   0x00000002   PAD
    0x08001120   0x08001120   0x00000020   Code   RO         7021    i.__0printf         mc_w.l(printfa.o)
    0x08001140   0x08001140   0x00000028   Code   RO         7023    i.__0sprintf        mc_w.l(printfa.o)
    0x08001168   0x08001168   0x0000000e   Code   RO         7095    i.__scatterload_copy  mc_w.l(handlers.o)
    0x08001176   0x08001176   0x00000002   Code   RO         7096    i.__scatterload_null  mc_w.l(handlers.o)
    0x08001178   0x08001178   0x0000000e   Code   RO         7097    i.__scatterload_zeroinit  mc_w.l(handlers.o)
    0x08001186   0x08001186   0x00000002   PAD
    0x08001188   0x08001188   0x00000184   Code   RO         7028    i._fp_digits        mc_w.l(printfa.o)
    0x0800130c   0x0800130c   0x000006dc   Code   RO         7029    i._printf_core      mc_w.l(printfa.o)
    0x080019e8   0x080019e8   0x00000024   Code   RO         7030    i._printf_post_padding  mc_w.l(printfa.o)
    0x08001a0c   0x08001a0c   0x0000002e   Code   RO         7031    i._printf_pre_padding  mc_w.l(printfa.o)
    0x08001a3a   0x08001a3a   0x0000000a   Code   RO         7033    i._sputc            mc_w.l(printfa.o)
    0x08001a44   0x08001a44   0x0000001e   Code   RO          416    i.adc_calibration_enable  gd32f30x_adc.o
    0x08001a62   0x08001a62   0x00000036   Code   RO          417    i.adc_channel_length_config  gd32f30x_adc.o
    0x08001a98   0x08001a98   0x000000a0   Code   RO         4604    i.adc_config        bsp_adc.o
    0x08001b38   0x08001b38   0x00000014   Code   RO          418    i.adc_data_alignment_config  gd32f30x_adc.o
    0x08001b4c   0x08001b4c   0x0000000a   Code   RO          423    i.adc_dma_mode_enable  gd32f30x_adc.o
    0x08001b56   0x08001b56   0x00000010   Code   RO          424    i.adc_enable        gd32f30x_adc.o
    0x08001b66   0x08001b66   0x00000036   Code   RO          425    i.adc_external_trigger_config  gd32f30x_adc.o
    0x08001b9c   0x08001b9c   0x00000020   Code   RO          426    i.adc_external_trigger_source_config  gd32f30x_adc.o
    0x08001bbc   0x08001bbc   0x00000028   Code   RO         4605    i.adc_gpio_config   bsp_adc.o
    0x08001be4   0x08001be4   0x0000002c   Code   RO         4606    i.adc_init          bsp_adc.o
    0x08001c10   0x08001c10   0x00000026   Code   RO          433    i.adc_interrupt_enable  gd32f30x_adc.o
    0x08001c36   0x08001c36   0x00000008   Code   RO          434    i.adc_interrupt_flag_clear  gd32f30x_adc.o
    0x08001c3e   0x08001c3e   0x00000002   PAD
    0x08001c40   0x08001c40   0x00000018   Code   RO          436    i.adc_mode_config   gd32f30x_adc.o
    0x08001c58   0x08001c58   0x00000026   Code   RO         4607    i.adc_rcu_config    bsp_adc.o
    0x08001c7e   0x08001c7e   0x0000007e   Code   RO          440    i.adc_regular_channel_config  gd32f30x_adc.o
    0x08001cfc   0x08001cfc   0x00000006   Code   RO          441    i.adc_regular_data_read  gd32f30x_adc.o
    0x08001d02   0x08001d02   0x0000001a   Code   RO          443    i.adc_software_trigger_enable  gd32f30x_adc.o
    0x08001d1c   0x08001d1c   0x00000052   Code   RO          444    i.adc_special_function_config  gd32f30x_adc.o
    0x08001d6e   0x08001d6e   0x00000002   PAD
    0x08001d70   0x08001d70   0x00000050   Code   RO         4913    i.adc_task          adc_task.o
    0x08001dc0   0x08001dc0   0x0000002c   Code   RO         4914    i.adc_task_init     adc_task.o
    0x08001dec   0x08001dec   0x00000014   Code   RO          338    i.delay_decrement   systick.o
    0x08001e00   0x08001e00   0x00000004   Code   RO         4556    i.delay_init        bsp_delay.o
    0x08001e04   0x08001e04   0x0000000a   Code   RO         4557    i.delay_ms          bsp_delay.o
    0x08001e0e   0x08001e0e   0x00000002   PAD
    0x08001e10   0x08001e10   0x0000004c   Code   RO         4558    i.delay_timer_init  bsp_delay.o
    0x08001e5c   0x08001e5c   0x00000014   Code   RO         4559    i.delay_us          bsp_delay.o
    0x08001e70   0x08001e70   0x00000020   Code   RO         1378    i.dma_channel_enable  gd32f30x_dma.o
    0x08001e90   0x08001e90   0x00000020   Code   RO         1380    i.dma_circulation_enable  gd32f30x_dma.o
    0x08001eb0   0x08001eb0   0x00000060   Code   RO         4608    i.dma_config        bsp_adc.o
    0x08001f10   0x08001f10   0x00000036   Code   RO         1381    i.dma_deinit        gd32f30x_dma.o
    0x08001f46   0x08001f46   0x00000078   Code   RO         1384    i.dma_init          gd32f30x_dma.o
    0x08001fbe   0x08001fbe   0x00000002   PAD
    0x08001fc0   0x08001fc0   0x00000018   Code   RO         1396    i.dma_periph_and_channel_check  gd32f30x_dma.o
    0x08001fd8   0x08001fd8   0x000000b8   Code   RO         5353    i.eTaskGetState     tasks.o
    0x08002090   0x08002090   0x00000024   Code   RO         4525    i.fputc             bsp_usart.o
    0x080020b4   0x080020b4   0x00000010   Code   RO         4783    i.get_complie_time  util.o
    0x080020c4   0x080020c4   0x000000a0   Code   RO         2102    i.gpio_init         gd32f30x_gpio.o
    0x08002164   0x08002164   0x00000028   Code   RO          257    i.main              main.o
    0x0800218c   0x0800218c   0x00000094   Code   RO         2420    i.nvic_irq_enable   gd32f30x_misc.o
    0x08002220   0x08002220   0x00000014   Code   RO         2421    i.nvic_priority_group_set  gd32f30x_misc.o
    0x08002234   0x08002234   0x0000005c   Code   RO         5354    i.pcTaskGetName     tasks.o
    0x08002290   0x08002290   0x00000070   Code   RO         5355    i.prvAddCurrentTaskToDelayedList  tasks.o
    0x08002300   0x08002300   0x000000d0   Code   RO         5356    i.prvAddNewTaskToReadyList  tasks.o
    0x080023d0   0x080023d0   0x00000014   Code   RO         5357    i.prvDeleteTCB      tasks.o
    0x080023e4   0x080023e4   0x0000004c   Code   RO         5785    i.prvHeapInit       heap_4.o
    0x08002430   0x08002430   0x00000060   Code   RO         5358    i.prvIdleTask       tasks.o
    0x08002490   0x08002490   0x000000e4   Code   RO         5359    i.prvInitialiseNewTask  tasks.o
    0x08002574   0x08002574   0x0000004c   Code   RO         5786    i.prvInsertBlockIntoFreeList  heap_4.o
    0x080025c0   0x080025c0   0x0000001a   Code   RO         5211    i.prvIsQueueEmpty   queue.o
    0x080025da   0x080025da   0x00000056   Code   RO         5360    i.prvListTasksWithinSingleList  tasks.o
    0x08002630   0x08002630   0x0000001c   Code   RO         5361    i.prvResetNextTaskUnblockTime  tasks.o
    0x0800264c   0x0800264c   0x00000014   Code   RO         5362    i.prvTaskCheckFreeStackSpace  tasks.o
    0x08002660   0x08002660   0x00000060   Code   RO         5708    i.prvTaskExitError  port.o
    0x080026c0   0x080026c0   0x0000006a   Code   RO         5212    i.prvUnlockQueue    queue.o
    0x0800272a   0x0800272a   0x00000022   Code   RO         5364    i.prvWriteNameToBuffer  tasks.o
    0x0800274c   0x0800274c   0x00000140   Code   RO         5787    i.pvPortMalloc      heap_4.o
    0x0800288c   0x0800288c   0x0000002c   Code   RO         5709    i.pxPortInitialiseStack  port.o
    0x080028b8   0x080028b8   0x000000f8   Code   RO         2619    i.rcu_clock_freq_get  gd32f30x_rcu.o
    0x080029b0   0x080029b0   0x0000001c   Code   RO         2637    i.rcu_periph_clock_enable  gd32f30x_rcu.o
    0x080029cc   0x080029cc   0x0000001c   Code   RO         2640    i.rcu_periph_reset_disable  gd32f30x_rcu.o
    0x080029e8   0x080029e8   0x0000001c   Code   RO         2641    i.rcu_periph_reset_enable  gd32f30x_rcu.o
    0x08002a04   0x08002a04   0x000000bc   Code   RO          381    i.system_clock_120m_hxtal  system_gd32f30x.o
    0x08002ac0   0x08002ac0   0x00000040   Code   RO         4718    i.system_init       system.o
    0x08002b00   0x08002b00   0x00000058   Code   RO         4754    i.test_task         test_task.o
    0x08002b58   0x08002b58   0x00000028   Code   RO         4755    i.test_task_init    test_task.o
    0x08002b80   0x08002b80   0x0000004e   Code   RO         4610    i.timer_config      bsp_adc.o
    0x08002bce   0x08002bce   0x00000002   PAD
    0x08002bd0   0x08002bd0   0x00000078   Code   RO         3524    i.timer_deinit      gd32f30x_timer.o
    0x08002c48   0x08002c48   0x0000000a   Code   RO         3529    i.timer_enable      gd32f30x_timer.o
    0x08002c52   0x08002c52   0x00000002   PAD
    0x08002c54   0x08002c54   0x00000094   Code   RO         3539    i.timer_init        gd32f30x_timer.o
    0x08002ce8   0x08002ce8   0x00000008   Code   RO         3546    i.timer_interrupt_enable  gd32f30x_timer.o
    0x08002cf0   0x08002cf0   0x00000006   Code   RO         3547    i.timer_interrupt_flag_clear  gd32f30x_timer.o
    0x08002cf6   0x08002cf6   0x00000014   Code   RO         3548    i.timer_interrupt_flag_get  gd32f30x_timer.o
    0x08002d0a   0x08002d0a   0x00000002   PAD
    0x08002d0c   0x08002d0c   0x0000008c   Code   RO         4526    i.uart_printf_init  bsp_usart.o
    0x08002d98   0x08002d98   0x00000054   Code   RO         3933    i.usart_baudrate_set  gd32f30x_usart.o
    0x08002dec   0x08002dec   0x00000008   Code   RO         3937    i.usart_data_transmit  gd32f30x_usart.o
    0x08002df4   0x08002df4   0x00000058   Code   RO         3938    i.usart_deinit      gd32f30x_usart.o
    0x08002e4c   0x08002e4c   0x0000000a   Code   RO         3942    i.usart_enable      gd32f30x_usart.o
    0x08002e56   0x08002e56   0x00000016   Code   RO         3944    i.usart_flag_get    gd32f30x_usart.o
    0x08002e6c   0x08002e6c   0x0000000c   Code   RO         3948    i.usart_hardware_flow_cts_config  gd32f30x_usart.o
    0x08002e78   0x08002e78   0x0000000c   Code   RO         3949    i.usart_hardware_flow_rts_config  gd32f30x_usart.o
    0x08002e84   0x08002e84   0x00000010   Code   RO         3964    i.usart_parity_config  gd32f30x_usart.o
    0x08002e94   0x08002e94   0x0000000c   Code   RO         3966    i.usart_receive_config  gd32f30x_usart.o
    0x08002ea0   0x08002ea0   0x00000010   Code   RO         3976    i.usart_stop_bit_set  gd32f30x_usart.o
    0x08002eb0   0x08002eb0   0x0000000c   Code   RO         3980    i.usart_transmit_config  gd32f30x_usart.o
    0x08002ebc   0x08002ebc   0x00000010   Code   RO         3981    i.usart_word_length_set  gd32f30x_usart.o
    0x08002ecc   0x08002ecc   0x00000026   Code   RO         5173    i.uxListRemove      list.o
    0x08002ef2   0x08002ef2   0x00000002   PAD
    0x08002ef4   0x08002ef4   0x0000000c   Code   RO         5367    i.uxTaskGetNumberOfTasks  tasks.o
    0x08002f00   0x08002f00   0x00000010   Code   RO         5368    i.uxTaskGetStackHighWaterMark  tasks.o
    0x08002f10   0x08002f10   0x000000b0   Code   RO         5369    i.uxTaskGetSystemState  tasks.o
    0x08002fc0   0x08002fc0   0x0000001c   Code   RO         5371    i.uxTaskPriorityGet  tasks.o
    0x08002fdc   0x08002fdc   0x00000002   Code   RO         4960    i.vApplicationIdleHook  osal.o
    0x08002fde   0x08002fde   0x00000002   PAD
    0x08002fe0   0x08002fe0   0x0000002c   Code   RO         4961    i.vApplicationStackOverflowHook  osal.o
    0x0800300c   0x0800300c   0x00000016   Code   RO         5174    i.vListInitialise   list.o
    0x08003022   0x08003022   0x00000006   Code   RO         5175    i.vListInitialiseItem  list.o
    0x08003028   0x08003028   0x00000030   Code   RO         5176    i.vListInsert       list.o
    0x08003058   0x08003058   0x00000018   Code   RO         5177    i.vListInsertEnd    list.o
    0x08003070   0x08003070   0x0000007c   Code   RO         5711    i.vPortEnterCritical  port.o
    0x080030ec   0x080030ec   0x00000064   Code   RO         5712    i.vPortExitCritical  port.o
    0x08003150   0x08003150   0x000000ac   Code   RO         5788    i.vPortFree         heap_4.o
    0x080031fc   0x080031fc   0x00000024   Code   RO         5713    i.vPortSetupTimerInterrupt  port.o
    0x08003220   0x08003220   0x0000009c   Code   RO         5714    i.vPortValidateInterruptPriority  port.o
    0x080032bc   0x080032bc   0x00000084   Code   RO         5374    i.vTaskDelay        tasks.o
    0x08003340   0x08003340   0x00000074   Code   RO         5378    i.vTaskGetInfo      tasks.o
    0x080033b4   0x080033b4   0x000000a4   Code   RO         5379    i.vTaskGetRunTimeStats  tasks.o
    0x08003458   0x08003458   0x00000010   Code   RO         5380    i.vTaskInternalSetTimeOutState  tasks.o
    0x08003468   0x08003468   0x000000a8   Code   RO         5381    i.vTaskList         tasks.o
    0x08003510   0x08003510   0x0000000c   Code   RO         5382    i.vTaskMissedYield  tasks.o
    0x0800351c   0x0800351c   0x0000006c   Code   RO         5383    i.vTaskPlaceOnEventList  tasks.o
    0x08003588   0x08003588   0x000000a8   Code   RO         5390    i.vTaskStartScheduler  tasks.o
    0x08003630   0x08003630   0x00000010   Code   RO         5392    i.vTaskSuspendAll   tasks.o
    0x08003640   0x08003640   0x000000d0   Code   RO         5393    i.vTaskSwitchContext  tasks.o
    0x08003710   0x08003710   0x00000158   Code   RO         5715    i.xPortStartScheduler  port.o
    0x08003868   0x08003868   0x0000002c   Code   RO         5716    i.xPortSysTickHandler  port.o
    0x08003894   0x08003894   0x000000d4   Code   RO         5220    i.xQueueGenericCreate  queue.o
    0x08003968   0x08003968   0x000000c4   Code   RO         5221    i.xQueueGenericReset  queue.o
    0x08003a2c   0x08003a2c   0x00000114   Code   RO         5224    i.xQueueGiveFromISR  queue.o
    0x08003b40   0x08003b40   0x0000017c   Code   RO         5231    i.xQueueSemaphoreTake  queue.o
    0x08003cbc   0x08003cbc   0x000000c4   Code   RO         5395    i.xTaskCheckForTimeOut  tasks.o
    0x08003d80   0x08003d80   0x00000056   Code   RO         5396    i.xTaskCreate       tasks.o
    0x08003dd6   0x08003dd6   0x00000002   PAD
    0x08003dd8   0x08003dd8   0x0000001c   Code   RO         5403    i.xTaskGetSchedulerState  tasks.o
    0x08003df4   0x08003df4   0x00000104   Code   RO         5406    i.xTaskIncrementTick  tasks.o
    0x08003ef8   0x08003ef8   0x000000b0   Code   RO         5407    i.xTaskRemoveFromEventList  tasks.o
    0x08003fa8   0x08003fa8   0x000000fc   Code   RO         5408    i.xTaskResumeAll    tasks.o
    0x080040a4   0x080040a4   0x00000054   Data   RO           12    .constdata          gd32f30x_it.o
    0x080040f8   0x080040f8   0x00000144   Data   RO         5232    .constdata          queue.o
    0x0800423c   0x0800423c   0x00000238   Data   RO         5411    .constdata          tasks.o
    0x08004474   0x08004474   0x0000007b   Data   RO         5717    .constdata          port.o
    0x080044ef   0x080044ef   0x00000017   Data   RO         5794    .constdata          heap_4.o
    0x08004506   0x08004506   0x00000011   Data   RO         5891    .constdata          segger_rtt.o
    0x08004517   0x08004517   0x00000010   Data   RO         6089    .constdata          segger_rtt_printf.o
    0x08004527   0x08004527   0x00000001   PAD
    0x08004528   0x08004528   0x00000020   Data   RO         7093    Region$$Table       anon$$obj.o


    Execution Region RW_IRAM1 (Exec base: 0x20000000, Load base: 0x08004548, Size: 0x00005758, Max: 0x00010000, ABSOLUTE, COMPRESSED[0x00000054])

    Exec Addr    Load Addr    Size         Type   Attr      Idx    E Section Name        Object

    0x20000000   COMPRESSED   0x00000004   Data   RW          340    .data               systick.o
    0x20000004   COMPRESSED   0x00000004   Data   RW          382    .data               system_gd32f30x.o
    0x20000008   COMPRESSED   0x00000004   Data   RW         4560    .data               bsp_delay.o
    0x2000000c   COMPRESSED   0x000000cc   Data   RW         4613    .data               bsp_adc.o
    0x200000d8   COMPRESSED   0x00000004   Data   RW         4915    .data               adc_task.o
    0x200000dc   COMPRESSED   0x00000048   Data   RW         5412    .data               tasks.o
    0x20000124   COMPRESSED   0x0000000c   Data   RW         5718    .data               port.o
    0x20000130   COMPRESSED   0x00000020   Data   RW         5795    .data               heap_4.o
    0x20000150   COMPRESSED   0x00000004   Data   RW         7069    .data               mc_w.l(stdout.o)
    0x20000154        -       0x00000080   Zero   RW         4611    .bss                bsp_adc.o
    0x200001d4        -       0x00000800   Zero   RW         4612    .bss                bsp_adc.o
    0x200009d4        -       0x000000c8   Zero   RW         5410    .bss                tasks.o
    0x20000a9c        -       0x00004400   Zero   RW         5793    .bss                heap_4.o
    0x20004e9c        -       0x000004b8   Zero   RW         5890    .bss                segger_rtt.o
    0x20005354   COMPRESSED   0x00000004   PAD
    0x20005358        -       0x00000400   Zero   RW         4358    STACK               startup_gd32f30x_hd.o


==============================================================================

Image component sizes


      Code (inc. data)   RO Data    RW Data    ZI Data      Debug   Object Name

       124         32          0          4          0       1356   adc_task.o
       620         60          0        204       2176      10967   bsp_adc.o
       138         20          0          4          0       3600   bsp_delay.o
       176         16          0          0          0       2491   bsp_usart.o
         0          0          0          0          0      11464   event_groups.o
       526          6          0          0          0      10668   gd32f30x_adc.o
       262          6          0          0          0       4526   gd32f30x_dma.o
       160          0          0          0          0       1096   gd32f30x_gpio.o
       124         42         84          0          0      61762   gd32f30x_it.o
       168         14          0          0          0       2176   gd32f30x_misc.o
       332         48          0          0          0       3544   gd32f30x_rcu.o
       312         38          0          0          0       5298   gd32f30x_timer.o
       308         16          0          0          0       8802   gd32f30x_usart.o
       644        114         23         32      17408       7731   heap_4.o
       138          0          0          0          0       3646   list.o
        40          6          0          0          0      17447   main.o
       360        196          0          0          0       7223   osal.o
      1134        300        123         12          0      12877   port.o
      1196        186        324          0          0      24452   queue.o
       426         32         17          0       1208      10302   segger_rtt.o
      1050          4         16          0          0       7073   segger_rtt_printf.o
        36          8        304          0       1024        960   startup_gd32f30x_hd.o
        64         36          0          0          0        542   system.o
       280         30          0          4          0       2607   system_gd32f30x.o
        20          4          0          4          0       1086   systick.o
      3446        730        568         72        200      53166   tasks.o
       128         54          0          0          0       2181   test_task.o
        16         12          0          0          0        831   util.o

    ----------------------------------------------------------------------
     12256       2010       1492        336      22020     279874   Object Totals
         0          0         32          0          0          0   (incl. Generated)
        28          0          1          0          4          0   (incl. Padding)

    ----------------------------------------------------------------------

      Code (inc. data)   RO Data    RW Data    ZI Data      Debug   Library Member Name

        86          0          0          0          0          0   __dczerorl2.o
         0          0          0          0          0          0   entry.o
         0          0          0          0          0          0   entry10a.o
         0          0          0          0          0          0   entry11a.o
         8          4          0          0          0          0   entry2.o
         4          0          0          0          0          0   entry5.o
         0          0          0          0          0          0   entry7b.o
         0          0          0          0          0          0   entry8b.o
         8          4          0          0          0          0   entry9a.o
        30          0          0          0          0          0   handlers.o
        36          8          0          0          0         68   init.o
         0          0          0          0          0          0   iusefp.o
        30          0          0          0          0         68   llshl.o
        36          0          0          0          0         68   llsshr.o
        32          0          0          0          0         68   llushr.o
        36          0          0          0          0         68   memcpya.o
        36          0          0          0          0        108   memseta.o
      2308         96          0          0          0        604   printfa.o
         0          0          0          4          0          0   stdout.o
        18          0          0          0          0         68   strcpy.o
        14          0          0          0          0         68   strlen.o
        44          0          0          0          0         80   uidiv.o
        98          0          0          0          0         92   uldiv.o
        48          0          0          0          0         68   cdrcmple.o
       334          0          0          0          0        148   dadd.o
       222          0          0          0          0        100   ddiv.o
       186          0          0          0          0        176   depilogue.o
        62          0          0          0          0         80   dfixi.o
        48          0          0          0          0         68   dfixul.o
        34          0          0          0          0         76   dflti.o
       228          0          0          0          0         96   dmul.o

    ----------------------------------------------------------------------
      3988        112          0          4          0       2172   Library Totals
         2          0          0          0          0          0   (incl. Padding)

    ----------------------------------------------------------------------

      Code (inc. data)   RO Data    RW Data    ZI Data      Debug   Library Name

      2824        112          0          4          0       1360   mc_w.l
      1162          0          0          0          0        812   mf_w.l

    ----------------------------------------------------------------------
      3988        112          0          4          0       2172   Library Totals

    ----------------------------------------------------------------------

==============================================================================


      Code (inc. data)   RO Data    RW Data    ZI Data      Debug   

     16244       2122       1492        340      22020     266186   Grand Totals
     16244       2122       1492         84      22020     266186   ELF Image Totals (compressed)
     16244       2122       1492         84          0          0   ROM Totals

==============================================================================

    Total RO  Size (Code + RO Data)                17736 (  17.32kB)
    Total RW  Size (RW Data + ZI Data)             22360 (  21.84kB)
    Total ROM Size (Code + RO Data + RW Data)      17820 (  17.40kB)

==============================================================================

