Component: ARM Compiler 5.06 update 6 (build 750) Tool: armlink [4d35ed]

==============================================================================

Section Cross References

    system_gd32f30x.o(i.SystemCoreClockUpdate) refers to system_gd32f30x.o(.data) for SystemCoreClock
    system_gd32f30x.o(i.SystemInit) refers to system_gd32f30x.o(i.system_clock_config) for system_clock_config
    system_gd32f30x.o(i.system_clock_config) refers to system_gd32f30x.o(i.system_clock_120m_hxtal) for system_clock_120m_hxtal
    startup_gd32f30x_xd.o(RESET) refers to startup_gd32f30x_xd.o(STACK) for __initial_sp
    startup_gd32f30x_xd.o(RESET) refers to startup_gd32f30x_xd.o(.text) for Reset_Handler
    startup_gd32f30x_xd.o(RESET) refers to gd32f30x_it.o(i.NMI_Handler) for NMI_Handler
    startup_gd32f30x_xd.o(RESET) refers to gd32f30x_it.o(i.HardFault_Handler) for HardFault_Handler
    startup_gd32f30x_xd.o(RESET) refers to gd32f30x_it.o(i.MemManage_Handler) for MemManage_Handler
    startup_gd32f30x_xd.o(RESET) refers to gd32f30x_it.o(i.BusFault_Handler) for BusFault_Handler
    startup_gd32f30x_xd.o(RESET) refers to gd32f30x_it.o(i.UsageFault_Handler) for UsageFault_Handler
    startup_gd32f30x_xd.o(RESET) refers to gd32f30x_it.o(i.SVC_Handler) for SVC_Handler
    startup_gd32f30x_xd.o(RESET) refers to gd32f30x_it.o(i.DebugMon_Handler) for DebugMon_Handler
    startup_gd32f30x_xd.o(RESET) refers to gd32f30x_it.o(i.PendSV_Handler) for PendSV_Handler
    startup_gd32f30x_xd.o(RESET) refers to bsp_adc.o(i.DMA0_Channel0_IRQHandler) for DMA0_Channel0_IRQHandler
    startup_gd32f30x_xd.o(RESET) refers to systick.o(i.TIMER3_IRQHandler) for TIMER3_IRQHandler
    startup_gd32f30x_xd.o(.text) refers to system_gd32f30x.o(i.SystemInit) for SystemInit
    startup_gd32f30x_xd.o(.text) refers to entry.o(.ARM.Collect$$$$00000000) for __main
    gd32f30x_adc.o(i.adc_deinit) refers to gd32f30x_rcu.o(i.rcu_periph_reset_enable) for rcu_periph_reset_enable
    gd32f30x_adc.o(i.adc_deinit) refers to gd32f30x_rcu.o(i.rcu_periph_reset_disable) for rcu_periph_reset_disable
    gd32f30x_bkp.o(i.bkp_deinit) refers to gd32f30x_rcu.o(i.rcu_bkp_reset_enable) for rcu_bkp_reset_enable
    gd32f30x_bkp.o(i.bkp_deinit) refers to gd32f30x_rcu.o(i.rcu_bkp_reset_disable) for rcu_bkp_reset_disable
    gd32f30x_can.o(i.can_debug_freeze_disable) refers to gd32f30x_dbg.o(i.dbg_periph_enable) for dbg_periph_enable
    gd32f30x_can.o(i.can_debug_freeze_enable) refers to gd32f30x_dbg.o(i.dbg_periph_enable) for dbg_periph_enable
    gd32f30x_can.o(i.can_deinit) refers to gd32f30x_rcu.o(i.rcu_periph_reset_enable) for rcu_periph_reset_enable
    gd32f30x_can.o(i.can_deinit) refers to gd32f30x_rcu.o(i.rcu_periph_reset_disable) for rcu_periph_reset_disable
    gd32f30x_can.o(i.can_interrupt_flag_get) refers to gd32f30x_can.o(i.can_receive_message_length_get) for can_receive_message_length_get
    gd32f30x_can.o(i.can_interrupt_flag_get) refers to gd32f30x_can.o(i.can_error_get) for can_error_get
    gd32f30x_ctc.o(i.ctc_deinit) refers to gd32f30x_rcu.o(i.rcu_periph_reset_enable) for rcu_periph_reset_enable
    gd32f30x_ctc.o(i.ctc_deinit) refers to gd32f30x_rcu.o(i.rcu_periph_reset_disable) for rcu_periph_reset_disable
    gd32f30x_dac.o(i.dac_deinit) refers to gd32f30x_rcu.o(i.rcu_periph_reset_enable) for rcu_periph_reset_enable
    gd32f30x_dac.o(i.dac_deinit) refers to gd32f30x_rcu.o(i.rcu_periph_reset_disable) for rcu_periph_reset_disable
    gd32f30x_dma.o(i.dma_channel_disable) refers to gd32f30x_dma.o(i.dma_periph_and_channel_check) for dma_periph_and_channel_check
    gd32f30x_dma.o(i.dma_channel_enable) refers to gd32f30x_dma.o(i.dma_periph_and_channel_check) for dma_periph_and_channel_check
    gd32f30x_dma.o(i.dma_circulation_disable) refers to gd32f30x_dma.o(i.dma_periph_and_channel_check) for dma_periph_and_channel_check
    gd32f30x_dma.o(i.dma_circulation_enable) refers to gd32f30x_dma.o(i.dma_periph_and_channel_check) for dma_periph_and_channel_check
    gd32f30x_dma.o(i.dma_deinit) refers to gd32f30x_dma.o(i.dma_periph_and_channel_check) for dma_periph_and_channel_check
    gd32f30x_dma.o(i.dma_init) refers to gd32f30x_dma.o(i.dma_periph_and_channel_check) for dma_periph_and_channel_check
    gd32f30x_dma.o(i.dma_interrupt_disable) refers to gd32f30x_dma.o(i.dma_periph_and_channel_check) for dma_periph_and_channel_check
    gd32f30x_dma.o(i.dma_interrupt_enable) refers to gd32f30x_dma.o(i.dma_periph_and_channel_check) for dma_periph_and_channel_check
    gd32f30x_dma.o(i.dma_memory_address_config) refers to gd32f30x_dma.o(i.dma_periph_and_channel_check) for dma_periph_and_channel_check
    gd32f30x_dma.o(i.dma_memory_increase_disable) refers to gd32f30x_dma.o(i.dma_periph_and_channel_check) for dma_periph_and_channel_check
    gd32f30x_dma.o(i.dma_memory_increase_enable) refers to gd32f30x_dma.o(i.dma_periph_and_channel_check) for dma_periph_and_channel_check
[...]
    Removing gd32f30x_usart.o(i.usart_lin_break_detection_length_config), (20 bytes).
    Removing gd32f30x_usart.o(i.usart_lin_mode_disable), (10 bytes).
    Removing gd32f30x_usart.o(i.usart_lin_mode_enable), (10 bytes).
    Removing gd32f30x_usart.o(i.usart_mute_mode_disable), (10 bytes).
    Removing gd32f30x_usart.o(i.usart_mute_mode_enable), (10 bytes).
    Removing gd32f30x_usart.o(i.usart_mute_mode_wakeup_config), (16 bytes).
    Removing gd32f30x_usart.o(i.usart_parity_config), (16 bytes).
    Removing gd32f30x_usart.o(i.usart_prescaler_config), (16 bytes).
    Removing gd32f30x_usart.o(i.usart_receiver_timeout_disable), (14 bytes).
    Removing gd32f30x_usart.o(i.usart_receiver_timeout_enable), (14 bytes).
    Removing gd32f30x_usart.o(i.usart_receiver_timeout_threshold_config), (20 bytes).
    Removing gd32f30x_usart.o(i.usart_send_break), (10 bytes).
    Removing gd32f30x_usart.o(i.usart_smartcard_autoretry_config), (26 bytes).
    Removing gd32f30x_usart.o(i.usart_smartcard_mode_disable), (10 bytes).
    Removing gd32f30x_usart.o(i.usart_smartcard_mode_enable), (10 bytes).
    Removing gd32f30x_usart.o(i.usart_smartcard_mode_nack_disable), (10 bytes).
    Removing gd32f30x_usart.o(i.usart_smartcard_mode_nack_enable), (10 bytes).
    Removing gd32f30x_usart.o(i.usart_stop_bit_set), (16 bytes).
    Removing gd32f30x_usart.o(i.usart_synchronous_clock_config), (34 bytes).
    Removing gd32f30x_usart.o(i.usart_synchronous_clock_disable), (10 bytes).
    Removing gd32f30x_usart.o(i.usart_synchronous_clock_enable), (10 bytes).
    Removing gd32f30x_usart.o(i.usart_word_length_set), (16 bytes).
    Removing gd32f30x_wwdgt.o(.rev16_text), (4 bytes).
    Removing gd32f30x_wwdgt.o(.revsh_text), (4 bytes).
    Removing gd32f30x_wwdgt.o(.rrx_text), (6 bytes).
    Removing gd32f30x_wwdgt.o(i.wwdgt_config), (28 bytes).
    Removing gd32f30x_wwdgt.o(i.wwdgt_counter_update), (16 bytes).
    Removing gd32f30x_wwdgt.o(i.wwdgt_deinit), (20 bytes).
    Removing gd32f30x_wwdgt.o(i.wwdgt_enable), (20 bytes).
    Removing gd32f30x_wwdgt.o(i.wwdgt_flag_clear), (12 bytes).
    Removing gd32f30x_wwdgt.o(i.wwdgt_flag_get), (24 bytes).
    Removing gd32f30x_wwdgt.o(i.wwdgt_interrupt_enable), (20 bytes).
    Removing main.o(.rev16_text), (4 bytes).
    Removing main.o(.revsh_text), (4 bytes).
    Removing main.o(.rrx_text), (6 bytes).
    Removing main.o(i.get_clk), (60 bytes).
    Removing systick.o(.rev16_text), (4 bytes).
    Removing systick.o(.revsh_text), (4 bytes).
    Removing systick.o(.rrx_text), (6 bytes).
    Removing systick.o(i.get_dur), (28 bytes).
    Removing systick.o(i.start_count), (40 bytes).
    Removing gd32f30x_it.o(.rev16_text), (4 bytes).
    Removing gd32f30x_it.o(.revsh_text), (4 bytes).
    Removing gd32f30x_it.o(.rrx_text), (6 bytes).
    Removing gd32f30x_it.o(.bss), (8192 bytes).
    Removing gd32f30x_it.o(.data), (226 bytes).
    Removing address_setting.o(.rev16_text), (4 bytes).
    Removing address_setting.o(.revsh_text), (4 bytes).
    Removing address_setting.o(.rrx_text), (6 bytes).
    Removing bsp_gpio.o(.rev16_text), (4 bytes).
    Removing bsp_gpio.o(.revsh_text), (4 bytes).
    Removing bsp_gpio.o(.rrx_text), (6 bytes).
    Removing bsp_gpio.o(i.led_off), (20 bytes).
    Removing bsp_usart.o(.rev16_text), (4 bytes).
    Removing bsp_usart.o(.revsh_text), (4 bytes).
    Removing bsp_usart.o(.rrx_text), (6 bytes).
    Removing gd25qxx.o(.rev16_text), (4 bytes).
    Removing gd25qxx.o(.revsh_text), (4 bytes).
    Removing gd25qxx.o(.rrx_text), (6 bytes).
    Removing gd25qxx.o(i.spi_flash_buffer_read), (80 bytes).
    Removing gd25qxx.o(i.spi_flash_buffer_write), (290 bytes).
    Removing gd25qxx.o(i.spi_flash_bulk_erase), (40 bytes).
    Removing gd25qxx.o(i.spi_flash_init), (152 bytes).
    Removing gd25qxx.o(i.spi_flash_page_write), (88 bytes).
    Removing gd25qxx.o(i.spi_flash_read_byte), (10 bytes).
    Removing gd25qxx.o(i.spi_flash_read_id), (80 bytes).
    Removing gd25qxx.o(i.spi_flash_sector_erase), (64 bytes).
    Removing gd25qxx.o(i.spi_flash_send_byte), (56 bytes).
    Removing gd25qxx.o(i.spi_flash_send_halfword), (52 bytes).
    Removing gd25qxx.o(i.spi_flash_start_read_sequence), (48 bytes).
    Removing gd25qxx.o(i.spi_flash_wait_for_write_end), (52 bytes).
    Removing gd25qxx.o(i.spi_flash_write_enable), (32 bytes).
    Removing bsp_adc.o(.rev16_text), (4 bytes).
    Removing bsp_adc.o(.revsh_text), (4 bytes).
    Removing bsp_adc.o(.rrx_text), (6 bytes).
    Removing bsp_rcu_clk.o(.rev16_text), (4 bytes).
    Removing bsp_rcu_clk.o(.revsh_text), (4 bytes).
    Removing bsp_rcu_clk.o(.rrx_text), (6 bytes).
    Removing dhcp.o(.rev16_text), (4 bytes).
    Removing dhcp.o(.revsh_text), (4 bytes).
    Removing dhcp.o(.rrx_text), (6 bytes).
    Removing dhcp.o(.conststring), (5 bytes).
    Removing dhcp.o(.data), (64 bytes).
    Removing socket.o(.rev16_text), (4 bytes).
    Removing socket.o(.revsh_text), (4 bytes).
    Removing socket.o(.rrx_text), (6 bytes).
    Removing socket.o(i.connect), (248 bytes).
    Removing socket.o(i.disconnect), (38 bytes).
    Removing socket.o(i.listen), (62 bytes).
    Removing socket.o(i.recv), (66 bytes).
    Removing socket.o(i.recvfrom), (512 bytes).
    Removing socket.o(i.send), (244 bytes).
    Removing socket.o(i.sendto_2byte), (268 bytes).
    Removing w5500.o(.rev16_text), (4 bytes).
    Removing w5500.o(.revsh_text), (4 bytes).
    Removing w5500.o(.rrx_text), (6 bytes).
    Removing w5500.o(i.clearIR), (26 bytes).
    Removing w5500.o(i.getIINCHIP_RxMAX), (16 bytes).
    Removing w5500.o(i.getIR), (12 bytes).
    Removing w5500.o(i.getSHAR), (18 bytes).
    Removing w5500.o(i.getSn_IR), (18 bytes).
    Removing w5500.o(i.getSn_RX_RSR), (84 bytes).
    Removing w5500.o(i.getSn_TX_FSR), (84 bytes).
    Removing w5500.o(i.iinchip_init), (10 bytes).
    Removing w5500.o(i.recv_data_processing), (148 bytes).
    Removing w5500.o(i.send_2byte_data_processing), (148 bytes).
    Removing w5500.o(i.setMR), (14 bytes).
    Removing w5500.o(i.setRCR), (16 bytes).
    Removing w5500.o(i.setRTR), (26 bytes).
    Removing w5500.o(i.setSn_IR), (22 bytes).
    Removing w5500.o(i.setSn_MSS), (36 bytes).
    Removing w5500.o(i.setSn_TTL), (22 bytes).
    Removing w5500_conf.o(.rev16_text), (4 bytes).
    Removing w5500_conf.o(.revsh_text), (4 bytes).
    Removing w5500_conf.o(.rrx_text), (6 bytes).
    Removing w5500_conf.o(i.IINCHIP_SpiSendData_2byte), (12 bytes).
    Removing w5500_conf.o(i.SPI_Send2Byte), (56 bytes).
    Removing w5500_conf.o(i.wiz_write_buf_2byte), (108 bytes).
    Removing utility.o(.rev16_text), (4 bytes).
    Removing utility.o(.revsh_text), (4 bytes).
    Removing utility.o(.rrx_text), (6 bytes).
    Removing utility.o(i.atoi16), (32 bytes).
    Removing utility.o(i.atoi32), (32 bytes).
    Removing utility.o(i.c2d), (54 bytes).
    Removing utility.o(i.check_dest_in_local), (62 bytes).
    Removing utility.o(i.checksum), (76 bytes).
    Removing utility.o(i.htonl), (12 bytes).
    Removing utility.o(i.htons), (12 bytes).
    Removing utility.o(i.inet_addr_), (96 bytes).
    Removing utility.o(i.inet_ntoa), (56 bytes).
    Removing utility.o(i.inet_ntoa_pad), (64 bytes).
    Removing utility.o(i.itoa), (64 bytes).
    Removing utility.o(i.mid), (68 bytes).
    Removing utility.o(i.ntohl), (12 bytes).
    Removing utility.o(i.ntohs), (12 bytes).
    Removing utility.o(i.replacetochar), (26 bytes).
    Removing utility.o(i.swapl), (28 bytes).
    Removing utility.o(i.swaps), (14 bytes).
    Removing utility.o(i.validatoi), (72 bytes).
    Removing utility.o(i.verify_ip_address), (120 bytes).
    Removing utility.o(.bss), (48 bytes).
    Removing udp.o(.rev16_text), (4 bytes).
    Removing udp.o(.revsh_text), (4 bytes).
    Removing udp.o(.rrx_text), (6 bytes).
    Removing udp.o(i.do_udp), (160 bytes).
    Removing udp.o(i.do_udp_communicate_2byte), (72 bytes).
    Removing tcp.o(.rev16_text), (4 bytes).
    Removing tcp.o(.revsh_text), (4 bytes).
    Removing tcp.o(.rrx_text), (6 bytes).
    Removing tcp.o(i.do_tcp_client), (168 bytes).
    Removing tcp.o(i.do_tcp_communicate), (124 bytes).
    Removing tcp.o(i.do_tcp_server), (144 bytes).
    Removing tcp.o(i.tcp_com_init), (280 bytes).
    Removing tcp.o(.bss), (2048 bytes).
    Removing tcp.o(.data), (225 bytes).
    Removing dadd.o(.text), (334 bytes).
    Removing dmul.o(.text), (228 bytes).
    Removing ddiv.o(.text), (222 bytes).
    Removing dfixul.o(.text), (48 bytes).
    Removing cdrcmple.o(.text), (48 bytes).
    Removing depilogue.o(.text), (186 bytes).

739 unused section(s) (total 39172 bytes) removed from the image.

==============================================================================

Image Symbol Table

    Local Symbols

    Symbol Name                              Value     Ov Type        Size  Object(Section)

    ../clib/../cmprslib/lz77c.c              0x00000000   Number         0  __dclz77c.o ABSOLUTE
    ../clib/microlib/division.c              0x00000000   Number         0  uldiv.o ABSOLUTE
    ../clib/microlib/division.c              0x00000000   Number         0  uidiv.o ABSOLUTE
    ../clib/microlib/init/entry.s            0x00000000   Number         0  entry9b.o ABSOLUTE
    ../clib/microlib/init/entry.s            0x00000000   Number         0  entry9a.o ABSOLUTE
    ../clib/microlib/init/entry.s            0x00000000   Number         0  entry11b.o ABSOLUTE
    ../clib/microlib/init/entry.s            0x00000000   Number         0  entry5.o ABSOLUTE
    ../clib/microlib/init/entry.s            0x00000000   Number         0  entry10a.o ABSOLUTE
    ../clib/microlib/init/entry.s            0x00000000   Number         0  entry8a.o ABSOLUTE
    ../clib/microlib/init/entry.s            0x00000000   Number         0  entry.o ABSOLUTE
    ../clib/microlib/init/entry.s            0x00000000   Number         0  entry10b.o ABSOLUTE
    ../clib/microlib/init/entry.s            0x00000000   Number         0  entry11a.o ABSOLUTE
    ../clib/microlib/init/entry.s            0x00000000   Number         0  entry7a.o ABSOLUTE
    ../clib/microlib/init/entry.s            0x00000000   Number         0  entry8b.o ABSOLUTE
    ../clib/microlib/init/entry.s            0x00000000   Number         0  entry7b.o ABSOLUTE
    ../clib/microlib/init/entry.s            0x00000000   Number         0  entry2.o ABSOLUTE
    ../clib/microlib/longlong.c              0x00000000   Number         0  llshl.o ABSOLUTE
    ../clib/microlib/longlong.c              0x00000000   Number         0  llushr.o ABSOLUTE
    ../clib/microlib/longlong.c              0x00000000   Number         0  llsshr.o ABSOLUTE
    ../clib/microlib/printf/printf.c         0x00000000   Number         0  printf3.o ABSOLUTE
    ../clib/microlib/printf/printf.c         0x00000000   Number         0  printf2.o ABSOLUTE
    ../clib/microlib/printf/printf.c         0x00000000   Number         0  printf0.o ABSOLUTE
    ../clib/microlib/printf/printf.c         0x00000000   Number         0  printfb.o ABSOLUTE
    ../clib/microlib/printf/printf.c         0x00000000   Number         0  printf1.o ABSOLUTE
    ../clib/microlib/printf/printf.c         0x00000000   Number         0  printf6.o ABSOLUTE
    ../clib/microlib/printf/printf.c         0x00000000   Number         0  printf5.o ABSOLUTE
    ../clib/microlib/printf/printf.c         0x00000000   Number         0  printf4.o ABSOLUTE
    ../clib/microlib/printf/printf.c         0x00000000   Number         0  printfa.o ABSOLUTE
    ../clib/microlib/printf/printf.c         0x00000000   Number         0  printf8.o ABSOLUTE
    ../clib/microlib/printf/printf.c         0x00000000   Number         0  printf7.o ABSOLUTE
    ../clib/microlib/printf/stubs.s          0x00000000   Number         0  stubs.o ABSOLUTE
    ../clib/microlib/stdio/streams.c         0x00000000   Number         0  stdout.o ABSOLUTE
    ../clib/microlib/string/memcpy.c         0x00000000   Number         0  memcpyb.o ABSOLUTE
    ../clib/microlib/string/memcpy.c         0x00000000   Number         0  memcpya.o ABSOLUTE
    ../clib/microlib/string/memset.c         0x00000000   Number         0  memseta.o ABSOLUTE
    ../clib/microlib/string/strcpy.c         0x00000000   Number         0  strcpy.o ABSOLUTE
    ../clib/microlib/string/strlen.c         0x00000000   Number         0  strlen.o ABSOLUTE
    ../clib/microlib/string/strncpy.c        0x00000000   Number         0  strncpy.o ABSOLUTE
    ../clib/microlib/string/strstr.c         0x00000000   Number         0  strstr.o ABSOLUTE
    ../clib/microlib/string/strtok.c         0x00000000   Number         0  strtok.o ABSOLUTE
    ../clib/microlib/string/strtok.c         0x00000000   Number         0  strtok_r.o ABSOLUTE
    ../clib/microlib/stubs.s                 0x00000000   Number         0  iusefp.o ABSOLUTE
    ../fplib/microlib/fpadd.c                0x00000000   Number         0  dadd.o ABSOLUTE
    ../fplib/microlib/fpdiv.c                0x00000000   Number         0  ddiv.o ABSOLUTE
    ../fplib/microlib/fpepilogue.c           0x00000000   Number         0  depilogue.o ABSOLUTE
    ../fplib/microlib/fpfix.c                0x00000000   Number         0  dfixul.o ABSOLUTE
    ../fplib/microlib/fpmul.c                0x00000000   Number         0  dmul.o ABSOLUTE
    ..\CMSIS\system_gd32f30x.c               0x00000000   Number         0  system_gd32f30x.o ABSOLUTE
    ..\Library\Source\gd32f30x_adc.c         0x00000000   Number         0  gd32f30x_adc.o ABSOLUTE
    ..\Library\Source\gd32f30x_bkp.c         0x00000000   Number         0  gd32f30x_bkp.o ABSOLUTE
    ..\Library\Source\gd32f30x_can.c         0x00000000   Number         0  gd32f30x_can.o ABSOLUTE
    ..\Library\Source\gd32f30x_crc.c         0x00000000   Number         0  gd32f30x_crc.o ABSOLUTE
    ..\Library\Source\gd32f30x_ctc.c         0x00000000   Number         0  gd32f30x_ctc.o ABSOLUTE
    ..\Library\Source\gd32f30x_dac.c         0x00000000   Number         0  gd32f30x_dac.o ABSOLUTE
    ..\Library\Source\gd32f30x_dbg.c         0x00000000   Number         0  gd32f30x_dbg.o ABSOLUTE
    ..\Library\Source\gd32f30x_dma.c         0x00000000   Number         0  gd32f30x_dma.o ABSOLUTE
    ..\Library\Source\gd32f30x_enet.c        0x00000000   Number         0  gd32f30x_enet.o ABSOLUTE
    ..\Library\Source\gd32f30x_exmc.c        0x00000000   Number         0  gd32f30x_exmc.o ABSOLUTE
    ..\Library\Source\gd32f30x_exti.c        0x00000000   Number         0  gd32f30x_exti.o ABSOLUTE
    ..\Library\Source\gd32f30x_fmc.c         0x00000000   Number         0  gd32f30x_fmc.o ABSOLUTE
    ..\Library\Source\gd32f30x_fwdgt.c       0x00000000   Number         0  gd32f30x_fwdgt.o ABSOLUTE
    ..\Library\Source\gd32f30x_gpio.c        0x00000000   Number         0  gd32f30x_gpio.o ABSOLUTE
    ..\Library\Source\gd32f30x_i2c.c         0x00000000   Number         0  gd32f30x_i2c.o ABSOLUTE
    ..\Library\Source\gd32f30x_misc.c        0x00000000   Number         0  gd32f30x_misc.o ABSOLUTE
    ..\Library\Source\gd32f30x_pmu.c         0x00000000   Number         0  gd32f30x_pmu.o ABSOLUTE
    ..\Library\Source\gd32f30x_rcu.c         0x00000000   Number         0  gd32f30x_rcu.o ABSOLUTE
    ..\Library\Source\gd32f30x_rtc.c         0x00000000   Number         0  gd32f30x_rtc.o ABSOLUTE
    ..\Library\Source\gd32f30x_sdio.c        0x00000000   Number         0  gd32f30x_sdio.o ABSOLUTE
    ..\Library\Source\gd32f30x_spi.c         0x00000000   Number         0  gd32f30x_spi.o ABSOLUTE
    ..\Library\Source\gd32f30x_timer.c       0x00000000   Number         0  gd32f30x_timer.o ABSOLUTE
    ..\Library\Source\gd32f30x_usart.c       0x00000000   Number         0  gd32f30x_usart.o ABSOLUTE
    ..\Library\Source\gd32f30x_wwdgt.c       0x00000000   Number         0  gd32f30x_wwdgt.o ABSOLUTE
    ..\Startup\startup_gd32f30x_xd.s         0x00000000   Number         0  startup_gd32f30x_xd.o ABSOLUTE
    ..\User\Ethernet\dhcp.c                  0x00000000   Number         0  dhcp.o ABSOLUTE
    ..\User\Ethernet\socket.c                0x00000000   Number         0  socket.o ABSOLUTE
    ..\User\Ethernet\tcp.c                   0x00000000   Number         0  tcp.o ABSOLUTE
    ..\User\Ethernet\udp.c                   0x00000000   Number         0  udp.o ABSOLUTE
    ..\User\Ethernet\utility.c               0x00000000   Number         0  utility.o ABSOLUTE
    ..\User\Ethernet\w5500.c                 0x00000000   Number         0  w5500.o ABSOLUTE
    ..\User\Ethernet\w5500_conf.c            0x00000000   Number         0  w5500_conf.o ABSOLUTE
    ..\User\address_setting.c                0x00000000   Number         0  address_setting.o ABSOLUTE
    ..\User\gd32f30x_it.c                    0x00000000   Number         0  gd32f30x_it.o ABSOLUTE
    ..\User\main.c                           0x00000000   Number         0  main.o ABSOLUTE
    ..\User\systick.c                        0x00000000   Number         0  systick.o ABSOLUTE
    ..\\CMSIS\\system_gd32f30x.c             0x00000000   Number         0  system_gd32f30x.o ABSOLUTE
    ..\\Library\\Source\\gd32f30x_adc.c      0x00000000   Number         0  gd32f30x_adc.o ABSOLUTE
    ..\\Library\\Source\\gd32f30x_bkp.c      0x00000000   Number         0  gd32f30x_bkp.o ABSOLUTE
    ..\\Library\\Source\\gd32f30x_can.c      0x00000000   Number         0  gd32f30x_can.o ABSOLUTE
    ..\\Library\\Source\\gd32f30x_crc.c      0x00000000   Number         0  gd32f30x_crc.o ABSOLUTE
    ..\\Library\\Source\\gd32f30x_ctc.c      0x00000000   Number         0  gd32f30x_ctc.o ABSOLUTE
    ..\\Library\\Source\\gd32f30x_dac.c      0x00000000   Number         0  gd32f30x_dac.o ABSOLUTE
    ..\\Library\\Source\\gd32f30x_dbg.c      0x00000000   Number         0  gd32f30x_dbg.o ABSOLUTE
    ..\\Library\\Source\\gd32f30x_dma.c      0x00000000   Number         0  gd32f30x_dma.o ABSOLUTE
    ..\\Library\\Source\\gd32f30x_enet.c     0x00000000   Number         0  gd32f30x_enet.o ABSOLUTE
    ..\\Library\\Source\\gd32f30x_exmc.c     0x00000000   Number         0  gd32f30x_exmc.o ABSOLUTE
    ..\\Library\\Source\\gd32f30x_exti.c     0x00000000   Number         0  gd32f30x_exti.o ABSOLUTE
    ..\\Library\\Source\\gd32f30x_fmc.c      0x00000000   Number         0  gd32f30x_fmc.o ABSOLUTE
    ..\\Library\\Source\\gd32f30x_fwdgt.c    0x00000000   Number         0  gd32f30x_fwdgt.o ABSOLUTE
    ..\\Library\\Source\\gd32f30x_gpio.c     0x00000000   Number         0  gd32f30x_gpio.o ABSOLUTE
    ..\\Library\\Source\\gd32f30x_i2c.c      0x00000000   Number         0  gd32f30x_i2c.o ABSOLUTE
    ..\\Library\\Source\\gd32f30x_misc.c     0x00000000   Number         0  gd32f30x_misc.o ABSOLUTE
    ..\\Library\\Source\\gd32f30x_pmu.c      0x00000000   Number         0  gd32f30x_pmu.o ABSOLUTE
    ..\\Library\\Source\\gd32f30x_rcu.c      0x00000000   Number         0  gd32f30x_rcu.o ABSOLUTE
    ..\\Library\\Source\\gd32f30x_rtc.c      0x00000000   Number         0  gd32f30x_rtc.o ABSOLUTE
    ..\\Library\\Source\\gd32f30x_sdio.c     0x00000000   Number         0  gd32f30x_sdio.o ABSOLUTE
    ..\\Library\\Source\\gd32f30x_spi.c      0x00000000   Number         0  gd32f30x_spi.o ABSOLUTE
    ..\\Library\\Source\\gd32f30x_timer.c    0x00000000   Number         0  gd32f30x_timer.o ABSOLUTE
    ..\\Library\\Source\\gd32f30x_usart.c    0x00000000   Number         0  gd32f30x_usart.o ABSOLUTE
    ..\\Library\\Source\\gd32f30x_wwdgt.c    0x00000000   Number         0  gd32f30x_wwdgt.o ABSOLUTE
    ..\\User\\Ethernet\\dhcp.c               0x00000000   Number         0  dhcp.o ABSOLUTE
    ..\\User\\Ethernet\\socket.c             0x00000000   Number         0  socket.o ABSOLUTE
    ..\\User\\Ethernet\\tcp.c                0x00000000   Number         0  tcp.o ABSOLUTE
    ..\\User\\Ethernet\\udp.c                0x00000000   Number         0  udp.o ABSOLUTE
    ..\\User\\Ethernet\\utility.c            0x00000000   Number         0  utility.o ABSOLUTE
    ..\\User\\Ethernet\\w5500.c              0x00000000   Number         0  w5500.o ABSOLUTE
    ..\\User\\Ethernet\\w5500_conf.c         0x00000000   Number         0  w5500_conf.o ABSOLUTE
    ..\\User\\address_setting.c              0x00000000   Number         0  address_setting.o ABSOLUTE
    ..\\User\\gd32f30x_it.c                  0x00000000   Number         0  gd32f30x_it.o ABSOLUTE
    ..\\User\\main.c                         0x00000000   Number         0  main.o ABSOLUTE
    ..\\User\\systick.c                      0x00000000   Number         0  systick.o ABSOLUTE
    ..\\bsp\\bsp_adc.c                       0x00000000   Number         0  bsp_adc.o ABSOLUTE
    ..\\bsp\\bsp_gpio.c                      0x00000000   Number         0  bsp_gpio.o ABSOLUTE
    ..\\bsp\\bsp_rcu_clk.c                   0x00000000   Number         0  bsp_rcu_clk.o ABSOLUTE
    ..\\bsp\\bsp_usart.c                     0x00000000   Number         0  bsp_usart.o ABSOLUTE
    ..\\bsp\\gd25qxx.c                       0x00000000   Number         0  gd25qxx.o ABSOLUTE
    ..\bsp\bsp_adc.c                         0x00000000   Number         0  bsp_adc.o ABSOLUTE
    ..\bsp\bsp_gpio.c                        0x00000000   Number         0  bsp_gpio.o ABSOLUTE
    ..\bsp\bsp_rcu_clk.c                     0x00000000   Number         0  bsp_rcu_clk.o ABSOLUTE
    ..\bsp\bsp_usart.c                       0x00000000   Number         0  bsp_usart.o ABSOLUTE
    ..\bsp\gd25qxx.c                         0x00000000   Number         0  gd25qxx.o ABSOLUTE
    cdrcmple.s                               0x00000000   Number         0  cdrcmple.o ABSOLUTE
    dc.s                                     0x00000000   Number         0  dc.o ABSOLUTE
    handlers.s                               0x00000000   Number         0  handlers.o ABSOLUTE
    init.s                                   0x00000000   Number         0  init.o ABSOLUTE
    RESET                                    0x08000000   Section      304  startup_gd32f30x_xd.o(RESET)
    .ARM.Collect$$$$00000000                 0x08000130   Section        0  entry.o(.ARM.Collect$$$$00000000)
    .ARM.Collect$$$$00000001                 0x08000130   Section        4  entry2.o(.ARM.Collect$$$$00000001)
    .ARM.Collect$$$$00000004                 0x08000134   Section        4  entry5.o(.ARM.Collect$$$$00000004)
    .ARM.Collect$$$$00000008                 0x08000138   Section        0  entry7b.o(.ARM.Collect$$$$00000008)
    .ARM.Collect$$$$0000000A                 0x08000138   Section        0  entry8b.o(.ARM.Collect$$$$0000000A)
    .ARM.Collect$$$$0000000B                 0x08000138   Section        8  entry9a.o(.ARM.Collect$$$$0000000B)
    .ARM.Collect$$$$0000000D                 0x08000140   Section        0  entry10a.o(.ARM.Collect$$$$0000000D)
    .ARM.Collect$$$$0000000F                 0x08000140   Section        0  entry11a.o(.ARM.Collect$$$$0000000F)
    .ARM.Collect$$$$00002712                 0x08000140   Section        4  entry2.o(.ARM.Collect$$$$00002712)
    __lit__00000000                          0x08000140   Data           4  entry2.o(.ARM.Collect$$$$00002712)
    .text                                    0x08000144   Section       36  startup_gd32f30x_xd.o(.text)
    $v0                                      0x08000144   Number         0  startup_gd32f30x_xd.o(.text)
    .text                                    0x08000168   Section        0  memcpya.o(.text)
    .text                                    0x0800018c   Section        0  uidiv.o(.text)
    .text                                    0x080001b8   Section       36  init.o(.text)
    .text                                    0x080001dc   Section        0  __dclz77c.o(.text)
    i.BusFault_Handler                       0x0800023a   Section        0  gd32f30x_it.o(i.BusFault_Handler)
    i.DMA0_Channel0_IRQHandler               0x08000240   Section        0  bsp_adc.o(i.DMA0_Channel0_IRQHandler)
    i.DebugMon_Handler                       0x08000294   Section        0  gd32f30x_it.o(i.DebugMon_Handler)
    i.Delay_Timer_Init                       0x08000298   Section        0  systick.o(i.Delay_Timer_Init)
    i.HardFault_Handler                      0x08000304   Section        0  gd32f30x_it.o(i.HardFault_Handler)
    i.IINCHIP_READ                           0x08000308   Section        0  w5500_conf.o(i.IINCHIP_READ)
    i.IINCHIP_SpiSendData                    0x0800033a   Section        0  w5500_conf.o(i.IINCHIP_SpiSendData)
    i.IINCHIP_WRITE                          0x08000346   Section        0  w5500_conf.o(i.IINCHIP_WRITE)
    i.MemManage_Handler                      0x08000378   Section        0  gd32f30x_it.o(i.MemManage_Handler)
    i.NMI_Handler                            0x0800037c   Section        0  gd32f30x_it.o(i.NMI_Handler)
    i.PendSV_Handler                         0x0800037e   Section        0  gd32f30x_it.o(i.PendSV_Handler)
    i.SPI_DMA_config                         0x08000380   Section        0  w5500_conf.o(i.SPI_DMA_config)
    i.SPI_SendByte                           0x080003f0   Section        0  w5500_conf.o(i.SPI_SendByte)
    i.SVC_Handler                            0x08000428   Section        0  gd32f30x_it.o(i.SVC_Handler)
    i.SystemInit                             0x0800042c   Section        0  system_gd32f30x.o(i.SystemInit)
    i.TIMER3_IRQHandler                      0x080004a8   Section        0  systick.o(i.TIMER3_IRQHandler)
    i.UsageFault_Handler                     0x080004c4   Section        0  gd32f30x_it.o(i.UsageFault_Handler)
    i.__0printf$3                            0x080004c8   Section        0  printf3.o(i.__0printf$3)
    i.__scatterload_copy                     0x080004e8   Section       14  handlers.o(i.__scatterload_copy)
    i.__scatterload_null                     0x080004f6   Section        2  handlers.o(i.__scatterload_null)
    i.__scatterload_zeroinit                 0x080004f8   Section       14  handlers.o(i.__scatterload_zeroinit)
    i._printf_core                           0x08000508   Section        0  printf3.o(i._printf_core)
    _printf_core                             0x08000509   Thumb Code   436  printf3.o(i._printf_core)
    i.adc_calibration_enable                 0x080006c0   Section        0  gd32f30x_adc.o(i.adc_calibration_enable)
    i.adc_channel_length_config              0x080006ea   Section        0  gd32f30x_adc.o(i.adc_channel_length_config)
    i.adc_config                             0x08000730   Section        0  bsp_adc.o(i.adc_config)
    i.adc_data_alignment_config              0x0800081c   Section        0  gd32f30x_adc.o(i.adc_data_alignment_config)
    i.adc_dma_mode_enable                    0x08000832   Section        0  gd32f30x_adc.o(i.adc_dma_mode_enable)
    i.adc_enable                             0x0800083c   Section        0  gd32f30x_adc.o(i.adc_enable)
    i.adc_external_trigger_config            0x0800084e   Section        0  gd32f30x_adc.o(i.adc_external_trigger_config)
    i.adc_external_trigger_source_config     0x0800088c   Section        0  gd32f30x_adc.o(i.adc_external_trigger_source_config)
    i.adc_gpio_config                        0x080008bc   Section        0  bsp_adc.o(i.adc_gpio_config)
    i.adc_init                               0x080008e8   Section        0  bsp_adc.o(i.adc_init)
    i.adc_mode_config                        0x08000900   Section        0  gd32f30x_adc.o(i.adc_mode_config)
    i.adc_rcu_config                         0x0800091c   Section        0  bsp_adc.o(i.adc_rcu_config)
    i.adc_regular_channel_config             0x08000946   Section        0  gd32f30x_adc.o(i.adc_regular_channel_config)
    i.adc_resolution_config                  0x080009f2   Section        0  gd32f30x_adc.o(i.adc_resolution_config)
    i.adc_special_function_config            0x08000a06   Section        0  gd32f30x_adc.o(i.adc_special_function_config)
    i.addr_init                              0x08000a60   Section        0  address_setting.o(i.addr_init)
    i.close                                  0x08000ab0   Section        0  socket.o(i.close)
    i.delay_1ms                              0x08000ae4   Section        0  systick.o(i.delay_1ms)
    i.delay_1us                              0x08000b00   Section        0  systick.o(i.delay_1us)
    i.dma_channel_disable                    0x08000b40   Section        0  gd32f30x_dma.o(i.dma_channel_disable)
    i.dma_channel_enable                     0x08000b72   Section        0  gd32f30x_dma.o(i.dma_channel_enable)
    i.dma_circulation_disable                0x08000ba4   Section        0  gd32f30x_dma.o(i.dma_circulation_disable)
    i.dma_circulation_enable                 0x08000bd6   Section        0  gd32f30x_dma.o(i.dma_circulation_enable)
    i.dma_config                             0x08000c08   Section        0  bsp_adc.o(i.dma_config)
    i.dma_deinit                             0x08000ca0   Section        0  gd32f30x_dma.o(i.dma_deinit)
    i.dma_flag_get                           0x08000d10   Section        0  gd32f30x_dma.o(i.dma_flag_get)
    i.dma_init                               0x08000d28   Section        0  gd32f30x_dma.o(i.dma_init)
    i.dma_interrupt_disable                  0x08000e56   Section        0  gd32f30x_dma.o(i.dma_interrupt_disable)
    i.dma_interrupt_enable                   0x08000e88   Section        0  gd32f30x_dma.o(i.dma_interrupt_enable)
    i.dma_interrupt_flag_clear               0x08000eba   Section        0  gd32f30x_dma.o(i.dma_interrupt_flag_clear)
    i.dma_interrupt_flag_get                 0x08000eca   Section        0  gd32f30x_dma.o(i.dma_interrupt_flag_get)
    i.dma_periph_and_channel_check           0x08000f4c   Section        0  gd32f30x_dma.o(i.dma_periph_and_channel_check)
    dma_periph_and_channel_check             0x08000f4d   Thumb Code    18  gd32f30x_dma.o(i.dma_periph_and_channel_check)
    i.dma_struct_para_init                   0x08000f64   Section        0  gd32f30x_dma.o(i.dma_struct_para_init)
    i.dma_wiz_write_buf                      0x08000f80   Section        0  w5500_conf.o(i.dma_wiz_write_buf)
    i.do_udp_communicate                     0x08000fe0   Section        0  udp.o(i.do_udp_communicate)
    i.fputc                                  0x08001028   Section        0  main.o(i.fputc)
    i.gd_usart_com_init                      0x0800104c   Section        0  bsp_usart.o(i.gd_usart_com_init)
    i.getGAR                                 0x080010dc   Section        0  w5500.o(i.getGAR)
    i.getIINCHIP_TxMAX                       0x080010ec   Section        0  w5500.o(i.getIINCHIP_TxMAX)
    i.getSIPR                                0x080010fc   Section        0  w5500.o(i.getSIPR)
    i.getSUBR                                0x0800110e   Section        0  w5500.o(i.getSUBR)
    i.getSn_SR                               0x08001120   Section        0  w5500.o(i.getSn_SR)
    i.get_addr                               0x08001134   Section        0  address_setting.o(i.get_addr)
    i.gpio_bit_reset                         0x080011b8   Section        0  gd32f30x_gpio.o(i.gpio_bit_reset)
    i.gpio_bit_set                           0x080011bc   Section        0  gd32f30x_gpio.o(i.gpio_bit_set)
    i.gpio_for_w5500_config                  0x080011c0   Section        0  w5500_conf.o(i.gpio_for_w5500_config)
    i.gpio_init                              0x0800127c   Section        0  gd32f30x_gpio.o(i.gpio_init)
    i.gpio_input_bit_get                     0x08001338   Section        0  gd32f30x_gpio.o(i.gpio_input_bit_get)
    i.gpio_pin_remap_config                  0x08001348   Section        0  gd32f30x_gpio.o(i.gpio_pin_remap_config)
    i.iinchip_csoff                          0x080013d8   Section        0  w5500_conf.o(i.iinchip_csoff)
    i.iinchip_cson                           0x080013e2   Section        0  w5500_conf.o(i.iinchip_cson)
    i.led_init                               0x080013ec   Section        0  bsp_gpio.o(i.led_init)
    i.led_on                                 0x08001414   Section        0  bsp_gpio.o(i.led_on)
    i.main                                   0x08001428   Section        0  main.o(i.main)
    i.nvic_irq_enable                        0x0800151c   Section        0  gd32f30x_misc.o(i.nvic_irq_enable)
    i.nvic_priority_group_set                0x080015e0   Section        0  gd32f30x_misc.o(i.nvic_priority_group_set)
    i.rcu_adc_clock_config                   0x080015f4   Section        0  gd32f30x_rcu.o(i.rcu_adc_clock_config)
    i.rcu_clock_freq_get                     0x08001660   Section        0  gd32f30x_rcu.o(i.rcu_clock_freq_get)
    i.rcu_periph_clock_enable                0x080017b8   Section        0  gd32f30x_rcu.o(i.rcu_periph_clock_enable)
    i.rcu_periph_reset_disable               0x080017d8   Section        0  gd32f30x_rcu.o(i.rcu_periph_reset_disable)
    i.rcu_periph_reset_enable                0x080017f8   Section        0  gd32f30x_rcu.o(i.rcu_periph_reset_enable)
    i.reset_w5500                            0x08001818   Section        0  w5500_conf.o(i.reset_w5500)
    i.send_data_processing                   0x08001840   Section        0  w5500.o(i.send_data_processing)
    i.sendto                                 0x080018d4   Section        0  socket.o(i.sendto)
    i.setGAR                                 0x080019e0   Section        0  w5500.o(i.setGAR)
    i.setSHAR                                0x080019f0   Section        0  w5500.o(i.setSHAR)
    i.setSIPR                                0x08001a02   Section        0  w5500.o(i.setSIPR)
    i.setSUBR                                0x08001a14   Section        0  w5500.o(i.setSUBR)
    i.set_w5500_ip                           0x08001a28   Section        0  w5500_conf.o(i.set_w5500_ip)
    i.set_w5500_mac                          0x08001b70   Section        0  w5500_conf.o(i.set_w5500_mac)
    i.socket                                 0x08001b9c   Section        0  socket.o(i.socket)
    i.socket_buf_init                        0x08001c60   Section        0  w5500.o(i.socket_buf_init)
    i.spi_dma_enable                         0x08001ce8   Section        0  gd32f30x_spi.o(i.spi_dma_enable)
    i.spi_dma_send                           0x08001d00   Section        0  w5500_conf.o(i.spi_dma_send)
    i.spi_enable                             0x08001d40   Section        0  gd32f30x_spi.o(i.spi_enable)
    i.spi_i2s_data_receive                   0x08001d4a   Section        0  gd32f30x_spi.o(i.spi_i2s_data_receive)
    i.spi_i2s_data_transmit                  0x08001d52   Section        0  gd32f30x_spi.o(i.spi_i2s_data_transmit)
    i.spi_i2s_flag_get                       0x08001d56   Section        0  gd32f30x_spi.o(i.spi_i2s_flag_get)
    i.spi_init                               0x08001d66   Section        0  gd32f30x_spi.o(i.spi_init)
    i.system_clock_120m_hxtal                0x08001d98   Section        0  system_gd32f30x.o(i.system_clock_120m_hxtal)
    system_clock_120m_hxtal                  0x08001d99   Thumb Code   258  system_gd32f30x.o(i.system_clock_120m_hxtal)
    i.system_clock_config                    0x08001eac   Section        0  system_gd32f30x.o(i.system_clock_config)
    system_clock_config                      0x08001ead   Thumb Code     8  system_gd32f30x.o(i.system_clock_config)
    i.timer_auto_reload_shadow_enable        0x08001eb4   Section        0  gd32f30x_timer.o(i.timer_auto_reload_shadow_enable)
    i.timer_channel_output_config            0x08001ec0   Section        0  gd32f30x_timer.o(i.timer_channel_output_config)
    i.timer_channel_output_mode_config       0x080020ac   Section        0  gd32f30x_timer.o(i.timer_channel_output_mode_config)
    i.timer_channel_output_pulse_value_config 0x08002106   Section        0  gd32f30x_timer.o(i.timer_channel_output_pulse_value_config)
    i.timer_channel_output_shadow_config     0x0800212c   Section        0  gd32f30x_timer.o(i.timer_channel_output_shadow_config)
    i.timer_channel_output_struct_para_init  0x08002186   Section        0  gd32f30x_timer.o(i.timer_channel_output_struct_para_init)
    i.timer_config                           0x08002198   Section        0  bsp_adc.o(i.timer_config)
    i.timer_deinit                           0x08002218   Section        0  gd32f30x_timer.o(i.timer_deinit)
    i.timer_enable                           0x080022f4   Section        0  gd32f30x_timer.o(i.timer_enable)
    i.timer_init                             0x08002300   Section        0  gd32f30x_timer.o(i.timer_init)
    i.timer_interrupt_enable                 0x08002398   Section        0  gd32f30x_timer.o(i.timer_interrupt_enable)
    i.timer_primary_output_config            0x080023a0   Section        0  gd32f30x_timer.o(i.timer_primary_output_config)
    i.udp_com_init                           0x080023b8   Section        0  udp.o(i.udp_com_init)
    i.usart_baudrate_set                     0x0800248c   Section        0  gd32f30x_usart.o(i.usart_baudrate_set)
    i.usart_data_transmit                    0x0800251c   Section        0  gd32f30x_usart.o(i.usart_data_transmit)
    i.usart_deinit                           0x08002524   Section        0  gd32f30x_usart.o(i.usart_deinit)
    i.usart_enable                           0x080025b4   Section        0  gd32f30x_usart.o(i.usart_enable)
    i.usart_flag_get                         0x080025be   Section        0  gd32f30x_usart.o(i.usart_flag_get)
    i.usart_receive_config                   0x080025dc   Section        0  gd32f30x_usart.o(i.usart_receive_config)
    i.usart_transmit_config                  0x080025ec   Section        0  gd32f30x_usart.o(i.usart_transmit_config)
    i.wiz_cs                                 0x080025fc   Section        0  w5500_conf.o(i.wiz_cs)
    i.wiz_read_buf                           0x08002620   Section        0  w5500_conf.o(i.wiz_read_buf)
    i.wiz_write_buf                          0x08002688   Section        0  w5500_conf.o(i.wiz_write_buf)
    .data                                    0x20000000   Section        4  system_gd32f30x.o(.data)
    .data                                    0x20000004   Section      253  main.o(.data)
    ADDR_PIN                                 0x20000004   Data          32  main.o(.data)
    adc_channels                             0x20000024   Data          64  main.o(.data)
    adc_gpio_port                            0x20000064   Data          64  main.o(.data)
    adc_gpio_pin                             0x200000a4   Data          64  main.o(.data)
    .data                                    0x20000102   Section        4  systick.o(.data)
    .data                                    0x20000108   Section      225  address_setting.o(.data)
    adc_channels                             0x20000108   Data          64  address_setting.o(.data)
    adc_gpio_port                            0x20000148   Data          64  address_setting.o(.data)
    adc_gpio_pin                             0x20000188   Data          64  address_setting.o(.data)
    ADDR_PIN                                 0x200001c8   Data          32  address_setting.o(.data)
    .data                                    0x200001ec   Section       18  bsp_usart.o(.data)
    COM_CLK                                  0x200001ec   Data           2  bsp_usart.o(.data)
    COM_TX_PIN                               0x200001f0   Data           4  bsp_usart.o(.data)
    COM_RX_PIN                               0x200001f4   Data           4  bsp_usart.o(.data)
    COM_GPIO_PORT                            0x200001f8   Data           4  bsp_usart.o(.data)
    COM_GPIO_CLK                             0x200001fc   Data           2  bsp_usart.o(.data)
    .data                                    0x20000200   Section      226  bsp_adc.o(.data)
    ADDR_PIN                                 0x20000200   Data          32  bsp_adc.o(.data)
    adc_channels                             0x20000220   Data          64  bsp_adc.o(.data)
    adc_gpio_port                            0x20000260   Data          64  bsp_adc.o(.data)
    adc_gpio_pin                             0x200002a0   Data          64  bsp_adc.o(.data)
    .data                                    0x200002e2   Section       16  w5500.o(.data)
    .data                                    0x200002f4   Section      264  w5500_conf.o(.data)
    ADDR_PIN                                 0x200002f4   Data          32  w5500_conf.o(.data)
    adc_channels                             0x20000314   Data          64  w5500_conf.o(.data)
    adc_gpio_port                            0x20000354   Data          64  w5500_conf.o(.data)
    adc_gpio_pin                             0x20000394   Data          64  w5500_conf.o(.data)
    .data                                    0x200003fc   Section        4  stdout.o(.data)
    .bss                                     0x20000400   Section    13824  bsp_adc.o(.bss)
    .bss                                     0x20003a00   Section     1046  dhcp.o(.bss)
    .bss                                     0x20003e16   Section       32  w5500.o(.bss)
    .bss                                     0x20003e36   Section      558  w5500_conf.o(.bss)
    STACK                                    0x20004068   Section     1024  startup_gd32f30x_xd.o(STACK)

    Global Symbols

    Symbol Name                              Value     Ov Type        Size  Object(Section)

    BuildAttributes$$THM_ISAv4$E$P$D$K$B$S$7EM$VFPi3$EXTD16$VFPS$VFMA$PE$A:L22UL41UL21$X:L11$S22US41US21$IEEE1$IW$USESV6$~STKCKD$USESV7$~SHL$OSPACE$ROPI$EBA8$MICROLIB$REQ8$PRES8$EABIv2 0x00000000   Number         0  anon$$obj.o ABSOLUTE
    __ARM_use_no_argv                        0x00000000   Number         0  main.o ABSOLUTE
    _printf_a                                0x00000000   Number         0  stubs.o ABSOLUTE
    _printf_c                                0x00000000   Number         0  stubs.o ABSOLUTE
    _printf_charcount                        0x00000000   Number         0  stubs.o ABSOLUTE
    _printf_d                                0x00000000   Number         0  stubs.o ABSOLUTE
    _printf_e                                0x00000000   Number         0  stubs.o ABSOLUTE
    _printf_f                                0x00000000   Number         0  stubs.o ABSOLUTE
    _printf_flags                            0x00000000   Number         0  stubs.o ABSOLUTE
    _printf_fp_dec                           0x00000000   Number         0  stubs.o ABSOLUTE
    _printf_fp_hex                           0x00000000   Number         0  stubs.o ABSOLUTE
    _printf_g                                0x00000000   Number         0  stubs.o ABSOLUTE
    _printf_i                                0x00000000   Number         0  stubs.o ABSOLUTE
    _printf_int_dec                          0x00000000   Number         0  stubs.o ABSOLUTE
    _printf_l                                0x00000000   Number         0  stubs.o ABSOLUTE
    _printf_lc                               0x00000000   Number         0  stubs.o ABSOLUTE
    _printf_ll                               0x00000000   Number         0  stubs.o ABSOLUTE
    _printf_lld                              0x00000000   Number         0  stubs.o ABSOLUTE
    _printf_lli                              0x00000000   Number         0  stubs.o ABSOLUTE
    _printf_llo                              0x00000000   Number         0  stubs.o ABSOLUTE
    _printf_llu                              0x00000000   Number         0  stubs.o ABSOLUTE
    _printf_llx                              0x00000000   Number         0  stubs.o ABSOLUTE
    _printf_longlong_dec                     0x00000000   Number         0  stubs.o ABSOLUTE
    _printf_longlong_hex                     0x00000000   Number         0  stubs.o ABSOLUTE
    _printf_longlong_oct                     0x00000000   Number         0  stubs.o ABSOLUTE
    _printf_ls                               0x00000000   Number         0  stubs.o ABSOLUTE
    _printf_mbtowc                           0x00000000   Number         0  stubs.o ABSOLUTE
    _printf_n                                0x00000000   Number         0  stubs.o ABSOLUTE
    _printf_o                                0x00000000   Number         0  stubs.o ABSOLUTE
    _printf_p                                0x00000000   Number         0  stubs.o ABSOLUTE
    _printf_percent                          0x00000000   Number         0  stubs.o ABSOLUTE
    _printf_pre_padding                      0x00000000   Number         0  stubs.o ABSOLUTE
    _printf_return_value                     0x00000000   Number         0  stubs.o ABSOLUTE
    _printf_s                                0x00000000   Number         0  stubs.o ABSOLUTE
    _printf_sizespec                         0x00000000   Number         0  stubs.o ABSOLUTE
    _printf_str                              0x00000000   Number         0  stubs.o ABSOLUTE
    _printf_truncate_signed                  0x00000000   Number         0  stubs.o ABSOLUTE
    _printf_truncate_unsigned                0x00000000   Number         0  stubs.o ABSOLUTE
    _printf_u                                0x00000000   Number         0  stubs.o ABSOLUTE
    _printf_wc                               0x00000000   Number         0  stubs.o ABSOLUTE
    _printf_wctomb                           0x00000000   Number         0  stubs.o ABSOLUTE
    _printf_widthprec                        0x00000000   Number         0  stubs.o ABSOLUTE
    _printf_x                                0x00000000   Number         0  stubs.o ABSOLUTE
    __cpp_initialize__aeabi_                  - Undefined Weak Reference
    __cxa_finalize                            - Undefined Weak Reference
    _clock_init                               - Undefined Weak Reference
    _microlib_exit                            - Undefined Weak Reference
    __Vectors_Size                           0x00000130   Number         0  startup_gd32f30x_xd.o ABSOLUTE
    __Vectors                                0x08000000   Data           4  startup_gd32f30x_xd.o(RESET)
    __Vectors_End                            0x08000130   Data           0  startup_gd32f30x_xd.o(RESET)
    __main                                   0x08000131   Thumb Code     0  entry.o(.ARM.Collect$$$$00000000)
    _main_stk                                0x08000131   Thumb Code     0  entry2.o(.ARM.Collect$$$$00000001)
    _main_scatterload                        0x08000135   Thumb Code     0  entry5.o(.ARM.Collect$$$$00000004)
    __main_after_scatterload                 0x08000139   Thumb Code     0  entry5.o(.ARM.Collect$$$$00000004)
    _main_clock                              0x08000139   Thumb Code     0  entry7b.o(.ARM.Collect$$$$00000008)
    _main_cpp_init                           0x08000139   Thumb Code     0  entry8b.o(.ARM.Collect$$$$0000000A)
    _main_init                               0x08000139   Thumb Code     0  entry9a.o(.ARM.Collect$$$$0000000B)
    __rt_final_cpp                           0x08000141   Thumb Code     0  entry10a.o(.ARM.Collect$$$$0000000D)
    __rt_final_exit                          0x08000141   Thumb Code     0  entry11a.o(.ARM.Collect$$$$0000000F)
    Reset_Handler                            0x08000145   Thumb Code     8  startup_gd32f30x_xd.o(.text)
    SysTick_Handler                          0x0800015d   Thumb Code     2  startup_gd32f30x_xd.o(.text)
    ADC0_1_IRQHandler                        0x0800015f   Thumb Code     0  startup_gd32f30x_xd.o(.text)
    ADC2_IRQHandler                          0x0800015f   Thumb Code     0  startup_gd32f30x_xd.o(.text)
    CAN0_EWMC_IRQHandler                     0x0800015f   Thumb Code     0  startup_gd32f30x_xd.o(.text)
    CAN0_RX1_IRQHandler                      0x0800015f   Thumb Code     0  startup_gd32f30x_xd.o(.text)
    DMA0_Channel1_IRQHandler                 0x0800015f   Thumb Code     0  startup_gd32f30x_xd.o(.text)
    DMA0_Channel2_IRQHandler                 0x0800015f   Thumb Code     0  startup_gd32f30x_xd.o(.text)
    DMA0_Channel3_IRQHandler                 0x0800015f   Thumb Code     0  startup_gd32f30x_xd.o(.text)
    DMA0_Channel4_IRQHandler                 0x0800015f   Thumb Code     0  startup_gd32f30x_xd.o(.text)
    DMA0_Channel5_IRQHandler                 0x0800015f   Thumb Code     0  startup_gd32f30x_xd.o(.text)
    DMA0_Channel6_IRQHandler                 0x0800015f   Thumb Code     0  startup_gd32f30x_xd.o(.text)
    DMA1_Channel0_IRQHandler                 0x0800015f   Thumb Code     0  startup_gd32f30x_xd.o(.text)
    DMA1_Channel1_IRQHandler                 0x0800015f   Thumb Code     0  startup_gd32f30x_xd.o(.text)
    DMA1_Channel2_IRQHandler                 0x0800015f   Thumb Code     0  startup_gd32f30x_xd.o(.text)
    DMA1_Channel3_4_IRQHandler               0x0800015f   Thumb Code     0  startup_gd32f30x_xd.o(.text)
    EXMC_IRQHandler                          0x0800015f   Thumb Code     0  startup_gd32f30x_xd.o(.text)
    EXTI0_IRQHandler                         0x0800015f   Thumb Code     0  startup_gd32f30x_xd.o(.text)
    EXTI10_15_IRQHandler                     0x0800015f   Thumb Code     0  startup_gd32f30x_xd.o(.text)
    EXTI1_IRQHandler                         0x0800015f   Thumb Code     0  startup_gd32f30x_xd.o(.text)
    EXTI2_IRQHandler                         0x0800015f   Thumb Code     0  startup_gd32f30x_xd.o(.text)
    EXTI3_IRQHandler                         0x0800015f   Thumb Code     0  startup_gd32f30x_xd.o(.text)
    EXTI4_IRQHandler                         0x0800015f   Thumb Code     0  startup_gd32f30x_xd.o(.text)
    EXTI5_9_IRQHandler                       0x0800015f   Thumb Code     0  startup_gd32f30x_xd.o(.text)
    FMC_IRQHandler                           0x0800015f   Thumb Code     0  startup_gd32f30x_xd.o(.text)
    I2C0_ER_IRQHandler                       0x0800015f   Thumb Code     0  startup_gd32f30x_xd.o(.text)
    I2C0_EV_IRQHandler                       0x0800015f   Thumb Code     0  startup_gd32f30x_xd.o(.text)
    I2C1_ER_IRQHandler                       0x0800015f   Thumb Code     0  startup_gd32f30x_xd.o(.text)
    I2C1_EV_IRQHandler                       0x0800015f   Thumb Code     0  startup_gd32f30x_xd.o(.text)
    LVD_IRQHandler                           0x0800015f   Thumb Code     0  startup_gd32f30x_xd.o(.text)
    RCU_CTC_IRQHandler                       0x0800015f   Thumb Code     0  startup_gd32f30x_xd.o(.text)
    RTC_Alarm_IRQHandler                     0x0800015f   Thumb Code     0  startup_gd32f30x_xd.o(.text)
    RTC_IRQHandler                           0x0800015f   Thumb Code     0  startup_gd32f30x_xd.o(.text)
    SDIO_IRQHandler                          0x0800015f   Thumb Code     0  startup_gd32f30x_xd.o(.text)
    SPI0_IRQHandler                          0x0800015f   Thumb Code     0  startup_gd32f30x_xd.o(.text)
    SPI1_IRQHandler                          0x0800015f   Thumb Code     0  startup_gd32f30x_xd.o(.text)
    SPI2_IRQHandler                          0x0800015f   Thumb Code     0  startup_gd32f30x_xd.o(.text)
    TAMPER_IRQHandler                        0x0800015f   Thumb Code     0  startup_gd32f30x_xd.o(.text)
    TIMER0_BRK_TIMER8_IRQHandler             0x0800015f   Thumb Code     0  startup_gd32f30x_xd.o(.text)
    TIMER0_Channel_IRQHandler                0x0800015f   Thumb Code     0  startup_gd32f30x_xd.o(.text)
    TIMER0_TRG_CMT_TIMER10_IRQHandler        0x0800015f   Thumb Code     0  startup_gd32f30x_xd.o(.text)
    TIMER0_UP_TIMER9_IRQHandler              0x0800015f   Thumb Code     0  startup_gd32f30x_xd.o(.text)
    TIMER1_IRQHandler                        0x0800015f   Thumb Code     0  startup_gd32f30x_xd.o(.text)
    TIMER2_IRQHandler                        0x0800015f   Thumb Code     0  startup_gd32f30x_xd.o(.text)
    TIMER4_IRQHandler                        0x0800015f   Thumb Code     0  startup_gd32f30x_xd.o(.text)
    TIMER5_IRQHandler                        0x0800015f   Thumb Code     0  startup_gd32f30x_xd.o(.text)
    TIMER6_IRQHandler                        0x0800015f   Thumb Code     0  startup_gd32f30x_xd.o(.text)
    TIMER7_BRK_TIMER11_IRQHandler            0x0800015f   Thumb Code     0  startup_gd32f30x_xd.o(.text)
    TIMER7_Channel_IRQHandler                0x0800015f   Thumb Code     0  startup_gd32f30x_xd.o(.text)
    TIMER7_TRG_CMT_TIMER13_IRQHandler        0x0800015f   Thumb Code     0  startup_gd32f30x_xd.o(.text)
    TIMER7_UP_TIMER12_IRQHandler             0x0800015f   Thumb Code     0  startup_gd32f30x_xd.o(.text)
    UART3_IRQHandler                         0x0800015f   Thumb Code     0  startup_gd32f30x_xd.o(.text)
    UART4_IRQHandler                         0x0800015f   Thumb Code     0  startup_gd32f30x_xd.o(.text)
    USART0_IRQHandler                        0x0800015f   Thumb Code     0  startup_gd32f30x_xd.o(.text)
    USART1_IRQHandler                        0x0800015f   Thumb Code     0  startup_gd32f30x_xd.o(.text)
    USART2_IRQHandler                        0x0800015f   Thumb Code     0  startup_gd32f30x_xd.o(.text)
    USBD_HP_CAN0_TX_IRQHandler               0x0800015f   Thumb Code     0  startup_gd32f30x_xd.o(.text)
    USBD_LP_CAN0_RX0_IRQHandler              0x0800015f   Thumb Code     0  startup_gd32f30x_xd.o(.text)
    USBD_WKUP_IRQHandler                     0x0800015f   Thumb Code     0  startup_gd32f30x_xd.o(.text)
    WWDGT_IRQHandler                         0x0800015f   Thumb Code     0  startup_gd32f30x_xd.o(.text)
    __aeabi_memcpy                           0x08000169   Thumb Code    36  memcpya.o(.text)
    __aeabi_memcpy4                          0x08000169   Thumb Code     0  memcpya.o(.text)
    __aeabi_memcpy8                          0x08000169   Thumb Code     0  memcpya.o(.text)
    __aeabi_uidiv                            0x0800018d   Thumb Code     0  uidiv.o(.text)
    __aeabi_uidivmod                         0x0800018d   Thumb Code    44  uidiv.o(.text)
    __scatterload                            0x080001b9   Thumb Code    28  init.o(.text)
    __scatterload_rt2                        0x080001b9   Thumb Code     0  init.o(.text)
    __decompress                             0x080001dd   Thumb Code     0  __dclz77c.o(.text)
    __decompress2                            0x080001dd   Thumb Code    94  __dclz77c.o(.text)
    BusFault_Handler                         0x0800023b   Thumb Code     4  gd32f30x_it.o(i.BusFault_Handler)
    DMA0_Channel0_IRQHandler                 0x08000241   Thumb Code    74  bsp_adc.o(i.DMA0_Channel0_IRQHandler)
    DebugMon_Handler                         0x08000295   Thumb Code     2  gd32f30x_it.o(i.DebugMon_Handler)
    Delay_Timer_Init                         0x08000299   Thumb Code   100  systick.o(i.Delay_Timer_Init)
    HardFault_Handler                        0x08000305   Thumb Code     4  gd32f30x_it.o(i.HardFault_Handler)
    IINCHIP_READ                             0x08000309   Thumb Code    50  w5500_conf.o(i.IINCHIP_READ)
    IINCHIP_SpiSendData                      0x0800033b   Thumb Code    12  w5500_conf.o(i.IINCHIP_SpiSendData)
    IINCHIP_WRITE                            0x08000347   Thumb Code    50  w5500_conf.o(i.IINCHIP_WRITE)
    MemManage_Handler                        0x08000379   Thumb Code     4  gd32f30x_it.o(i.MemManage_Handler)
    NMI_Handler                              0x0800037d   Thumb Code     2  gd32f30x_it.o(i.NMI_Handler)
    PendSV_Handler                           0x0800037f   Thumb Code     2  gd32f30x_it.o(i.PendSV_Handler)
    SPI_DMA_config                           0x08000381   Thumb Code   100  w5500_conf.o(i.SPI_DMA_config)
    SPI_SendByte                             0x080003f1   Thumb Code    50  w5500_conf.o(i.SPI_SendByte)
    SVC_Handler                              0x08000429   Thumb Code     2  gd32f30x_it.o(i.SVC_Handler)
    SystemInit                               0x0800042d   Thumb Code   110  system_gd32f30x.o(i.SystemInit)
    TIMER3_IRQHandler                        0x080004a9   Thumb Code    20  systick.o(i.TIMER3_IRQHandler)
    UsageFault_Handler                       0x080004c5   Thumb Code     4  gd32f30x_it.o(i.UsageFault_Handler)
    __0printf$3                              0x080004c9   Thumb Code    22  printf3.o(i.__0printf$3)
    __1printf$3                              0x080004c9   Thumb Code     0  printf3.o(i.__0printf$3)
    __2printf                                0x080004c9   Thumb Code     0  printf3.o(i.__0printf$3)
    __scatterload_copy                       0x080004e9   Thumb Code    14  handlers.o(i.__scatterload_copy)
    __scatterload_null                       0x080004f7   Thumb Code     2  handlers.o(i.__scatterload_null)
    __scatterload_zeroinit                   0x080004f9   Thumb Code    14  handlers.o(i.__scatterload_zeroinit)
    adc_calibration_enable                   0x080006c1   Thumb Code    42  gd32f30x_adc.o(i.adc_calibration_enable)
    adc_channel_length_config                0x080006eb   Thumb Code    70  gd32f30x_adc.o(i.adc_channel_length_config)
    adc_config                               0x08000731   Thumb Code   224  bsp_adc.o(i.adc_config)
    adc_data_alignment_config                0x0800081d   Thumb Code    22  gd32f30x_adc.o(i.adc_data_alignment_config)
    adc_dma_mode_enable                      0x08000833   Thumb Code    10  gd32f30x_adc.o(i.adc_dma_mode_enable)
    adc_enable                               0x0800083d   Thumb Code    18  gd32f30x_adc.o(i.adc_enable)
    adc_external_trigger_config              0x0800084f   Thumb Code    62  gd32f30x_adc.o(i.adc_external_trigger_config)
    adc_external_trigger_source_config       0x0800088d   Thumb Code    48  gd32f30x_adc.o(i.adc_external_trigger_source_config)
    adc_gpio_config                          0x080008bd   Thumb Code    36  bsp_adc.o(i.adc_gpio_config)
    adc_init                                 0x080008e9   Thumb Code    24  bsp_adc.o(i.adc_init)
    adc_mode_config                          0x08000901   Thumb Code    22  gd32f30x_adc.o(i.adc_mode_config)
    adc_rcu_config                           0x0800091d   Thumb Code    42  bsp_adc.o(i.adc_rcu_config)
    adc_regular_channel_config               0x08000947   Thumb Code   172  gd32f30x_adc.o(i.adc_regular_channel_config)
    adc_resolution_config                    0x080009f3   Thumb Code    20  gd32f30x_adc.o(i.adc_resolution_config)
    adc_special_function_config              0x08000a07   Thumb Code    90  gd32f30x_adc.o(i.adc_special_function_config)
    addr_init                                0x08000a61   Thumb Code    66  address_setting.o(i.addr_init)
    close                                    0x08000ab1   Thumb Code    52  socket.o(i.close)
    delay_1ms                                0x08000ae5   Thumb Code    26  systick.o(i.delay_1ms)
    delay_1us                                0x08000b01   Thumb Code    56  systick.o(i.delay_1us)
    dma_channel_disable                      0x08000b41   Thumb Code    50  gd32f30x_dma.o(i.dma_channel_disable)
    dma_channel_enable                       0x08000b73   Thumb Code    50  gd32f30x_dma.o(i.dma_channel_enable)
    dma_circulation_disable                  0x08000ba5   Thumb Code    50  gd32f30x_dma.o(i.dma_circulation_disable)
    dma_circulation_enable                   0x08000bd7   Thumb Code    50  gd32f30x_dma.o(i.dma_circulation_enable)
    dma_config                               0x08000c09   Thumb Code   138  bsp_adc.o(i.dma_config)
    dma_deinit                               0x08000ca1   Thumb Code   112  gd32f30x_dma.o(i.dma_deinit)
    dma_flag_get                             0x08000d11   Thumb Code    24  gd32f30x_dma.o(i.dma_flag_get)
    dma_init                                 0x08000d29   Thumb Code   302  gd32f30x_dma.o(i.dma_init)
    dma_interrupt_disable                    0x08000e57   Thumb Code    50  gd32f30x_dma.o(i.dma_interrupt_disable)
    dma_interrupt_enable                     0x08000e89   Thumb Code    50  gd32f30x_dma.o(i.dma_interrupt_enable)
    dma_interrupt_flag_clear                 0x08000ebb   Thumb Code    16  gd32f30x_dma.o(i.dma_interrupt_flag_clear)
    dma_interrupt_flag_get                   0x08000ecb   Thumb Code   130  gd32f30x_dma.o(i.dma_interrupt_flag_get)
    dma_struct_para_init                     0x08000f65   Thumb Code    28  gd32f30x_dma.o(i.dma_struct_para_init)
    dma_wiz_write_buf                        0x08000f81   Thumb Code    70  w5500_conf.o(i.dma_wiz_write_buf)
    do_udp_communicate                       0x08000fe1   Thumb Code    60  udp.o(i.do_udp_communicate)
    fputc                                    0x08001029   Thumb Code    32  main.o(i.fputc)
    gd_usart_com_init                        0x0800104d   Thumb Code   118  bsp_usart.o(i.gd_usart_com_init)
    getGAR                                   0x080010dd   Thumb Code    16  w5500.o(i.getGAR)
    getIINCHIP_TxMAX                         0x080010ed   Thumb Code    10  w5500.o(i.getIINCHIP_TxMAX)
    getSIPR                                  0x080010fd   Thumb Code    18  w5500.o(i.getSIPR)
    getSUBR                                  0x0800110f   Thumb Code    18  w5500.o(i.getSUBR)
    getSn_SR                                 0x08001121   Thumb Code    18  w5500.o(i.getSn_SR)
    get_addr                                 0x08001135   Thumb Code   118  address_setting.o(i.get_addr)
    gpio_bit_reset                           0x080011b9   Thumb Code     4  gd32f30x_gpio.o(i.gpio_bit_reset)
    gpio_bit_set                             0x080011bd   Thumb Code     4  gd32f30x_gpio.o(i.gpio_bit_set)
    gpio_for_w5500_config                    0x080011c1   Thumb Code   174  w5500_conf.o(i.gpio_for_w5500_config)
    gpio_init                                0x0800127d   Thumb Code   188  gd32f30x_gpio.o(i.gpio_init)
    gpio_input_bit_get                       0x08001339   Thumb Code    16  gd32f30x_gpio.o(i.gpio_input_bit_get)
    gpio_pin_remap_config                    0x08001349   Thumb Code   138  gd32f30x_gpio.o(i.gpio_pin_remap_config)
    iinchip_csoff                            0x080013d9   Thumb Code    10  w5500_conf.o(i.iinchip_csoff)
    iinchip_cson                             0x080013e3   Thumb Code    10  w5500_conf.o(i.iinchip_cson)
    led_init                                 0x080013ed   Thumb Code    34  bsp_gpio.o(i.led_init)
    led_on                                   0x08001415   Thumb Code    14  bsp_gpio.o(i.led_on)
    main                                     0x08001429   Thumb Code   192  main.o(i.main)
    nvic_irq_enable                          0x0800151d   Thumb Code   186  gd32f30x_misc.o(i.nvic_irq_enable)
    nvic_priority_group_set                  0x080015e1   Thumb Code    10  gd32f30x_misc.o(i.nvic_priority_group_set)
    rcu_adc_clock_config                     0x080015f5   Thumb Code    98  gd32f30x_rcu.o(i.rcu_adc_clock_config)
    rcu_clock_freq_get                       0x08001661   Thumb Code   310  gd32f30x_rcu.o(i.rcu_clock_freq_get)
    rcu_periph_clock_enable                  0x080017b9   Thumb Code    28  gd32f30x_rcu.o(i.rcu_periph_clock_enable)
    rcu_periph_reset_disable                 0x080017d9   Thumb Code    28  gd32f30x_rcu.o(i.rcu_periph_reset_disable)
    rcu_periph_reset_enable                  0x080017f9   Thumb Code    28  gd32f30x_rcu.o(i.rcu_periph_reset_enable)
    reset_w5500                              0x08001819   Thumb Code    36  w5500_conf.o(i.reset_w5500)
    send_data_processing                     0x08001841   Thumb Code   116  w5500.o(i.send_data_processing)
    sendto                                   0x080018d5   Thumb Code   268  socket.o(i.sendto)
    setGAR                                   0x080019e1   Thumb Code    16  w5500.o(i.setGAR)
    setSHAR                                  0x080019f1   Thumb Code    18  w5500.o(i.setSHAR)
    setSIPR                                  0x08001a03   Thumb Code    18  w5500.o(i.setSIPR)
    setSUBR                                  0x08001a15   Thumb Code    18  w5500.o(i.setSUBR)
    set_w5500_ip                             0x08001a29   Thumb Code   172  w5500_conf.o(i.set_w5500_ip)
    set_w5500_mac                            0x08001b71   Thumb Code    32  w5500_conf.o(i.set_w5500_mac)
    socket                                   0x08001b9d   Thumb Code   192  socket.o(i.socket)
    socket_buf_init                          0x08001c61   Thumb Code   128  w5500.o(i.socket_buf_init)
    spi_dma_enable                           0x08001ce9   Thumb Code    22  gd32f30x_spi.o(i.spi_dma_enable)
    spi_dma_send                             0x08001d01   Thumb Code    54  w5500_conf.o(i.spi_dma_send)
    spi_enable                               0x08001d41   Thumb Code    10  gd32f30x_spi.o(i.spi_enable)
    spi_i2s_data_receive                     0x08001d4b   Thumb Code     8  gd32f30x_spi.o(i.spi_i2s_data_receive)
    spi_i2s_data_transmit                    0x08001d53   Thumb Code     4  gd32f30x_spi.o(i.spi_i2s_data_transmit)
    spi_i2s_flag_get                         0x08001d57   Thumb Code    16  gd32f30x_spi.o(i.spi_i2s_flag_get)
    spi_init                                 0x08001d67   Thumb Code    50  gd32f30x_spi.o(i.spi_init)
    timer_auto_reload_shadow_enable          0x08001eb5   Thumb Code    10  gd32f30x_timer.o(i.timer_auto_reload_shadow_enable)
    timer_channel_output_config              0x08001ec1   Thumb Code   484  gd32f30x_timer.o(i.timer_channel_output_config)
    timer_channel_output_mode_config         0x080020ad   Thumb Code    90  gd32f30x_timer.o(i.timer_channel_output_mode_config)
    timer_channel_output_pulse_value_config  0x08002107   Thumb Code    38  gd32f30x_timer.o(i.timer_channel_output_pulse_value_config)
    timer_channel_output_shadow_config       0x0800212d   Thumb Code    90  gd32f30x_timer.o(i.timer_channel_output_shadow_config)
    timer_channel_output_struct_para_init    0x08002187   Thumb Code    16  gd32f30x_timer.o(i.timer_channel_output_struct_para_init)
    timer_config                             0x08002199   Thumb Code   124  bsp_adc.o(i.timer_config)
    timer_deinit                             0x08002219   Thumb Code   210  gd32f30x_timer.o(i.timer_deinit)
    timer_enable                             0x080022f5   Thumb Code    10  gd32f30x_timer.o(i.timer_enable)
    timer_init                               0x08002301   Thumb Code   122  gd32f30x_timer.o(i.timer_init)
    timer_interrupt_enable                   0x08002399   Thumb Code     8  gd32f30x_timer.o(i.timer_interrupt_enable)
    timer_primary_output_config              0x080023a1   Thumb Code    24  gd32f30x_timer.o(i.timer_primary_output_config)
    udp_com_init                             0x080023b9   Thumb Code    66  udp.o(i.udp_com_init)
    usart_baudrate_set                       0x0800248d   Thumb Code   136  gd32f30x_usart.o(i.usart_baudrate_set)
    usart_data_transmit                      0x0800251d   Thumb Code     8  gd32f30x_usart.o(i.usart_data_transmit)
    usart_deinit                             0x08002525   Thumb Code   136  gd32f30x_usart.o(i.usart_deinit)
    usart_enable                             0x080025b5   Thumb Code    10  gd32f30x_usart.o(i.usart_enable)
    usart_flag_get                           0x080025bf   Thumb Code    30  gd32f30x_usart.o(i.usart_flag_get)
    usart_receive_config                     0x080025dd   Thumb Code    16  gd32f30x_usart.o(i.usart_receive_config)
    usart_transmit_config                    0x080025ed   Thumb Code    16  gd32f30x_usart.o(i.usart_transmit_config)
    wiz_cs                                   0x080025fd   Thumb Code    30  w5500_conf.o(i.wiz_cs)
    wiz_read_buf                             0x08002621   Thumb Code    78  w5500_conf.o(i.wiz_read_buf)
    wiz_write_buf                            0x08002689   Thumb Code    80  w5500_conf.o(i.wiz_write_buf)
    Region$$Table$$Base                      0x080026f0   Number         0  anon$$obj.o(Region$$Table)
    Region$$Table$$Limit                     0x08002710   Number         0  anon$$obj.o(Region$$Table)
    SystemCoreClock                          0x20000000   Data           4  system_gd32f30x.o(.data)
    address                                  0x200000e4   Data           2  main.o(.data)
    delay_time                               0x200000e6   Data           2  main.o(.data)
    apb1_clk                                 0x200000e8   Data           4  main.o(.data)
    apb2_clk                                 0x200000ec   Data           4  main.o(.data)
    ahb_clk                                  0x200000f0   Data           4  main.o(.data)
    sys_clk                                  0x200000f4   Data           4  main.o(.data)
    ADC0_0                                   0x200000f8   Data           4  main.o(.data)
    ADC0_1                                   0x200000fc   Data           4  main.o(.data)
    finished_flag                            0x20000100   Data           1  main.o(.data)
    us_count                                 0x20000102   Data           2  systick.o(.data)
    dur                                      0x20000104   Data           2  systick.o(.data)
    i                                        0x200001e8   Data           1  address_setting.o(.data)
    adc_dma_flag                             0x200002e0   Data           1  bsp_adc.o(.data)
    temp                                     0x200002e1   Data           1  bsp_adc.o(.data)
    txsize                                   0x200002e2   Data           8  w5500.o(.data)
    rxsize                                   0x200002ea   Data           8  w5500.o(.data)
    mac                                      0x200003d4   Data           6  w5500_conf.o(.data)
    local_ip                                 0x200003da   Data           4  w5500_conf.o(.data)
    subnet                                   0x200003de   Data           4  w5500_conf.o(.data)
    gateway                                  0x200003e2   Data           4  w5500_conf.o(.data)
    dns_server                               0x200003e6   Data           4  w5500_conf.o(.data)
    local_port                               0x200003ea   Data           2  w5500_conf.o(.data)
    remote_ip                                0x200003ec   Data           4  w5500_conf.o(.data)
    remote_port                              0x200003f0   Data           2  w5500_conf.o(.data)
    ip_from                                  0x200003f2   Data           1  w5500_conf.o(.data)
    dhcp_ok                                  0x200003f3   Data           1  w5500_conf.o(.data)
    ms                                       0x200003f4   Data           4  w5500_conf.o(.data)
    dhcp_time                                0x200003f8   Data           4  w5500_conf.o(.data)
    __stdout                                 0x200003fc   Data           4  stdout.o(.data)
    raw_data                                 0x20000400   Data        1024  bsp_adc.o(.bss)
    adc_value                                0x20000800   Data         512  bsp_adc.o(.bss)
    printf_cache                             0x20000a00   Data       12288  bsp_adc.o(.bss)
    DHCP_GET                                 0x20003a00   Data          22  dhcp.o(.bss)
    EXTERN_DHCPBUF                           0x20003a16   Data        1024  dhcp.o(.bss)
    SSIZE                                    0x20003e16   Data          16  w5500.o(.bss)
    RSIZE                                    0x20003e26   Data          16  w5500.o(.bss)
    ConfigMsg                                0x20003e36   Data          28  w5500_conf.o(.bss)
    EEPROM_MSG                               0x20003e52   Data          18  w5500_conf.o(.bss)
    send_buff                                0x20003e64   Data         512  w5500_conf.o(.bss)
    __initial_sp                             0x20004468   Data           0  startup_gd32f30x_xd.o(STACK)



==============================================================================

Memory Map of the image

  Image Entry point : 0x08000131

  Load Region LR_IROM1 (Base: 0x08000000, Size: 0x00002b10, Max: 0x00080000, ABSOLUTE, COMPRESSED[0x000027b8])

    Execution Region ER_IROM1 (Exec base: 0x08000000, Load base: 0x08000000, Size: 0x00002710, Max: 0x00080000, ABSOLUTE)

    Exec Addr    Load Addr    Size         Type   Attr      Idx    E Section Name        Object

    0x08000000   0x08000000   0x00000130   Data   RO          149    RESET               startup_gd32f30x_xd.o
    0x08000130   0x08000130   0x00000000   Code   RO         5385  * .ARM.Collect$$$$00000000  mc_w.l(entry.o)
    0x08000130   0x08000130   0x00000004   Code   RO         5669    .ARM.Collect$$$$00000001  mc_w.l(entry2.o)
    0x08000134   0x08000134   0x00000004   Code   RO         5672    .ARM.Collect$$$$00000004  mc_w.l(entry5.o)
    0x08000138   0x08000138   0x00000000   Code   RO         5674    .ARM.Collect$$$$00000008  mc_w.l(entry7b.o)
    0x08000138   0x08000138   0x00000000   Code   RO         5676    .ARM.Collect$$$$0000000A  mc_w.l(entry8b.o)
    0x08000138   0x08000138   0x00000008   Code   RO         5677    .ARM.Collect$$$$0000000B  mc_w.l(entry9a.o)
    0x08000140   0x08000140   0x00000000   Code   RO         5679    .ARM.Collect$$$$0000000D  mc_w.l(entry10a.o)
    0x08000140   0x08000140   0x00000000   Code   RO         5681    .ARM.Collect$$$$0000000F  mc_w.l(entry11a.o)
    0x08000140   0x08000140   0x00000004   Code   RO         5670    .ARM.Collect$$$$00002712  mc_w.l(entry2.o)
    0x08000144   0x08000144   0x00000024   Code   RO          150    .text               startup_gd32f30x_xd.o
    0x08000168   0x08000168   0x00000024   Code   RO         5388    .text               mc_w.l(memcpya.o)
    0x0800018c   0x0800018c   0x0000002c   Code   RO         5684    .text               mc_w.l(uidiv.o)
    0x080001b8   0x080001b8   0x00000024   Code   RO         5699    .text               mc_w.l(init.o)
    0x080001dc   0x080001dc   0x0000005e   Code   RO         5717    .text               mc_w.l(__dclz77c.o)
    0x0800023a   0x0800023a   0x00000004   Code   RO         4290    i.BusFault_Handler  gd32f30x_it.o
    0x0800023e   0x0800023e   0x00000002   PAD
    0x08000240   0x08000240   0x00000054   Code   RO         4562    i.DMA0_Channel0_IRQHandler  bsp_adc.o
    0x08000294   0x08000294   0x00000002   Code   RO         4291    i.DebugMon_Handler  gd32f30x_it.o
    0x08000296   0x08000296   0x00000002   PAD
    0x08000298   0x08000298   0x0000006c   Code   RO         4230    i.Delay_Timer_Init  systick.o
    0x08000304   0x08000304   0x00000004   Code   RO         4292    i.HardFault_Handler  gd32f30x_it.o
    0x08000308   0x08000308   0x00000032   Code   RO         4977    i.IINCHIP_READ      w5500_conf.o
    0x0800033a   0x0800033a   0x0000000c   Code   RO         4978    i.IINCHIP_SpiSendData  w5500_conf.o
    0x08000346   0x08000346   0x00000032   Code   RO         4980    i.IINCHIP_WRITE     w5500_conf.o
    0x08000378   0x08000378   0x00000004   Code   RO         4293    i.MemManage_Handler  gd32f30x_it.o
    0x0800037c   0x0800037c   0x00000002   Code   RO         4294    i.NMI_Handler       gd32f30x_it.o
    0x0800037e   0x0800037e   0x00000002   Code   RO         4295    i.PendSV_Handler    gd32f30x_it.o
    0x08000380   0x08000380   0x00000070   Code   RO         4981    i.SPI_DMA_config    w5500_conf.o
    0x080003f0   0x080003f0   0x00000038   Code   RO         4983    i.SPI_SendByte      w5500_conf.o
    0x08000428   0x08000428   0x00000002   Code   RO         4296    i.SVC_Handler       gd32f30x_it.o
    0x0800042a   0x0800042a   0x00000002   PAD
    0x0800042c   0x0800042c   0x0000007c   Code   RO            5    i.SystemInit        system_gd32f30x.o
    0x080004a8   0x080004a8   0x0000001c   Code   RO         4231    i.TIMER3_IRQHandler  systick.o
    0x080004c4   0x080004c4   0x00000004   Code   RO         4297    i.UsageFault_Handler  gd32f30x_it.o
    0x080004c8   0x080004c8   0x00000020   Code   RO         5497    i.__0printf$3       mc_w.l(printf3.o)
    0x080004e8   0x080004e8   0x0000000e   Code   RO         5711    i.__scatterload_copy  mc_w.l(handlers.o)
    0x080004f6   0x080004f6   0x00000002   Code   RO         5712    i.__scatterload_null  mc_w.l(handlers.o)
    0x080004f8   0x080004f8   0x0000000e   Code   RO         5713    i.__scatterload_zeroinit  mc_w.l(handlers.o)
    0x08000506   0x08000506   0x00000002   PAD
    0x08000508   0x08000508   0x000001b8   Code   RO         5504    i._printf_core      mc_w.l(printf3.o)
    0x080006c0   0x080006c0   0x0000002a   Code   RO          157    i.adc_calibration_enable  gd32f30x_adc.o
    0x080006ea   0x080006ea   0x00000046   Code   RO          158    i.adc_channel_length_config  gd32f30x_adc.o
    0x08000730   0x08000730   0x000000ec   Code   RO         4563    i.adc_config        bsp_adc.o
    0x0800081c   0x0800081c   0x00000016   Code   RO          159    i.adc_data_alignment_config  gd32f30x_adc.o
    0x08000832   0x08000832   0x0000000a   Code   RO          164    i.adc_dma_mode_enable  gd32f30x_adc.o
    0x0800083c   0x0800083c   0x00000012   Code   RO          165    i.adc_enable        gd32f30x_adc.o
    0x0800084e   0x0800084e   0x0000003e   Code   RO          166    i.adc_external_trigger_config  gd32f30x_adc.o
    0x0800088c   0x0800088c   0x00000030   Code   RO          167    i.adc_external_trigger_source_config  gd32f30x_adc.o
    0x080008bc   0x080008bc   0x0000002c   Code   RO         4564    i.adc_gpio_config   bsp_adc.o
    0x080008e8   0x080008e8   0x00000018   Code   RO         4565    i.adc_init          bsp_adc.o
    0x08000900   0x08000900   0x0000001c   Code   RO          177    i.adc_mode_config   gd32f30x_adc.o
    0x0800091c   0x0800091c   0x0000002a   Code   RO         4566    i.adc_rcu_config    bsp_adc.o
    0x08000946   0x08000946   0x000000ac   Code   RO          181    i.adc_regular_channel_config  gd32f30x_adc.o
    0x080009f2   0x080009f2   0x00000014   Code   RO          183    i.adc_resolution_config  gd32f30x_adc.o
    0x08000a06   0x08000a06   0x0000005a   Code   RO          185    i.adc_special_function_config  gd32f30x_adc.o
    0x08000a60   0x08000a60   0x00000050   Code   RO         4368    i.addr_init         address_setting.o
    0x08000ab0   0x08000ab0   0x00000034   Code   RO         4694    i.close             socket.o
    0x08000ae4   0x08000ae4   0x0000001a   Code   RO         4232    i.delay_1ms         systick.o
    0x08000afe   0x08000afe   0x00000002   PAD
    0x08000b00   0x08000b00   0x00000040   Code   RO         4233    i.delay_1us         systick.o
    0x08000b40   0x08000b40   0x00000032   Code   RO         1154    i.dma_channel_disable  gd32f30x_dma.o
    0x08000b72   0x08000b72   0x00000032   Code   RO         1155    i.dma_channel_enable  gd32f30x_dma.o
    0x08000ba4   0x08000ba4   0x00000032   Code   RO         1156    i.dma_circulation_disable  gd32f30x_dma.o
    0x08000bd6   0x08000bd6   0x00000032   Code   RO         1157    i.dma_circulation_enable  gd32f30x_dma.o
    0x08000c08   0x08000c08   0x00000098   Code   RO         4567    i.dma_config        bsp_adc.o
    0x08000ca0   0x08000ca0   0x00000070   Code   RO         1158    i.dma_deinit        gd32f30x_dma.o
    0x08000d10   0x08000d10   0x00000018   Code   RO         1160    i.dma_flag_get      gd32f30x_dma.o
    0x08000d28   0x08000d28   0x0000012e   Code   RO         1161    i.dma_init          gd32f30x_dma.o
    0x08000e56   0x08000e56   0x00000032   Code   RO         1162    i.dma_interrupt_disable  gd32f30x_dma.o
    0x08000e88   0x08000e88   0x00000032   Code   RO         1163    i.dma_interrupt_enable  gd32f30x_dma.o
    0x08000eba   0x08000eba   0x00000010   Code   RO         1164    i.dma_interrupt_flag_clear  gd32f30x_dma.o
    0x08000eca   0x08000eca   0x00000082   Code   RO         1165    i.dma_interrupt_flag_get  gd32f30x_dma.o
    0x08000f4c   0x08000f4c   0x00000018   Code   RO         1173    i.dma_periph_and_channel_check  gd32f30x_dma.o
    0x08000f64   0x08000f64   0x0000001c   Code   RO         1178    i.dma_struct_para_init  gd32f30x_dma.o
    0x08000f80   0x08000f80   0x00000060   Code   RO         4984    i.dma_wiz_write_buf  w5500_conf.o
    0x08000fe0   0x08000fe0   0x00000048   Code   RO         5280    i.do_udp_communicate  udp.o
    0x08001028   0x08001028   0x00000024   Code   RO         4148    i.fputc             main.o
    0x0800104c   0x0800104c   0x00000090   Code   RO         4437    i.gd_usart_com_init  bsp_usart.o
    0x080010dc   0x080010dc   0x00000010   Code   RO         4784    i.getGAR            w5500.o
    0x080010ec   0x080010ec   0x00000010   Code   RO         4786    i.getIINCHIP_TxMAX  w5500.o
    0x080010fc   0x080010fc   0x00000012   Code   RO         4789    i.getSIPR           w5500.o
    0x0800110e   0x0800110e   0x00000012   Code   RO         4790    i.getSUBR           w5500.o
    0x08001120   0x08001120   0x00000012   Code   RO         4793    i.getSn_SR          w5500.o
    0x08001132   0x08001132   0x00000002   PAD
    0x08001134   0x08001134   0x00000084   Code   RO         4369    i.get_addr          address_setting.o
    0x080011b8   0x080011b8   0x00000004   Code   RO         1892    i.gpio_bit_reset    gd32f30x_gpio.o
    0x080011bc   0x080011bc   0x00000004   Code   RO         1893    i.gpio_bit_set      gd32f30x_gpio.o
    0x080011c0   0x080011c0   0x000000bc   Code   RO         4985    i.gpio_for_w5500_config  w5500_conf.o
    0x0800127c   0x0800127c   0x000000bc   Code   RO         1902    i.gpio_init         gd32f30x_gpio.o
    0x08001338   0x08001338   0x00000010   Code   RO         1903    i.gpio_input_bit_get  gd32f30x_gpio.o
    0x08001348   0x08001348   0x00000090   Code   RO         1908    i.gpio_pin_remap_config  gd32f30x_gpio.o
    0x080013d8   0x080013d8   0x0000000a   Code   RO         4986    i.iinchip_csoff     w5500_conf.o
    0x080013e2   0x080013e2   0x0000000a   Code   RO         4987    i.iinchip_cson      w5500_conf.o
    0x080013ec   0x080013ec   0x00000028   Code   RO         4401    i.led_init          bsp_gpio.o
    0x08001414   0x08001414   0x00000014   Code   RO         4403    i.led_on            bsp_gpio.o
    0x08001428   0x08001428   0x000000f4   Code   RO         4150    i.main              main.o
    0x0800151c   0x0800151c   0x000000c4   Code   RO         2228    i.nvic_irq_enable   gd32f30x_misc.o
    0x080015e0   0x080015e0   0x00000014   Code   RO         2229    i.nvic_priority_group_set  gd32f30x_misc.o
    0x080015f4   0x080015f4   0x0000006c   Code   RO         2426    i.rcu_adc_clock_config  gd32f30x_rcu.o
    0x08001660   0x08001660   0x00000158   Code   RO         2435    i.rcu_clock_freq_get  gd32f30x_rcu.o
    0x080017b8   0x080017b8   0x00000020   Code   RO         2453    i.rcu_periph_clock_enable  gd32f30x_rcu.o
    0x080017d8   0x080017d8   0x00000020   Code   RO         2456    i.rcu_periph_reset_disable  gd32f30x_rcu.o
    0x080017f8   0x080017f8   0x00000020   Code   RO         2457    i.rcu_periph_reset_enable  gd32f30x_rcu.o
    0x08001818   0x08001818   0x00000028   Code   RO         4988    i.reset_w5500       w5500_conf.o
    0x08001840   0x08001840   0x00000094   Code   RO         4798    i.send_data_processing  w5500.o
    0x080018d4   0x080018d4   0x0000010c   Code   RO         4701    i.sendto            socket.o
    0x080019e0   0x080019e0   0x00000010   Code   RO         4799    i.setGAR            w5500.o
    0x080019f0   0x080019f0   0x00000012   Code   RO         4803    i.setSHAR           w5500.o
    0x08001a02   0x08001a02   0x00000012   Code   RO         4804    i.setSIPR           w5500.o
    0x08001a14   0x08001a14   0x00000012   Code   RO         4805    i.setSUBR           w5500.o
    0x08001a26   0x08001a26   0x00000002   PAD
    0x08001a28   0x08001a28   0x00000148   Code   RO         4989    i.set_w5500_ip      w5500_conf.o
    0x08001b70   0x08001b70   0x0000002c   Code   RO         4990    i.set_w5500_mac     w5500_conf.o
    0x08001b9c   0x08001b9c   0x000000c4   Code   RO         4703    i.socket            socket.o
    0x08001c60   0x08001c60   0x00000088   Code   RO         4809    i.socket_buf_init   w5500.o
    0x08001ce8   0x08001ce8   0x00000016   Code   RO         3088    i.spi_dma_enable    gd32f30x_spi.o
    0x08001cfe   0x08001cfe   0x00000002   PAD
    0x08001d00   0x08001d00   0x00000040   Code   RO         4991    i.spi_dma_send      w5500_conf.o
    0x08001d40   0x08001d40   0x0000000a   Code   RO         3089    i.spi_enable        gd32f30x_spi.o
    0x08001d4a   0x08001d4a   0x00000008   Code   RO         3091    i.spi_i2s_data_receive  gd32f30x_spi.o
    0x08001d52   0x08001d52   0x00000004   Code   RO         3092    i.spi_i2s_data_transmit  gd32f30x_spi.o
    0x08001d56   0x08001d56   0x00000010   Code   RO         3094    i.spi_i2s_flag_get  gd32f30x_spi.o
    0x08001d66   0x08001d66   0x00000032   Code   RO         3098    i.spi_init          gd32f30x_spi.o
    0x08001d98   0x08001d98   0x00000114   Code   RO            6    i.system_clock_120m_hxtal  system_gd32f30x.o
    0x08001eac   0x08001eac   0x00000008   Code   RO            7    i.system_clock_config  system_gd32f30x.o
    0x08001eb4   0x08001eb4   0x0000000a   Code   RO         3327    i.timer_auto_reload_shadow_enable  gd32f30x_timer.o
    0x08001ebe   0x08001ebe   0x00000002   PAD
    0x08001ec0   0x08001ec0   0x000001ec   Code   RO         3344    i.timer_channel_output_config  gd32f30x_timer.o
    0x080020ac   0x080020ac   0x0000005a   Code   RO         3346    i.timer_channel_output_mode_config  gd32f30x_timer.o
    0x08002106   0x08002106   0x00000026   Code   RO         3348    i.timer_channel_output_pulse_value_config  gd32f30x_timer.o
    0x0800212c   0x0800212c   0x0000005a   Code   RO         3349    i.timer_channel_output_shadow_config  gd32f30x_timer.o
    0x08002186   0x08002186   0x00000010   Code   RO         3351    i.timer_channel_output_struct_para_init  gd32f30x_timer.o
    0x08002196   0x08002196   0x00000002   PAD
    0x08002198   0x08002198   0x00000080   Code   RO         4568    i.timer_config      bsp_adc.o
    0x08002218   0x08002218   0x000000dc   Code   RO         3357    i.timer_deinit      gd32f30x_timer.o
    0x080022f4   0x080022f4   0x0000000a   Code   RO         3362    i.timer_enable      gd32f30x_timer.o
    0x080022fe   0x080022fe   0x00000002   PAD
    0x08002300   0x08002300   0x00000098   Code   RO         3372    i.timer_init        gd32f30x_timer.o
    0x08002398   0x08002398   0x00000008   Code   RO         3379    i.timer_interrupt_enable  gd32f30x_timer.o
    0x080023a0   0x080023a0   0x00000018   Code   RO         3387    i.timer_primary_output_config  gd32f30x_timer.o
    0x080023b8   0x080023b8   0x000000d4   Code   RO         5282    i.udp_com_init      udp.o
    0x0800248c   0x0800248c   0x00000090   Code   RO         3771    i.usart_baudrate_set  gd32f30x_usart.o
    0x0800251c   0x0800251c   0x00000008   Code   RO         3775    i.usart_data_transmit  gd32f30x_usart.o
    0x08002524   0x08002524   0x00000090   Code   RO         3776    i.usart_deinit      gd32f30x_usart.o
    0x080025b4   0x080025b4   0x0000000a   Code   RO         3780    i.usart_enable      gd32f30x_usart.o
    0x080025be   0x080025be   0x0000001e   Code   RO         3782    i.usart_flag_get    gd32f30x_usart.o
    0x080025dc   0x080025dc   0x00000010   Code   RO         3804    i.usart_receive_config  gd32f30x_usart.o
    0x080025ec   0x080025ec   0x00000010   Code   RO         3818    i.usart_transmit_config  gd32f30x_usart.o
    0x080025fc   0x080025fc   0x00000024   Code   RO         4992    i.wiz_cs            w5500_conf.o
    0x08002620   0x08002620   0x00000068   Code   RO         4993    i.wiz_read_buf      w5500_conf.o
    0x08002688   0x08002688   0x00000068   Code   RO         4994    i.wiz_write_buf     w5500_conf.o
    0x080026f0   0x080026f0   0x00000020   Data   RO         5709    Region$$Table       anon$$obj.o


    Execution Region RW_IRAM1 (Exec base: 0x20000000, Load base: 0x08002710, Size: 0x00004468, Max: 0x00010000, ABSOLUTE, COMPRESSED[0x000000a8])

    Exec Addr    Load Addr    Size         Type   Attr      Idx    E Section Name        Object

    0x20000000   COMPRESSED   0x00000004   Data   RW            8    .data               system_gd32f30x.o
    0x20000004   COMPRESSED   0x000000fd   Data   RW         4151    .data               main.o
    0x20000101   COMPRESSED   0x00000001   PAD
    0x20000102   COMPRESSED   0x00000004   Data   RW         4236    .data               systick.o
    0x20000106   COMPRESSED   0x00000002   PAD
    0x20000108   COMPRESSED   0x000000e1   Data   RW         4370    .data               address_setting.o
    0x200001e9   COMPRESSED   0x00000003   PAD
    0x200001ec   COMPRESSED   0x00000012   Data   RW         4438    .data               bsp_usart.o
    0x200001fe   COMPRESSED   0x00000002   PAD
    0x20000200   COMPRESSED   0x000000e2   Data   RW         4570    .data               bsp_adc.o
    0x200002e2   COMPRESSED   0x00000010   Data   RW         4811    .data               w5500.o
    0x200002f2   COMPRESSED   0x00000002   PAD
    0x200002f4   COMPRESSED   0x00000108   Data   RW         4997    .data               w5500_conf.o
    0x200003fc   COMPRESSED   0x00000004   Data   RW         5683    .data               mc_w.l(stdout.o)
    0x20000400        -       0x00003600   Zero   RW         4569    .bss                bsp_adc.o
    0x20003a00        -       0x00000416   Zero   RW         4650    .bss                dhcp.o
    0x20003e16        -       0x00000020   Zero   RW         4810    .bss                w5500.o
    0x20003e36        -       0x0000022e   Zero   RW         4996    .bss                w5500_conf.o
    0x20004064   COMPRESSED   0x00000004   PAD
    0x20004068        -       0x00000400   Zero   RW          147    STACK               startup_gd32f30x_xd.o


==============================================================================

Image component sizes


      Code (inc. data)   RO Data    RW Data    ZI Data      Debug   Object Name

       212         28          0        225          0       1447   address_setting.o
       710         48          0        226      13824       5558   bsp_adc.o
        60         12          0          0          0        964   bsp_gpio.o
       144         26          0         18          0       1332   bsp_usart.o
         0          0          0          0       1046       5122   dhcp.o
       582          6          0          0          0       7156   gd32f30x_adc.o
       936          6          0          0          0       9343   gd32f30x_dma.o
       356          6          0          0          0       3569   gd32f30x_gpio.o
        24          0          0          0          0       3832   gd32f30x_it.o
       216         20          0          0          0       1432   gd32f30x_misc.o
       548         68          0          0          0       3627   gd32f30x_rcu.o
       110          0          0          0          0       4247   gd32f30x_spi.o
      1150         48          0          0          0       7676   gd32f30x_timer.o
       368         16          0          0          0       4493   gd32f30x_usart.o
       280         56          0        253          0       5592   main.o
       516          4          0          0          0       2694   socket.o
        36          8        304          0       1024        848   startup_gd32f30x_xd.o
       408         32          0          4          0      60043   system_gd32f30x.o
       226         24          0          4          0       2350   systick.o
       284        158          0          0          0       1771   udp.o
       440         46          0         16         32       7907   w5500.o
      1304        296          0        264        558      12808   w5500_conf.o

    ----------------------------------------------------------------------
      8930        908        336       1020      16488     153811   Object Totals
         0          0         32          0          0          0   (incl. Generated)
        20          0          0         10          4          0   (incl. Padding)

    ----------------------------------------------------------------------

      Code (inc. data)   RO Data    RW Data    ZI Data      Debug   Library Member Name

        94          0          0          0          0          0   __dclz77c.o
         0          0          0          0          0          0   entry.o
         0          0          0          0          0          0   entry10a.o
         0          0          0          0          0          0   entry11a.o
         8          4          0          0          0          0   entry2.o
         4          0          0          0          0          0   entry5.o
         0          0          0          0          0          0   entry7b.o
         0          0          0          0          0          0   entry8b.o
         8          4          0          0          0          0   entry9a.o
        30          0          0          0          0          0   handlers.o
        36          8          0          0          0         68   init.o
        36          0          0          0          0         68   memcpya.o
       472         14          0          0          0        184   printf3.o
         0          0          0          4          0          0   stdout.o
        44          0          0          0          0         80   uidiv.o

    ----------------------------------------------------------------------
       734         30          0          4          0        400   Library Totals
         2          0          0          0          0          0   (incl. Padding)

    ----------------------------------------------------------------------

      Code (inc. data)   RO Data    RW Data    ZI Data      Debug   Library Name

       732         30          0          4          0        400   mc_w.l

    ----------------------------------------------------------------------
       734         30          0          4          0        400   Library Totals

    ----------------------------------------------------------------------

==============================================================================


      Code (inc. data)   RO Data    RW Data    ZI Data      Debug   

      9664        938        336       1024      16488     142791   Grand Totals
      9664        938        336        168      16488     142791   ELF Image Totals (compressed)
      9664        938        336        168          0          0   ROM Totals

==============================================================================

    Total RO  Size (Code + RO Data)                10000 (   9.77kB)
    Total RW  Size (RW Data + ZI Data)             17512 (  17.10kB)
    Total ROM Size (Code + RO Data + RW Data)      10168 (   9.93kB)

==============================================================================

